<?xml version="1.0"?>
<link_info>
   <banner>TMS320C55x Linker PC v4.4.1</banner>
   <copyright>Copyright (c) 1996-2012 Texas Instruments Incorporated</copyright>
   <link_time>0x56c640b3</link_time>
   <output_file>CCS_improved_loopback_eZdsp05.out</output_file>
   <entry_point>
      <name>_c_int00</name>
      <address>0x15146</address>
   </entry_point>
   <input_file_list>
      <input_file id="fl-2">
         <path>.\</path>
         <kind>object</kind>
         <file>usbstk5505_led.obj</file>
         <name>usbstk5505_led.obj</name>
      </input_file>
      <input_file id="fl-3">
         <path>.\</path>
         <kind>object</kind>
         <file>usbstk5505_i2c.obj</file>
         <name>usbstk5505_i2c.obj</name>
      </input_file>
      <input_file id="fl-4">
         <path>.\</path>
         <kind>object</kind>
         <file>usbstk5505_gpio.obj</file>
         <name>usbstk5505_gpio.obj</name>
      </input_file>
      <input_file id="fl-5">
         <path>.\</path>
         <kind>object</kind>
         <file>usbstk5505.obj</file>
         <name>usbstk5505.obj</name>
      </input_file>
      <input_file id="fl-6">
         <path>.\</path>
         <kind>object</kind>
         <file>stereo.obj</file>
         <name>stereo.obj</name>
      </input_file>
      <input_file id="fl-7">
         <path>.\</path>
         <kind>object</kind>
         <file>main.obj</file>
         <name>main.obj</name>
      </input_file>
      <input_file id="fl-8">
         <path>.\</path>
         <kind>object</kind>
         <file>aic3204_init.obj</file>
         <name>aic3204_init.obj</name>
      </input_file>
      <input_file id="fl-9">
         <path>.\</path>
         <kind>object</kind>
         <file>aic3204.obj</file>
         <name>aic3204.obj</name>
      </input_file>
      <input_file id="fl-a">
         <path>.\</path>
         <kind>object</kind>
         <file>PLL.obj</file>
         <name>PLL.obj</name>
      </input_file>
      <input_file id="fl-b">
         <path>.\</path>
         <kind>object</kind>
         <file>LEDFlasher.obj</file>
         <name>LEDFlasher.obj</name>
      </input_file>
      <input_file id="fl-11">
         <path>..\lib\</path>
         <kind>archive</kind>
         <file>CSLc55x5h.lib</file>
         <name>csl_pll.obj</name>
      </input_file>
      <input_file id="fl-25">
         <path>C:\ti\ccsv5\tools\compiler\c5500_4.4.1\lib\</path>
         <kind>archive</kind>
         <file>rts55h.lib</file>
         <name>boot.obj</name>
      </input_file>
      <input_file id="fl-26">
         <path>C:\ti\ccsv5\tools\compiler\c5500_4.4.1\lib\</path>
         <kind>archive</kind>
         <file>rts55h.lib</file>
         <name>exit.obj</name>
      </input_file>
      <input_file id="fl-27">
         <path>C:\ti\ccsv5\tools\compiler\c5500_4.4.1\lib\</path>
         <kind>archive</kind>
         <file>rts55h.lib</file>
         <name>fputs.obj</name>
      </input_file>
      <input_file id="fl-28">
         <path>C:\ti\ccsv5\tools\compiler\c5500_4.4.1\lib\</path>
         <kind>archive</kind>
         <file>rts55h.lib</file>
         <name>lmpy.obj</name>
      </input_file>
      <input_file id="fl-29">
         <path>C:\ti\ccsv5\tools\compiler\c5500_4.4.1\lib\</path>
         <kind>archive</kind>
         <file>rts55h.lib</file>
         <name>lowlev.obj</name>
      </input_file>
      <input_file id="fl-2a">
         <path>C:\ti\ccsv5\tools\compiler\c5500_4.4.1\lib\</path>
         <kind>archive</kind>
         <file>rts55h.lib</file>
         <name>memcpy.obj</name>
      </input_file>
      <input_file id="fl-2b">
         <path>C:\ti\ccsv5\tools\compiler\c5500_4.4.1\lib\</path>
         <kind>archive</kind>
         <file>rts55h.lib</file>
         <name>printf.obj</name>
      </input_file>
      <input_file id="fl-2c">
         <path>C:\ti\ccsv5\tools\compiler\c5500_4.4.1\lib\</path>
         <kind>archive</kind>
         <file>rts55h.lib</file>
         <name>trgdrv.obj</name>
      </input_file>
      <input_file id="fl-2d">
         <path>C:\ti\ccsv5\tools\compiler\c5500_4.4.1\lib\</path>
         <kind>archive</kind>
         <file>rts55h.lib</file>
         <name>trgmsg.obj</name>
      </input_file>
      <input_file id="fl-2e">
         <path>C:\ti\ccsv5\tools\compiler\c5500_4.4.1\lib\</path>
         <kind>archive</kind>
         <file>rts55h.lib</file>
         <name>udiv.obj</name>
      </input_file>
      <input_file id="fl-2f">
         <path>C:\ti\ccsv5\tools\compiler\c5500_4.4.1\lib\</path>
         <kind>archive</kind>
         <file>rts55h.lib</file>
         <name>vectors.obj</name>
      </input_file>
      <input_file id="fl-30">
         <path>C:\ti\ccsv5\tools\compiler\c5500_4.4.1\lib\</path>
         <kind>archive</kind>
         <file>rts55h.lib</file>
         <name>_io_perm.obj</name>
      </input_file>
      <input_file id="fl-31">
         <path>C:\ti\ccsv5\tools\compiler\c5500_4.4.1\lib\</path>
         <kind>archive</kind>
         <file>rts55h.lib</file>
         <name>_lock.obj</name>
      </input_file>
      <input_file id="fl-32">
         <path>C:\ti\ccsv5\tools\compiler\c5500_4.4.1\lib\</path>
         <kind>archive</kind>
         <file>rts55h.lib</file>
         <name>_printfi.obj</name>
      </input_file>
      <input_file id="fl-33">
         <path>C:\ti\ccsv5\tools\compiler\c5500_4.4.1\lib\</path>
         <kind>archive</kind>
         <file>rts55h.lib</file>
         <name>args_main.obj</name>
      </input_file>
      <input_file id="fl-34">
         <path>C:\ti\ccsv5\tools\compiler\c5500_4.4.1\lib\</path>
         <kind>archive</kind>
         <file>rts55h.lib</file>
         <name>atoi.obj</name>
      </input_file>
      <input_file id="fl-35">
         <path>C:\ti\ccsv5\tools\compiler\c5500_4.4.1\lib\</path>
         <kind>archive</kind>
         <file>rts55h.lib</file>
         <name>autoinit.obj</name>
      </input_file>
      <input_file id="fl-36">
         <path>C:\ti\ccsv5\tools\compiler\c5500_4.4.1\lib\</path>
         <kind>archive</kind>
         <file>rts55h.lib</file>
         <name>cmpd.obj</name>
      </input_file>
      <input_file id="fl-37">
         <path>C:\ti\ccsv5\tools\compiler\c5500_4.4.1\lib\</path>
         <kind>archive</kind>
         <file>rts55h.lib</file>
         <name>ctype.obj</name>
      </input_file>
      <input_file id="fl-38">
         <path>C:\ti\ccsv5\tools\compiler\c5500_4.4.1\lib\</path>
         <kind>archive</kind>
         <file>rts55h.lib</file>
         <name>defs.obj</name>
      </input_file>
      <input_file id="fl-39">
         <path>C:\ti\ccsv5\tools\compiler\c5500_4.4.1\lib\</path>
         <kind>archive</kind>
         <file>rts55h.lib</file>
         <name>divd.obj</name>
      </input_file>
      <input_file id="fl-3a">
         <path>C:\ti\ccsv5\tools\compiler\c5500_4.4.1\lib\</path>
         <kind>archive</kind>
         <file>rts55h.lib</file>
         <name>divul.obj</name>
      </input_file>
      <input_file id="fl-3b">
         <path>C:\ti\ccsv5\tools\compiler\c5500_4.4.1\lib\</path>
         <kind>archive</kind>
         <file>rts55h.lib</file>
         <name>fflush.obj</name>
      </input_file>
      <input_file id="fl-3c">
         <path>C:\ti\ccsv5\tools\compiler\c5500_4.4.1\lib\</path>
         <kind>archive</kind>
         <file>rts55h.lib</file>
         <name>fixdi.obj</name>
      </input_file>
      <input_file id="fl-3d">
         <path>C:\ti\ccsv5\tools\compiler\c5500_4.4.1\lib\</path>
         <kind>archive</kind>
         <file>rts55h.lib</file>
         <name>fixdli.obj</name>
      </input_file>
      <input_file id="fl-3e">
         <path>C:\ti\ccsv5\tools\compiler\c5500_4.4.1\lib\</path>
         <kind>archive</kind>
         <file>rts55h.lib</file>
         <name>fltlid.obj</name>
      </input_file>
      <input_file id="fl-3f">
         <path>C:\ti\ccsv5\tools\compiler\c5500_4.4.1\lib\</path>
         <kind>archive</kind>
         <file>rts55h.lib</file>
         <name>fputc.obj</name>
      </input_file>
      <input_file id="fl-40">
         <path>C:\ti\ccsv5\tools\compiler\c5500_4.4.1\lib\</path>
         <kind>archive</kind>
         <file>rts55h.lib</file>
         <name>frcmpyd_div.obj</name>
      </input_file>
      <input_file id="fl-41">
         <path>C:\ti\ccsv5\tools\compiler\c5500_4.4.1\lib\</path>
         <kind>archive</kind>
         <file>rts55h.lib</file>
         <name>fseek.obj</name>
      </input_file>
      <input_file id="fl-42">
         <path>C:\ti\ccsv5\tools\compiler\c5500_4.4.1\lib\</path>
         <kind>archive</kind>
         <file>rts55h.lib</file>
         <name>isinf.obj</name>
      </input_file>
      <input_file id="fl-43">
         <path>C:\ti\ccsv5\tools\compiler\c5500_4.4.1\lib\</path>
         <kind>archive</kind>
         <file>rts55h.lib</file>
         <name>llmpy.obj</name>
      </input_file>
      <input_file id="fl-44">
         <path>C:\ti\ccsv5\tools\compiler\c5500_4.4.1\lib\</path>
         <kind>archive</kind>
         <file>rts55h.lib</file>
         <name>ltoa.obj</name>
      </input_file>
      <input_file id="fl-45">
         <path>C:\ti\ccsv5\tools\compiler\c5500_4.4.1\lib\</path>
         <kind>archive</kind>
         <file>rts55h.lib</file>
         <name>memccpy.obj</name>
      </input_file>
      <input_file id="fl-46">
         <path>C:\ti\ccsv5\tools\compiler\c5500_4.4.1\lib\</path>
         <kind>archive</kind>
         <file>rts55h.lib</file>
         <name>mpyd.obj</name>
      </input_file>
      <input_file id="fl-47">
         <path>C:\ti\ccsv5\tools\compiler\c5500_4.4.1\lib\</path>
         <kind>archive</kind>
         <file>rts55h.lib</file>
         <name>negd.obj</name>
      </input_file>
      <input_file id="fl-48">
         <path>C:\ti\ccsv5\tools\compiler\c5500_4.4.1\lib\</path>
         <kind>archive</kind>
         <file>rts55h.lib</file>
         <name>remli.obj</name>
      </input_file>
      <input_file id="fl-49">
         <path>C:\ti\ccsv5\tools\compiler\c5500_4.4.1\lib\</path>
         <kind>archive</kind>
         <file>rts55h.lib</file>
         <name>remul.obj</name>
      </input_file>
      <input_file id="fl-4a">
         <path>C:\ti\ccsv5\tools\compiler\c5500_4.4.1\lib\</path>
         <kind>archive</kind>
         <file>rts55h.lib</file>
         <name>setvbuf.obj</name>
      </input_file>
      <input_file id="fl-4b">
         <path>C:\ti\ccsv5\tools\compiler\c5500_4.4.1\lib\</path>
         <kind>archive</kind>
         <file>rts55h.lib</file>
         <name>subd.obj</name>
      </input_file>
      <input_file id="fl-4c">
         <path>C:\ti\ccsv5\tools\compiler\c5500_4.4.1\lib\</path>
         <kind>archive</kind>
         <file>rts55h.lib</file>
         <name>addd.obj</name>
      </input_file>
      <input_file id="fl-4d">
         <path>C:\ti\ccsv5\tools\compiler\c5500_4.4.1\lib\</path>
         <kind>archive</kind>
         <file>rts55h.lib</file>
         <name>divli.obj</name>
      </input_file>
      <input_file id="fl-4e">
         <path>C:\ti\ccsv5\tools\compiler\c5500_4.4.1\lib\</path>
         <kind>archive</kind>
         <file>rts55h.lib</file>
         <name>fopen.obj</name>
      </input_file>
      <input_file id="fl-4f">
         <path>C:\ti\ccsv5\tools\compiler\c5500_4.4.1\lib\</path>
         <kind>archive</kind>
         <file>rts55h.lib</file>
         <name>frcmpyd.obj</name>
      </input_file>
      <input_file id="fl-50">
         <path>C:\ti\ccsv5\tools\compiler\c5500_4.4.1\lib\</path>
         <kind>archive</kind>
         <file>rts55h.lib</file>
         <name>memory.obj</name>
      </input_file>
      <input_file id="fl-51">
         <path>C:\ti\ccsv5\tools\compiler\c5500_4.4.1\lib\</path>
         <kind>archive</kind>
         <file>rts55h.lib</file>
         <name>fclose.obj</name>
      </input_file>
      <input_file id="fl-52">
         <path>C:\ti\ccsv5\tools\compiler\c5500_4.4.1\lib\</path>
         <kind>archive</kind>
         <file>rts55h.lib</file>
         <name>remove.obj</name>
      </input_file>
   </input_file_list>
   <object_component_list>
      <object_component id="oc-16">
         <name>vectors</name>
         <load_address>0xffff00</load_address>
         <run_address>0xffff00</run_address>
         <size>0x100</size>
         <input_file_ref idref="fl-2f"/>
      </object_component>
      <object_component id="oc-49">
         <name>.cinit</name>
         <load_address>0x6518</load_address>
         <run_address>0x6518</run_address>
         <size>0x8c</size>
         <input_file_ref idref="fl-a"/>
      </object_component>
      <object_component id="oc-71">
         <name>.cinit</name>
         <load_address>0x65a4</load_address>
         <run_address>0x65a4</run_address>
         <size>0x5a</size>
         <input_file_ref idref="fl-29"/>
      </object_component>
      <object_component id="oc-b3">
         <name>.cinit</name>
         <load_address>0x65fe</load_address>
         <run_address>0x65fe</run_address>
         <size>0x54</size>
         <input_file_ref idref="fl-38"/>
      </object_component>
      <object_component id="oc-51">
         <name>.cinit</name>
         <load_address>0x6652</load_address>
         <run_address>0x6652</run_address>
         <size>0x48</size>
         <input_file_ref idref="fl-b"/>
      </object_component>
      <object_component id="oc-35">
         <name>.cinit</name>
         <load_address>0x669a</load_address>
         <run_address>0x669a</run_address>
         <size>0x24</size>
         <input_file_ref idref="fl-7"/>
      </object_component>
      <object_component id="oc-96">
         <name>.cinit</name>
         <load_address>0x66be</load_address>
         <run_address>0x66be</run_address>
         <size>0x14</size>
         <input_file_ref idref="fl-31"/>
      </object_component>
      <object_component id="oc-61">
         <name>.cinit</name>
         <load_address>0x66d2</load_address>
         <run_address>0x66d2</run_address>
         <size>0x14</size>
         <input_file_ref idref="fl-26"/>
      </object_component>
      <object_component id="oc-10d">
         <name>.cinit</name>
         <load_address>0x66e6</load_address>
         <run_address>0x66e6</run_address>
         <size>0x8</size>
         <input_file_ref idref="fl-4e"/>
      </object_component>
      <object_component id="oc-117">
         <name>.cinit</name>
         <load_address>0x66ee</load_address>
         <run_address>0x66ee</run_address>
         <size>0x8</size>
         <input_file_ref idref="fl-50"/>
      </object_component>
      <object_component id="oc-1f">
         <name>.cinit</name>
         <load_address>0x66f6</load_address>
         <run_address>0x66f6</run_address>
         <size>0x8</size>
         <input_file_ref idref="fl-3"/>
      </object_component>
      <object_component id="oc-99">
         <name>.text</name>
         <load_address>0x10000</load_address>
         <run_address>0x10000</run_address>
         <size>0x1533</size>
         <input_file_ref idref="fl-32"/>
      </object_component>
      <object_component id="oc-7c">
         <name>.text</name>
         <load_address>0x11533</load_address>
         <run_address>0x11533</run_address>
         <size>0x538</size>
         <input_file_ref idref="fl-2c"/>
      </object_component>
      <object_component id="oc-114">
         <name>.text</name>
         <load_address>0x11a6b</load_address>
         <run_address>0x11a6b</run_address>
         <size>0x533</size>
         <input_file_ref idref="fl-50"/>
      </object_component>
      <object_component id="oc-3a">
         <name>.text</name>
         <load_address>0x11f9e</load_address>
         <run_address>0x11f9e</run_address>
         <size>0x522</size>
         <input_file_ref idref="fl-8"/>
      </object_component>
      <object_component id="oc-6e">
         <name>.text</name>
         <load_address>0x124c0</load_address>
         <run_address>0x124c0</run_address>
         <size>0x518</size>
         <input_file_ref idref="fl-29"/>
      </object_component>
      <object_component id="oc-b5">
         <name>.text</name>
         <load_address>0x129d8</load_address>
         <run_address>0x129d8</run_address>
         <size>0x3c7</size>
         <input_file_ref idref="fl-39"/>
      </object_component>
      <object_component id="oc-46">
         <name>.text</name>
         <load_address>0x12d9f</load_address>
         <run_address>0x12d9f</run_address>
         <size>0x340</size>
         <input_file_ref idref="fl-a"/>
      </object_component>
      <object_component id="oc-55">
         <name>.text</name>
         <load_address>0x130df</load_address>
         <run_address>0x130df</run_address>
         <size>0x2ad</size>
         <input_file_ref idref="fl-11"/>
      </object_component>
      <object_component id="oc-10a">
         <name>.text</name>
         <load_address>0x1338c</load_address>
         <run_address>0x1338c</run_address>
         <size>0x26c</size>
         <input_file_ref idref="fl-4e"/>
      </object_component>
      <object_component id="oc-de">
         <name>.text</name>
         <load_address>0x135f8</load_address>
         <run_address>0x135f8</run_address>
         <size>0x25c</size>
         <input_file_ref idref="fl-43"/>
      </object_component>
      <object_component id="oc-102">
         <name>.text</name>
         <load_address>0x13854</load_address>
         <run_address>0x13854</run_address>
         <size>0x257</size>
         <input_file_ref idref="fl-4c"/>
      </object_component>
      <object_component id="oc-ab">
         <name>.text</name>
         <load_address>0x13aab</load_address>
         <run_address>0x13aab</run_address>
         <size>0x1ea</size>
         <input_file_ref idref="fl-36"/>
      </object_component>
      <object_component id="oc-32">
         <name>.text</name>
         <load_address>0x13c95</load_address>
         <run_address>0x13c95</run_address>
         <size>0x188</size>
         <input_file_ref idref="fl-7"/>
      </object_component>
      <object_component id="oc-65">
         <name>.text</name>
         <load_address>0x13e1d</load_address>
         <run_address>0x13e1d</run_address>
         <size>0x17b</size>
         <input_file_ref idref="fl-27"/>
      </object_component>
      <object_component id="oc-4e">
         <name>.text</name>
         <load_address>0x13f98</load_address>
         <run_address>0x13f98</run_address>
         <size>0x16b</size>
         <input_file_ref idref="fl-b"/>
      </object_component>
      <object_component id="oc-23">
         <name>.text</name>
         <load_address>0x14103</load_address>
         <run_address>0x14103</run_address>
         <size>0x164</size>
         <input_file_ref idref="fl-4"/>
      </object_component>
      <object_component id="oc-ea">
         <name>.text</name>
         <load_address>0x14267</load_address>
         <run_address>0x14267</run_address>
         <size>0x14b</size>
         <input_file_ref idref="fl-46"/>
      </object_component>
      <object_component id="oc-40">
         <name>.text</name>
         <load_address>0x143b2</load_address>
         <run_address>0x143b2</run_address>
         <size>0x13b</size>
         <input_file_ref idref="fl-9"/>
      </object_component>
      <object_component id="oc-1c">
         <name>.text</name>
         <load_address>0x144ed</load_address>
         <run_address>0x144ed</run_address>
         <size>0x12a</size>
         <input_file_ref idref="fl-3"/>
      </object_component>
      <object_component id="oc-fa">
         <name>.text</name>
         <load_address>0x14617</load_address>
         <run_address>0x14617</run_address>
         <size>0xf3</size>
         <input_file_ref idref="fl-4a"/>
      </object_component>
      <object_component id="oc-8f">
         <name>.text</name>
         <load_address>0x1470a</load_address>
         <run_address>0x1470a</run_address>
         <size>0xda</size>
         <input_file_ref idref="fl-30"/>
      </object_component>
      <object_component id="oc-84">
         <name>.text:CIO_breakpoint</name>
         <load_address>0x147e4</load_address>
         <run_address>0x147e4</run_address>
         <size>0xbe</size>
         <input_file_ref idref="fl-2d"/>
      </object_component>
      <object_component id="oc-bd">
         <name>.text</name>
         <load_address>0x148a2</load_address>
         <run_address>0x148a2</run_address>
         <size>0xba</size>
         <input_file_ref idref="fl-3b"/>
      </object_component>
      <object_component id="oc-ce">
         <name>.text</name>
         <load_address>0x1495c</load_address>
         <run_address>0x1495c</run_address>
         <size>0xa2</size>
         <input_file_ref idref="fl-3f"/>
      </object_component>
      <object_component id="oc-b9">
         <name>.text</name>
         <load_address>0x149fe</load_address>
         <run_address>0x149fe</run_address>
         <size>0xa0</size>
         <input_file_ref idref="fl-3a"/>
      </object_component>
      <object_component id="oc-e2">
         <name>.text</name>
         <load_address>0x14a9e</load_address>
         <run_address>0x14a9e</run_address>
         <size>0x79</size>
         <input_file_ref idref="fl-44"/>
      </object_component>
      <object_component id="oc-11b">
         <name>.text</name>
         <load_address>0x14b17</load_address>
         <run_address>0x14b17</run_address>
         <size>0x76</size>
         <input_file_ref idref="fl-51"/>
      </object_component>
      <object_component id="oc-110">
         <name>.text</name>
         <load_address>0x14b8d</load_address>
         <run_address>0x14b8d</run_address>
         <size>0x76</size>
         <input_file_ref idref="fl-4f"/>
      </object_component>
      <object_component id="oc-d2">
         <name>.text</name>
         <load_address>0x14c03</load_address>
         <run_address>0x14c03</run_address>
         <size>0x73</size>
         <input_file_ref idref="fl-40"/>
      </object_component>
      <object_component id="oc-f6">
         <name>.text</name>
         <load_address>0x14c76</load_address>
         <run_address>0x14c76</run_address>
         <size>0x70</size>
         <input_file_ref idref="fl-49"/>
      </object_component>
      <object_component id="oc-c5">
         <name>.text</name>
         <load_address>0x14ce6</load_address>
         <run_address>0x14ce6</run_address>
         <size>0x6e</size>
         <input_file_ref idref="fl-3d"/>
      </object_component>
      <object_component id="oc-81">
         <name>.text</name>
         <load_address>0x14d54</load_address>
         <run_address>0x14d54</run_address>
         <size>0x6b</size>
         <input_file_ref idref="fl-2d"/>
      </object_component>
      <object_component id="oc-d6">
         <name>.text</name>
         <load_address>0x14dbf</load_address>
         <run_address>0x14dbf</run_address>
         <size>0x68</size>
         <input_file_ref idref="fl-41"/>
      </object_component>
      <object_component id="oc-c9">
         <name>.text</name>
         <load_address>0x14e27</load_address>
         <run_address>0x14e27</run_address>
         <size>0x67</size>
         <input_file_ref idref="fl-3e"/>
      </object_component>
      <object_component id="oc-a3">
         <name>.text</name>
         <load_address>0x14e8e</load_address>
         <run_address>0x14e8e</run_address>
         <size>0x59</size>
         <input_file_ref idref="fl-34"/>
      </object_component>
      <object_component id="oc-74">
         <name>.text</name>
         <load_address>0x14ee7</load_address>
         <run_address>0x14ee7</run_address>
         <size>0x56</size>
         <input_file_ref idref="fl-2a"/>
      </object_component>
      <object_component id="oc-28">
         <name>.text</name>
         <load_address>0x14f3d</load_address>
         <run_address>0x14f3d</run_address>
         <size>0x54</size>
         <input_file_ref idref="fl-5"/>
      </object_component>
      <object_component id="oc-78">
         <name>.text</name>
         <load_address>0x14f91</load_address>
         <run_address>0x14f91</run_address>
         <size>0x4e</size>
         <input_file_ref idref="fl-2b"/>
      </object_component>
      <object_component id="oc-a7">
         <name>.text</name>
         <load_address>0x14fdf</load_address>
         <run_address>0x14fdf</run_address>
         <size>0x4d</size>
         <input_file_ref idref="fl-35"/>
      </object_component>
      <object_component id="oc-f2">
         <name>.text</name>
         <load_address>0x1502c</load_address>
         <run_address>0x1502c</run_address>
         <size>0x4b</size>
         <input_file_ref idref="fl-48"/>
      </object_component>
      <object_component id="oc-9f">
         <name>.text</name>
         <load_address>0x15077</load_address>
         <run_address>0x15077</run_address>
         <size>0x49</size>
         <input_file_ref idref="fl-33"/>
      </object_component>
      <object_component id="oc-106">
         <name>.text</name>
         <load_address>0x150c0</load_address>
         <run_address>0x150c0</run_address>
         <size>0x48</size>
         <input_file_ref idref="fl-4d"/>
      </object_component>
      <object_component id="oc-5e">
         <name>.text</name>
         <load_address>0x15108</load_address>
         <run_address>0x15108</run_address>
         <size>0x3e</size>
         <input_file_ref idref="fl-26"/>
      </object_component>
      <object_component id="oc-15">
         <name>.text</name>
         <load_address>0x15146</load_address>
         <run_address>0x15146</run_address>
         <size>0x34</size>
         <input_file_ref idref="fl-25"/>
      </object_component>
      <object_component id="oc-17">
         <name>.text</name>
         <load_address>0x1517a</load_address>
         <run_address>0x1517a</run_address>
         <size>0x2d</size>
         <input_file_ref idref="fl-2"/>
      </object_component>
      <object_component id="oc-c1">
         <name>.text</name>
         <load_address>0x151a7</load_address>
         <run_address>0x151a7</run_address>
         <size>0x2a</size>
         <input_file_ref idref="fl-3c"/>
      </object_component>
      <object_component id="oc-87">
         <name>.text</name>
         <load_address>0x151d1</load_address>
         <run_address>0x151d1</run_address>
         <size>0x2a</size>
         <input_file_ref idref="fl-2e"/>
      </object_component>
      <object_component id="oc-e6">
         <name>.text</name>
         <load_address>0x151fb</load_address>
         <run_address>0x151fb</run_address>
         <size>0x22</size>
         <input_file_ref idref="fl-45"/>
      </object_component>
      <object_component id="oc-2d">
         <name>.text</name>
         <load_address>0x1521d</load_address>
         <run_address>0x1521d</run_address>
         <size>0x1c</size>
         <input_file_ref idref="fl-6"/>
      </object_component>
      <object_component id="oc-da">
         <name>.text</name>
         <load_address>0x15239</load_address>
         <run_address>0x15239</run_address>
         <size>0x1a</size>
         <input_file_ref idref="fl-42"/>
      </object_component>
      <object_component id="oc-fe">
         <name>.text</name>
         <load_address>0x15253</load_address>
         <run_address>0x15253</run_address>
         <size>0x14</size>
         <input_file_ref idref="fl-4b"/>
      </object_component>
      <object_component id="oc-6a">
         <name>.text</name>
         <load_address>0x15267</load_address>
         <run_address>0x15267</run_address>
         <size>0x13</size>
         <input_file_ref idref="fl-28"/>
      </object_component>
      <object_component id="oc-93">
         <name>.text</name>
         <load_address>0x1527a</load_address>
         <run_address>0x1527a</run_address>
         <size>0x12</size>
         <input_file_ref idref="fl-31"/>
      </object_component>
      <object_component id="oc-ee">
         <name>.text</name>
         <load_address>0x1528c</load_address>
         <run_address>0x1528c</run_address>
         <size>0x10</size>
         <input_file_ref idref="fl-47"/>
      </object_component>
      <object_component id="oc-11f">
         <name>.text</name>
         <load_address>0x1529c</load_address>
         <run_address>0x1529c</run_address>
         <size>0xa</size>
         <input_file_ref idref="fl-52"/>
      </object_component>
      <object_component id="oc-62">
         <name>.text:CIO_breakpoint</name>
         <load_address>0x152a6</load_address>
         <run_address>0x152a6</run_address>
         <size>0x7</size>
         <input_file_ref idref="fl-26"/>
      </object_component>
      <object_component id="oc-8b">
         <name>.text</name>
         <load_address>0x152ad</load_address>
         <run_address>0x152ad</run_address>
         <size>0x2</size>
         <input_file_ref idref="fl-2f"/>
      </object_component>
      <object_component id="oc-5a">
         <name>.stack</name>
         <uninitialized>true</uninitialized>
         <run_address>0xc0</run_address>
         <size>0x0</size>
         <input_file_ref idref="fl-25"/>
      </object_component>
      <object_component id="oc-142">
         <name>.stack</name>
         <uninitialized>true</uninitialized>
         <run_address>0xc0</run_address>
         <size>0x0</size>
      </object_component>
      <object_component id="oc-123">
         <name>.sysstack</name>
         <uninitialized>true</uninitialized>
         <run_address>0x40c0</run_address>
         <size>0x0</size>
         <input_file_ref idref="fl-25"/>
      </object_component>
      <object_component id="oc-144">
         <name>.sysstack</name>
         <uninitialized>true</uninitialized>
         <run_address>0x40c0</run_address>
         <size>0x0</size>
      </object_component>
      <object_component id="oc-118">
         <name>.sysmem</name>
         <uninitialized>true</uninitialized>
         <run_address>0x20c0</run_address>
         <size>0x0</size>
         <input_file_ref idref="fl-50"/>
      </object_component>
      <object_component id="oc-143">
         <name>.sysmem</name>
         <uninitialized>true</uninitialized>
         <run_address>0x20c0</run_address>
         <size>0x0</size>
      </object_component>
      <object_component id="oc-83">
         <name>.cio</name>
         <uninitialized>true</uninitialized>
         <run_address>0x62d8</run_address>
         <size>0x240</size>
         <input_file_ref idref="fl-2d"/>
      </object_component>
      <object_component id="oc-1d">
         <name>.bss</name>
         <uninitialized>true</uninitialized>
         <run_address>0x6216</run_address>
         <size>0x2</size>
         <input_file_ref idref="fl-3"/>
      </object_component>
      <object_component id="oc-33">
         <name>.bss</name>
         <uninitialized>true</uninitialized>
         <run_address>0x6284</run_address>
         <size>0x16</size>
         <input_file_ref idref="fl-7"/>
      </object_component>
      <object_component id="oc-41">
         <name>.bss</name>
         <uninitialized>true</uninitialized>
         <run_address>0x62d0</run_address>
         <size>0x4</size>
         <input_file_ref idref="fl-9"/>
      </object_component>
      <object_component id="oc-47">
         <name>.bss</name>
         <uninitialized>true</uninitialized>
         <run_address>0x6218</run_address>
         <size>0x6c</size>
         <input_file_ref idref="fl-a"/>
      </object_component>
      <object_component id="oc-4f">
         <name>.bss</name>
         <uninitialized>true</uninitialized>
         <run_address>0x629a</run_address>
         <size>0x14</size>
         <input_file_ref idref="fl-b"/>
      </object_component>
      <object_component id="oc-5f">
         <name>.bss</name>
         <uninitialized>true</uninitialized>
         <run_address>0x62c8</run_address>
         <size>0x8</size>
         <input_file_ref idref="fl-26"/>
      </object_component>
      <object_component id="oc-6f">
         <name>.bss</name>
         <uninitialized>true</uninitialized>
         <run_address>0x6134</run_address>
         <size>0xe2</size>
         <input_file_ref idref="fl-29"/>
      </object_component>
      <object_component id="oc-7d">
         <name>.bss</name>
         <uninitialized>true</uninitialized>
         <run_address>0x5f92</run_address>
         <size>0x1a0</size>
         <input_file_ref idref="fl-2c"/>
      </object_component>
      <object_component id="oc-94">
         <name>.bss</name>
         <uninitialized>true</uninitialized>
         <run_address>0x62c0</run_address>
         <size>0x8</size>
         <input_file_ref idref="fl-31"/>
      </object_component>
      <object_component id="oc-b1">
         <name>.bss</name>
         <uninitialized>true</uninitialized>
         <run_address>0x5d60</run_address>
         <size>0x232</size>
         <input_file_ref idref="fl-38"/>
      </object_component>
      <object_component id="oc-10b">
         <name>.bss</name>
         <uninitialized>true</uninitialized>
         <run_address>0x6132</run_address>
         <size>0x2</size>
         <input_file_ref idref="fl-4e"/>
      </object_component>
      <object_component id="oc-115">
         <name>.bss</name>
         <uninitialized>true</uninitialized>
         <run_address>0x62b0</run_address>
         <size>0xe</size>
         <input_file_ref idref="fl-50"/>
      </object_component>
      <object_component id="oc-4a">
         <name>.const:.string</name>
         <load_address>0x50c0</load_address>
         <run_address>0x50c0</run_address>
         <size>0x46c</size>
         <input_file_ref idref="fl-a"/>
      </object_component>
      <object_component id="oc-3c">
         <name>.const:.string</name>
         <load_address>0x552c</load_address>
         <run_address>0x552c</run_address>
         <size>0x2e8</size>
         <input_file_ref idref="fl-8"/>
      </object_component>
      <object_component id="oc-36">
         <name>.const:.string</name>
         <load_address>0x5814</load_address>
         <run_address>0x5814</run_address>
         <size>0x2d2</size>
         <input_file_ref idref="fl-7"/>
      </object_component>
      <object_component id="oc-124">
         <name>.const:__ctypes_</name>
         <load_address>0x5ae6</load_address>
         <run_address>0x5ae6</run_address>
         <size>0x202</size>
         <input_file_ref idref="fl-37"/>
      </object_component>
      <object_component id="oc-9c">
         <name>.const:.string</name>
         <load_address>0x5ce8</load_address>
         <run_address>0x5ce8</run_address>
         <size>0x48</size>
         <input_file_ref idref="fl-32"/>
      </object_component>
      <object_component id="oc-9b">
         <name>.const</name>
         <load_address>0x5d30</load_address>
         <run_address>0x5d30</run_address>
         <size>0x18</size>
         <input_file_ref idref="fl-32"/>
      </object_component>
      <object_component id="oc-125">
         <name>.const:_initial_approx$1</name>
         <load_address>0x5d48</load_address>
         <run_address>0x5d48</run_address>
         <size>0x10</size>
         <input_file_ref idref="fl-39"/>
      </object_component>
      <object_component id="oc-67">
         <name>.const:.string</name>
         <load_address>0x5d58</load_address>
         <run_address>0x5d58</run_address>
         <size>0x4</size>
         <input_file_ref idref="fl-27"/>
      </object_component>
      <object_component id="oc-cb">
         <name>.const</name>
         <load_address>0x5d5c</load_address>
         <run_address>0x5d5c</run_address>
         <size>0x4</size>
         <input_file_ref idref="fl-3e"/>
      </object_component>
      <object_component id="oc-18">
         <name>.debug_info</name>
         <load_address>0x0</load_address>
         <run_address>0x0</run_address>
         <size>0x662</size>
         <input_file_ref idref="fl-2"/>
      </object_component>
      <object_component id="oc-1e">
         <name>.debug_info</name>
         <load_address>0x662</load_address>
         <run_address>0x662</run_address>
         <size>0xb23</size>
         <input_file_ref idref="fl-3"/>
      </object_component>
      <object_component id="oc-24">
         <name>.debug_info</name>
         <load_address>0x1185</load_address>
         <run_address>0x1185</run_address>
         <size>0x82e</size>
         <input_file_ref idref="fl-4"/>
      </object_component>
      <object_component id="oc-29">
         <name>.debug_info</name>
         <load_address>0x19b3</load_address>
         <run_address>0x19b3</run_address>
         <size>0x69c</size>
         <input_file_ref idref="fl-5"/>
      </object_component>
      <object_component id="oc-2e">
         <name>.debug_info</name>
         <load_address>0x204f</load_address>
         <run_address>0x204f</run_address>
         <size>0x59e</size>
         <input_file_ref idref="fl-6"/>
      </object_component>
      <object_component id="oc-34">
         <name>.debug_info</name>
         <load_address>0x25ed</load_address>
         <run_address>0x25ed</run_address>
         <size>0xaa5</size>
         <input_file_ref idref="fl-7"/>
      </object_component>
      <object_component id="oc-3b">
         <name>.debug_info</name>
         <load_address>0x3092</load_address>
         <run_address>0x3092</run_address>
         <size>0xe91</size>
         <input_file_ref idref="fl-8"/>
      </object_component>
      <object_component id="oc-42">
         <name>.debug_info</name>
         <load_address>0x3f23</load_address>
         <run_address>0x3f23</run_address>
         <size>0xcaa</size>
         <input_file_ref idref="fl-9"/>
      </object_component>
      <object_component id="oc-48">
         <name>.debug_info</name>
         <load_address>0x4bcd</load_address>
         <run_address>0x4bcd</run_address>
         <size>0x125e</size>
         <input_file_ref idref="fl-a"/>
      </object_component>
      <object_component id="oc-50">
         <name>.debug_info</name>
         <load_address>0x5e2b</load_address>
         <run_address>0x5e2b</run_address>
         <size>0x6ab</size>
         <input_file_ref idref="fl-b"/>
      </object_component>
      <object_component id="oc-56">
         <name>.debug_info</name>
         <load_address>0x64d6</load_address>
         <run_address>0x64d6</run_address>
         <size>0x5ff3</size>
         <input_file_ref idref="fl-11"/>
      </object_component>
      <object_component id="oc-5b">
         <name>.debug_info</name>
         <load_address>0xc4c9</load_address>
         <run_address>0xc4c9</run_address>
         <size>0xe8</size>
         <input_file_ref idref="fl-25"/>
      </object_component>
      <object_component id="oc-60">
         <name>.debug_info</name>
         <load_address>0xc5b1</load_address>
         <run_address>0xc5b1</run_address>
         <size>0x5fb</size>
         <input_file_ref idref="fl-26"/>
      </object_component>
      <object_component id="oc-66">
         <name>.debug_info</name>
         <load_address>0xcbac</load_address>
         <run_address>0xcbac</run_address>
         <size>0x942</size>
         <input_file_ref idref="fl-27"/>
      </object_component>
      <object_component id="oc-6b">
         <name>.debug_info</name>
         <load_address>0xd4ee</load_address>
         <run_address>0xd4ee</run_address>
         <size>0xbd</size>
         <input_file_ref idref="fl-28"/>
      </object_component>
      <object_component id="oc-70">
         <name>.debug_info</name>
         <load_address>0xd5ab</load_address>
         <run_address>0xd5ab</run_address>
         <size>0x144b</size>
         <input_file_ref idref="fl-29"/>
      </object_component>
      <object_component id="oc-75">
         <name>.debug_info</name>
         <load_address>0xe9f6</load_address>
         <run_address>0xe9f6</run_address>
         <size>0xd1</size>
         <input_file_ref idref="fl-2a"/>
      </object_component>
      <object_component id="oc-79">
         <name>.debug_info</name>
         <load_address>0xeac7</load_address>
         <run_address>0xeac7</run_address>
         <size>0x76c</size>
         <input_file_ref idref="fl-2b"/>
      </object_component>
      <object_component id="oc-7e">
         <name>.debug_info</name>
         <load_address>0xf233</load_address>
         <run_address>0xf233</run_address>
         <size>0xed4</size>
         <input_file_ref idref="fl-2c"/>
      </object_component>
      <object_component id="oc-82">
         <name>.debug_info</name>
         <load_address>0x10107</load_address>
         <run_address>0x10107</run_address>
         <size>0x744</size>
         <input_file_ref idref="fl-2d"/>
      </object_component>
      <object_component id="oc-88">
         <name>.debug_info</name>
         <load_address>0x1084b</load_address>
         <run_address>0x1084b</run_address>
         <size>0xef</size>
         <input_file_ref idref="fl-2e"/>
      </object_component>
      <object_component id="oc-8c">
         <name>.debug_info</name>
         <load_address>0x1093a</load_address>
         <run_address>0x1093a</run_address>
         <size>0xbc</size>
         <input_file_ref idref="fl-2f"/>
      </object_component>
      <object_component id="oc-90">
         <name>.debug_info</name>
         <load_address>0x109f6</load_address>
         <run_address>0x109f6</run_address>
         <size>0x662</size>
         <input_file_ref idref="fl-30"/>
      </object_component>
      <object_component id="oc-95">
         <name>.debug_info</name>
         <load_address>0x11058</load_address>
         <run_address>0x11058</run_address>
         <size>0x5bc</size>
         <input_file_ref idref="fl-31"/>
      </object_component>
      <object_component id="oc-9a">
         <name>.debug_info</name>
         <load_address>0x11614</load_address>
         <run_address>0x11614</run_address>
         <size>0x27bd</size>
         <input_file_ref idref="fl-32"/>
      </object_component>
      <object_component id="oc-a0">
         <name>.debug_info</name>
         <load_address>0x13dd1</load_address>
         <run_address>0x13dd1</run_address>
         <size>0x586</size>
         <input_file_ref idref="fl-33"/>
      </object_component>
      <object_component id="oc-a4">
         <name>.debug_info</name>
         <load_address>0x14357</load_address>
         <run_address>0x14357</run_address>
         <size>0x5a4</size>
         <input_file_ref idref="fl-34"/>
      </object_component>
      <object_component id="oc-a8">
         <name>.debug_info</name>
         <load_address>0x148fb</load_address>
         <run_address>0x148fb</run_address>
         <size>0xcd</size>
         <input_file_ref idref="fl-35"/>
      </object_component>
      <object_component id="oc-ac">
         <name>.debug_info</name>
         <load_address>0x149c8</load_address>
         <run_address>0x149c8</run_address>
         <size>0x81f</size>
         <input_file_ref idref="fl-36"/>
      </object_component>
      <object_component id="oc-af">
         <name>.debug_info</name>
         <load_address>0x151e7</load_address>
         <run_address>0x151e7</run_address>
         <size>0x498</size>
         <input_file_ref idref="fl-37"/>
      </object_component>
      <object_component id="oc-b2">
         <name>.debug_info</name>
         <load_address>0x1567f</load_address>
         <run_address>0x1567f</run_address>
         <size>0x57e</size>
         <input_file_ref idref="fl-38"/>
      </object_component>
      <object_component id="oc-b6">
         <name>.debug_info</name>
         <load_address>0x15bfd</load_address>
         <run_address>0x15bfd</run_address>
         <size>0x7e8</size>
         <input_file_ref idref="fl-39"/>
      </object_component>
      <object_component id="oc-ba">
         <name>.debug_info</name>
         <load_address>0x163e5</load_address>
         <run_address>0x163e5</run_address>
         <size>0x534</size>
         <input_file_ref idref="fl-3a"/>
      </object_component>
      <object_component id="oc-be">
         <name>.debug_info</name>
         <load_address>0x16919</load_address>
         <run_address>0x16919</run_address>
         <size>0x706</size>
         <input_file_ref idref="fl-3b"/>
      </object_component>
      <object_component id="oc-c2">
         <name>.debug_info</name>
         <load_address>0x1701f</load_address>
         <run_address>0x1701f</run_address>
         <size>0x4cf</size>
         <input_file_ref idref="fl-3c"/>
      </object_component>
      <object_component id="oc-c6">
         <name>.debug_info</name>
         <load_address>0x174ee</load_address>
         <run_address>0x174ee</run_address>
         <size>0x534</size>
         <input_file_ref idref="fl-3d"/>
      </object_component>
      <object_component id="oc-ca">
         <name>.debug_info</name>
         <load_address>0x17a22</load_address>
         <run_address>0x17a22</run_address>
         <size>0x549</size>
         <input_file_ref idref="fl-3e"/>
      </object_component>
      <object_component id="oc-cf">
         <name>.debug_info</name>
         <load_address>0x17f6b</load_address>
         <run_address>0x17f6b</run_address>
         <size>0x6aa</size>
         <input_file_ref idref="fl-3f"/>
      </object_component>
      <object_component id="oc-d3">
         <name>.debug_info</name>
         <load_address>0x18615</load_address>
         <run_address>0x18615</run_address>
         <size>0x53e</size>
         <input_file_ref idref="fl-40"/>
      </object_component>
      <object_component id="oc-d7">
         <name>.debug_info</name>
         <load_address>0x18b53</load_address>
         <run_address>0x18b53</run_address>
         <size>0x5f7</size>
         <input_file_ref idref="fl-41"/>
      </object_component>
      <object_component id="oc-db">
         <name>.debug_info</name>
         <load_address>0x1914a</load_address>
         <run_address>0x1914a</run_address>
         <size>0x680</size>
         <input_file_ref idref="fl-42"/>
      </object_component>
      <object_component id="oc-df">
         <name>.debug_info</name>
         <load_address>0x197ca</load_address>
         <run_address>0x197ca</run_address>
         <size>0x7d4</size>
         <input_file_ref idref="fl-43"/>
      </object_component>
      <object_component id="oc-e3">
         <name>.debug_info</name>
         <load_address>0x19f9e</load_address>
         <run_address>0x19f9e</run_address>
         <size>0x5ad</size>
         <input_file_ref idref="fl-44"/>
      </object_component>
      <object_component id="oc-e7">
         <name>.debug_info</name>
         <load_address>0x1a54b</load_address>
         <run_address>0x1a54b</run_address>
         <size>0x574</size>
         <input_file_ref idref="fl-45"/>
      </object_component>
      <object_component id="oc-eb">
         <name>.debug_info</name>
         <load_address>0x1aabf</load_address>
         <run_address>0x1aabf</run_address>
         <size>0x55b</size>
         <input_file_ref idref="fl-46"/>
      </object_component>
      <object_component id="oc-ef">
         <name>.debug_info</name>
         <load_address>0x1b01a</load_address>
         <run_address>0x1b01a</run_address>
         <size>0x4b7</size>
         <input_file_ref idref="fl-47"/>
      </object_component>
      <object_component id="oc-f3">
         <name>.debug_info</name>
         <load_address>0x1b4d1</load_address>
         <run_address>0x1b4d1</run_address>
         <size>0x4f2</size>
         <input_file_ref idref="fl-48"/>
      </object_component>
      <object_component id="oc-f7">
         <name>.debug_info</name>
         <load_address>0x1b9c3</load_address>
         <run_address>0x1b9c3</run_address>
         <size>0x534</size>
         <input_file_ref idref="fl-49"/>
      </object_component>
      <object_component id="oc-fb">
         <name>.debug_info</name>
         <load_address>0x1bef7</load_address>
         <run_address>0x1bef7</run_address>
         <size>0x64a</size>
         <input_file_ref idref="fl-4a"/>
      </object_component>
      <object_component id="oc-ff">
         <name>.debug_info</name>
         <load_address>0x1c541</load_address>
         <run_address>0x1c541</run_address>
         <size>0x4de</size>
         <input_file_ref idref="fl-4b"/>
      </object_component>
      <object_component id="oc-103">
         <name>.debug_info</name>
         <load_address>0x1ca1f</load_address>
         <run_address>0x1ca1f</run_address>
         <size>0x5ab</size>
         <input_file_ref idref="fl-4c"/>
      </object_component>
      <object_component id="oc-107">
         <name>.debug_info</name>
         <load_address>0x1cfca</load_address>
         <run_address>0x1cfca</run_address>
         <size>0x4f2</size>
         <input_file_ref idref="fl-4d"/>
      </object_component>
      <object_component id="oc-10c">
         <name>.debug_info</name>
         <load_address>0x1d4bc</load_address>
         <run_address>0x1d4bc</run_address>
         <size>0xa1c</size>
         <input_file_ref idref="fl-4e"/>
      </object_component>
      <object_component id="oc-111">
         <name>.debug_info</name>
         <load_address>0x1ded8</load_address>
         <run_address>0x1ded8</run_address>
         <size>0x4d2</size>
         <input_file_ref idref="fl-4f"/>
      </object_component>
      <object_component id="oc-116">
         <name>.debug_info</name>
         <load_address>0x1e3aa</load_address>
         <run_address>0x1e3aa</run_address>
         <size>0xba5</size>
         <input_file_ref idref="fl-50"/>
      </object_component>
      <object_component id="oc-11c">
         <name>.debug_info</name>
         <load_address>0x1ef4f</load_address>
         <run_address>0x1ef4f</run_address>
         <size>0x64f</size>
         <input_file_ref idref="fl-51"/>
      </object_component>
      <object_component id="oc-120">
         <name>.debug_info</name>
         <load_address>0x1f59e</load_address>
         <run_address>0x1f59e</run_address>
         <size>0x510</size>
         <input_file_ref idref="fl-52"/>
      </object_component>
      <object_component id="oc-146">
         <name>.debug_info</name>
         <load_address>0x1faae</load_address>
         <run_address>0x1faae</run_address>
         <size>0x6e</size>
      </object_component>
      <object_component id="oc-19">
         <name>.debug_frame</name>
         <load_address>0x0</load_address>
         <run_address>0x0</run_address>
         <size>0x11c</size>
         <input_file_ref idref="fl-2"/>
      </object_component>
      <object_component id="oc-20">
         <name>.debug_frame</name>
         <load_address>0x11c</load_address>
         <run_address>0x11c</run_address>
         <size>0x14a</size>
         <input_file_ref idref="fl-3"/>
      </object_component>
      <object_component id="oc-25">
         <name>.debug_frame</name>
         <load_address>0x266</load_address>
         <run_address>0x266</run_address>
         <size>0x135</size>
         <input_file_ref idref="fl-4"/>
      </object_component>
      <object_component id="oc-2a">
         <name>.debug_frame</name>
         <load_address>0x39b</load_address>
         <run_address>0x39b</run_address>
         <size>0x116</size>
         <input_file_ref idref="fl-5"/>
      </object_component>
      <object_component id="oc-2f">
         <name>.debug_frame</name>
         <load_address>0x4b1</load_address>
         <run_address>0x4b1</run_address>
         <size>0xe4</size>
         <input_file_ref idref="fl-6"/>
      </object_component>
      <object_component id="oc-37">
         <name>.debug_frame</name>
         <load_address>0x595</load_address>
         <run_address>0x595</run_address>
         <size>0xe2</size>
         <input_file_ref idref="fl-7"/>
      </object_component>
      <object_component id="oc-3d">
         <name>.debug_frame</name>
         <load_address>0x677</load_address>
         <run_address>0x677</run_address>
         <size>0x103</size>
         <input_file_ref idref="fl-8"/>
      </object_component>
      <object_component id="oc-43">
         <name>.debug_frame</name>
         <load_address>0x77a</load_address>
         <run_address>0x77a</run_address>
         <size>0x172</size>
         <input_file_ref idref="fl-9"/>
      </object_component>
      <object_component id="oc-4b">
         <name>.debug_frame</name>
         <load_address>0x8ec</load_address>
         <run_address>0x8ec</run_address>
         <size>0x103</size>
         <input_file_ref idref="fl-a"/>
      </object_component>
      <object_component id="oc-52">
         <name>.debug_frame</name>
         <load_address>0x9ef</load_address>
         <run_address>0x9ef</run_address>
         <size>0xe6</size>
         <input_file_ref idref="fl-b"/>
      </object_component>
      <object_component id="oc-57">
         <name>.debug_frame</name>
         <load_address>0xad5</load_address>
         <run_address>0xad5</run_address>
         <size>0x175</size>
         <input_file_ref idref="fl-11"/>
      </object_component>
      <object_component id="oc-1a">
         <name>.debug_line</name>
         <load_address>0x0</load_address>
         <run_address>0x0</run_address>
         <size>0x8c</size>
         <input_file_ref idref="fl-2"/>
      </object_component>
      <object_component id="oc-21">
         <name>.debug_line</name>
         <load_address>0x8c</load_address>
         <run_address>0x8c</run_address>
         <size>0x118</size>
         <input_file_ref idref="fl-3"/>
      </object_component>
      <object_component id="oc-26">
         <name>.debug_line</name>
         <load_address>0x1a4</load_address>
         <run_address>0x1a4</run_address>
         <size>0xdd</size>
         <input_file_ref idref="fl-4"/>
      </object_component>
      <object_component id="oc-2b">
         <name>.debug_line</name>
         <load_address>0x281</load_address>
         <run_address>0x281</run_address>
         <size>0x83</size>
         <input_file_ref idref="fl-5"/>
      </object_component>
      <object_component id="oc-30">
         <name>.debug_line</name>
         <load_address>0x304</load_address>
         <run_address>0x304</run_address>
         <size>0x44</size>
         <input_file_ref idref="fl-6"/>
      </object_component>
      <object_component id="oc-38">
         <name>.debug_line</name>
         <load_address>0x348</load_address>
         <run_address>0x348</run_address>
         <size>0xca</size>
         <input_file_ref idref="fl-7"/>
      </object_component>
      <object_component id="oc-3e">
         <name>.debug_line</name>
         <load_address>0x412</load_address>
         <run_address>0x412</run_address>
         <size>0x20e</size>
         <input_file_ref idref="fl-8"/>
      </object_component>
      <object_component id="oc-44">
         <name>.debug_line</name>
         <load_address>0x620</load_address>
         <run_address>0x620</run_address>
         <size>0xfe</size>
         <input_file_ref idref="fl-9"/>
      </object_component>
      <object_component id="oc-4c">
         <name>.debug_line</name>
         <load_address>0x71e</load_address>
         <run_address>0x71e</run_address>
         <size>0x167</size>
         <input_file_ref idref="fl-a"/>
      </object_component>
      <object_component id="oc-53">
         <name>.debug_line</name>
         <load_address>0x885</load_address>
         <run_address>0x885</run_address>
         <size>0x10a</size>
         <input_file_ref idref="fl-b"/>
      </object_component>
      <object_component id="oc-58">
         <name>.debug_line</name>
         <load_address>0x98f</load_address>
         <run_address>0x98f</run_address>
         <size>0x2dd</size>
         <input_file_ref idref="fl-11"/>
      </object_component>
      <object_component id="oc-5c">
         <name>.debug_line</name>
         <load_address>0xc6c</load_address>
         <run_address>0xc6c</run_address>
         <size>0x54</size>
         <input_file_ref idref="fl-25"/>
      </object_component>
      <object_component id="oc-63">
         <name>.debug_line</name>
         <load_address>0xcc0</load_address>
         <run_address>0xcc0</run_address>
         <size>0x51</size>
         <input_file_ref idref="fl-26"/>
      </object_component>
      <object_component id="oc-68">
         <name>.debug_line</name>
         <load_address>0xd11</load_address>
         <run_address>0xd11</run_address>
         <size>0xa6</size>
         <input_file_ref idref="fl-27"/>
      </object_component>
      <object_component id="oc-6c">
         <name>.debug_line</name>
         <load_address>0xdb7</load_address>
         <run_address>0xdb7</run_address>
         <size>0x3c</size>
         <input_file_ref idref="fl-28"/>
      </object_component>
      <object_component id="oc-72">
         <name>.debug_line</name>
         <load_address>0xdf3</load_address>
         <run_address>0xdf3</run_address>
         <size>0x1b0</size>
         <input_file_ref idref="fl-29"/>
      </object_component>
      <object_component id="oc-76">
         <name>.debug_line</name>
         <load_address>0xfa3</load_address>
         <run_address>0xfa3</run_address>
         <size>0x54</size>
         <input_file_ref idref="fl-2a"/>
      </object_component>
      <object_component id="oc-7a">
         <name>.debug_line</name>
         <load_address>0xff7</load_address>
         <run_address>0xff7</run_address>
         <size>0x69</size>
         <input_file_ref idref="fl-2b"/>
      </object_component>
      <object_component id="oc-7f">
         <name>.debug_line</name>
         <load_address>0x1060</load_address>
         <run_address>0x1060</run_address>
         <size>0x15e</size>
         <input_file_ref idref="fl-2c"/>
      </object_component>
      <object_component id="oc-85">
         <name>.debug_line</name>
         <load_address>0x11be</load_address>
         <run_address>0x11be</run_address>
         <size>0x6a</size>
         <input_file_ref idref="fl-2d"/>
      </object_component>
      <object_component id="oc-89">
         <name>.debug_line</name>
         <load_address>0x1228</load_address>
         <run_address>0x1228</run_address>
         <size>0x58</size>
         <input_file_ref idref="fl-2e"/>
      </object_component>
      <object_component id="oc-8d">
         <name>.debug_line</name>
         <load_address>0x1280</load_address>
         <run_address>0x1280</run_address>
         <size>0x37</size>
         <input_file_ref idref="fl-2f"/>
      </object_component>
      <object_component id="oc-91">
         <name>.debug_line</name>
         <load_address>0x12b7</load_address>
         <run_address>0x12b7</run_address>
         <size>0x57</size>
         <input_file_ref idref="fl-30"/>
      </object_component>
      <object_component id="oc-97">
         <name>.debug_line</name>
         <load_address>0x130e</load_address>
         <run_address>0x130e</run_address>
         <size>0x57</size>
         <input_file_ref idref="fl-31"/>
      </object_component>
      <object_component id="oc-9d">
         <name>.debug_line</name>
         <load_address>0x1365</load_address>
         <run_address>0x1365</run_address>
         <size>0x328</size>
         <input_file_ref idref="fl-32"/>
      </object_component>
      <object_component id="oc-a1">
         <name>.debug_line</name>
         <load_address>0x168d</load_address>
         <run_address>0x168d</run_address>
         <size>0x41</size>
         <input_file_ref idref="fl-33"/>
      </object_component>
      <object_component id="oc-a5">
         <name>.debug_line</name>
         <load_address>0x16ce</load_address>
         <run_address>0x16ce</run_address>
         <size>0x46</size>
         <input_file_ref idref="fl-34"/>
      </object_component>
      <object_component id="oc-a9">
         <name>.debug_line</name>
         <load_address>0x1714</load_address>
         <run_address>0x1714</run_address>
         <size>0x55</size>
         <input_file_ref idref="fl-35"/>
      </object_component>
      <object_component id="oc-ad">
         <name>.debug_line</name>
         <load_address>0x1769</load_address>
         <run_address>0x1769</run_address>
         <size>0xad</size>
         <input_file_ref idref="fl-36"/>
      </object_component>
      <object_component id="oc-b7">
         <name>.debug_line</name>
         <load_address>0x1816</load_address>
         <run_address>0x1816</run_address>
         <size>0x5b</size>
         <input_file_ref idref="fl-39"/>
      </object_component>
      <object_component id="oc-bb">
         <name>.debug_line</name>
         <load_address>0x1871</load_address>
         <run_address>0x1871</run_address>
         <size>0x44</size>
         <input_file_ref idref="fl-3a"/>
      </object_component>
      <object_component id="oc-bf">
         <name>.debug_line</name>
         <load_address>0x18b5</load_address>
         <run_address>0x18b5</run_address>
         <size>0x5b</size>
         <input_file_ref idref="fl-3b"/>
      </object_component>
      <object_component id="oc-c3">
         <name>.debug_line</name>
         <load_address>0x1910</load_address>
         <run_address>0x1910</run_address>
         <size>0x3d</size>
         <input_file_ref idref="fl-3c"/>
      </object_component>
      <object_component id="oc-c7">
         <name>.debug_line</name>
         <load_address>0x194d</load_address>
         <run_address>0x194d</run_address>
         <size>0x3d</size>
         <input_file_ref idref="fl-3d"/>
      </object_component>
      <object_component id="oc-cc">
         <name>.debug_line</name>
         <load_address>0x198a</load_address>
         <run_address>0x198a</run_address>
         <size>0x44</size>
         <input_file_ref idref="fl-3e"/>
      </object_component>
      <object_component id="oc-d0">
         <name>.debug_line</name>
         <load_address>0x19ce</load_address>
         <run_address>0x19ce</run_address>
         <size>0x56</size>
         <input_file_ref idref="fl-3f"/>
      </object_component>
      <object_component id="oc-d4">
         <name>.debug_line</name>
         <load_address>0x1a24</load_address>
         <run_address>0x1a24</run_address>
         <size>0x40</size>
         <input_file_ref idref="fl-40"/>
      </object_component>
      <object_component id="oc-d8">
         <name>.debug_line</name>
         <load_address>0x1a64</load_address>
         <run_address>0x1a64</run_address>
         <size>0x3c</size>
         <input_file_ref idref="fl-41"/>
      </object_component>
      <object_component id="oc-dc">
         <name>.debug_line</name>
         <load_address>0x1aa0</load_address>
         <run_address>0x1aa0</run_address>
         <size>0x38</size>
         <input_file_ref idref="fl-42"/>
      </object_component>
      <object_component id="oc-e0">
         <name>.debug_line</name>
         <load_address>0x1ad8</load_address>
         <run_address>0x1ad8</run_address>
         <size>0xa8</size>
         <input_file_ref idref="fl-43"/>
      </object_component>
      <object_component id="oc-e4">
         <name>.debug_line</name>
         <load_address>0x1b80</load_address>
         <run_address>0x1b80</run_address>
         <size>0x40</size>
         <input_file_ref idref="fl-44"/>
      </object_component>
      <object_component id="oc-e8">
         <name>.debug_line</name>
         <load_address>0x1bc0</load_address>
         <run_address>0x1bc0</run_address>
         <size>0x3a</size>
         <input_file_ref idref="fl-45"/>
      </object_component>
      <object_component id="oc-ec">
         <name>.debug_line</name>
         <load_address>0x1bfa</load_address>
         <run_address>0x1bfa</run_address>
         <size>0x3c</size>
         <input_file_ref idref="fl-46"/>
      </object_component>
      <object_component id="oc-f0">
         <name>.debug_line</name>
         <load_address>0x1c36</load_address>
         <run_address>0x1c36</run_address>
         <size>0x37</size>
         <input_file_ref idref="fl-47"/>
      </object_component>
      <object_component id="oc-f4">
         <name>.debug_line</name>
         <load_address>0x1c6d</load_address>
         <run_address>0x1c6d</run_address>
         <size>0x3c</size>
         <input_file_ref idref="fl-48"/>
      </object_component>
      <object_component id="oc-f8">
         <name>.debug_line</name>
         <load_address>0x1ca9</load_address>
         <run_address>0x1ca9</run_address>
         <size>0x44</size>
         <input_file_ref idref="fl-49"/>
      </object_component>
      <object_component id="oc-fc">
         <name>.debug_line</name>
         <load_address>0x1ced</load_address>
         <run_address>0x1ced</run_address>
         <size>0x40</size>
         <input_file_ref idref="fl-4a"/>
      </object_component>
      <object_component id="oc-100">
         <name>.debug_line</name>
         <load_address>0x1d2d</load_address>
         <run_address>0x1d2d</run_address>
         <size>0x37</size>
         <input_file_ref idref="fl-4b"/>
      </object_component>
      <object_component id="oc-104">
         <name>.debug_line</name>
         <load_address>0x1d64</load_address>
         <run_address>0x1d64</run_address>
         <size>0x5c</size>
         <input_file_ref idref="fl-4c"/>
      </object_component>
      <object_component id="oc-108">
         <name>.debug_line</name>
         <load_address>0x1dc0</load_address>
         <run_address>0x1dc0</run_address>
         <size>0x3c</size>
         <input_file_ref idref="fl-4d"/>
      </object_component>
      <object_component id="oc-10e">
         <name>.debug_line</name>
         <load_address>0x1dfc</load_address>
         <run_address>0x1dfc</run_address>
         <size>0xd7</size>
         <input_file_ref idref="fl-4e"/>
      </object_component>
      <object_component id="oc-112">
         <name>.debug_line</name>
         <load_address>0x1ed3</load_address>
         <run_address>0x1ed3</run_address>
         <size>0x3a</size>
         <input_file_ref idref="fl-4f"/>
      </object_component>
      <object_component id="oc-119">
         <name>.debug_line</name>
         <load_address>0x1f0d</load_address>
         <run_address>0x1f0d</run_address>
         <size>0x112</size>
         <input_file_ref idref="fl-50"/>
      </object_component>
      <object_component id="oc-11d">
         <name>.debug_line</name>
         <load_address>0x201f</load_address>
         <run_address>0x201f</run_address>
         <size>0x3d</size>
         <input_file_ref idref="fl-51"/>
      </object_component>
      <object_component id="oc-121">
         <name>.debug_line</name>
         <load_address>0x205c</load_address>
         <run_address>0x205c</run_address>
         <size>0x39</size>
         <input_file_ref idref="fl-52"/>
      </object_component>
      <object_component id="oc-1b">
         <name>.debug_abbrev</name>
         <load_address>0x0</load_address>
         <run_address>0x0</run_address>
         <size>0x95</size>
         <input_file_ref idref="fl-2"/>
      </object_component>
      <object_component id="oc-22">
         <name>.debug_abbrev</name>
         <load_address>0x95</load_address>
         <run_address>0x95</run_address>
         <size>0xd0</size>
         <input_file_ref idref="fl-3"/>
      </object_component>
      <object_component id="oc-27">
         <name>.debug_abbrev</name>
         <load_address>0x165</load_address>
         <run_address>0x165</run_address>
         <size>0x87</size>
         <input_file_ref idref="fl-4"/>
      </object_component>
      <object_component id="oc-2c">
         <name>.debug_abbrev</name>
         <load_address>0x1ec</load_address>
         <run_address>0x1ec</run_address>
         <size>0xe7</size>
         <input_file_ref idref="fl-5"/>
      </object_component>
      <object_component id="oc-31">
         <name>.debug_abbrev</name>
         <load_address>0x2d3</load_address>
         <run_address>0x2d3</run_address>
         <size>0x87</size>
         <input_file_ref idref="fl-6"/>
      </object_component>
      <object_component id="oc-39">
         <name>.debug_abbrev</name>
         <load_address>0x35a</load_address>
         <run_address>0x35a</run_address>
         <size>0xf9</size>
         <input_file_ref idref="fl-7"/>
      </object_component>
      <object_component id="oc-3f">
         <name>.debug_abbrev</name>
         <load_address>0x453</load_address>
         <run_address>0x453</run_address>
         <size>0xfd</size>
         <input_file_ref idref="fl-8"/>
      </object_component>
      <object_component id="oc-45">
         <name>.debug_abbrev</name>
         <load_address>0x550</load_address>
         <run_address>0x550</run_address>
         <size>0x147</size>
         <input_file_ref idref="fl-9"/>
      </object_component>
      <object_component id="oc-4d">
         <name>.debug_abbrev</name>
         <load_address>0x697</load_address>
         <run_address>0x697</run_address>
         <size>0x14c</size>
         <input_file_ref idref="fl-a"/>
      </object_component>
      <object_component id="oc-54">
         <name>.debug_abbrev</name>
         <load_address>0x7e3</load_address>
         <run_address>0x7e3</run_address>
         <size>0xb5</size>
         <input_file_ref idref="fl-b"/>
      </object_component>
      <object_component id="oc-59">
         <name>.debug_abbrev</name>
         <load_address>0x898</load_address>
         <run_address>0x898</run_address>
         <size>0x23e</size>
         <input_file_ref idref="fl-11"/>
      </object_component>
      <object_component id="oc-5d">
         <name>.debug_abbrev</name>
         <load_address>0xad6</load_address>
         <run_address>0xad6</run_address>
         <size>0x3a</size>
         <input_file_ref idref="fl-25"/>
      </object_component>
      <object_component id="oc-64">
         <name>.debug_abbrev</name>
         <load_address>0xb10</load_address>
         <run_address>0xb10</run_address>
         <size>0xf7</size>
         <input_file_ref idref="fl-26"/>
      </object_component>
      <object_component id="oc-69">
         <name>.debug_abbrev</name>
         <load_address>0xc07</load_address>
         <run_address>0xc07</run_address>
         <size>0x140</size>
         <input_file_ref idref="fl-27"/>
      </object_component>
      <object_component id="oc-6d">
         <name>.debug_abbrev</name>
         <load_address>0xd47</load_address>
         <run_address>0xd47</run_address>
         <size>0x38</size>
         <input_file_ref idref="fl-28"/>
      </object_component>
      <object_component id="oc-73">
         <name>.debug_abbrev</name>
         <load_address>0xd7f</load_address>
         <run_address>0xd7f</run_address>
         <size>0x225</size>
         <input_file_ref idref="fl-29"/>
      </object_component>
      <object_component id="oc-77">
         <name>.debug_abbrev</name>
         <load_address>0xfa4</load_address>
         <run_address>0xfa4</run_address>
         <size>0x38</size>
         <input_file_ref idref="fl-2a"/>
      </object_component>
      <object_component id="oc-7b">
         <name>.debug_abbrev</name>
         <load_address>0xfdc</load_address>
         <run_address>0xfdc</run_address>
         <size>0x145</size>
         <input_file_ref idref="fl-2b"/>
      </object_component>
      <object_component id="oc-80">
         <name>.debug_abbrev</name>
         <load_address>0x1121</load_address>
         <run_address>0x1121</run_address>
         <size>0x15a</size>
         <input_file_ref idref="fl-2c"/>
      </object_component>
      <object_component id="oc-86">
         <name>.debug_abbrev</name>
         <load_address>0x127b</load_address>
         <run_address>0x127b</run_address>
         <size>0xde</size>
         <input_file_ref idref="fl-2d"/>
      </object_component>
      <object_component id="oc-8a">
         <name>.debug_abbrev</name>
         <load_address>0x1359</load_address>
         <run_address>0x1359</run_address>
         <size>0x38</size>
         <input_file_ref idref="fl-2e"/>
      </object_component>
      <object_component id="oc-8e">
         <name>.debug_abbrev</name>
         <load_address>0x1391</load_address>
         <run_address>0x1391</run_address>
         <size>0x26</size>
         <input_file_ref idref="fl-2f"/>
      </object_component>
      <object_component id="oc-92">
         <name>.debug_abbrev</name>
         <load_address>0x13b7</load_address>
         <run_address>0x13b7</run_address>
         <size>0xd1</size>
         <input_file_ref idref="fl-30"/>
      </object_component>
      <object_component id="oc-98">
         <name>.debug_abbrev</name>
         <load_address>0x1488</load_address>
         <run_address>0x1488</run_address>
         <size>0x9f</size>
         <input_file_ref idref="fl-31"/>
      </object_component>
      <object_component id="oc-9e">
         <name>.debug_abbrev</name>
         <load_address>0x1527</load_address>
         <run_address>0x1527</run_address>
         <size>0x1f8</size>
         <input_file_ref idref="fl-32"/>
      </object_component>
      <object_component id="oc-a2">
         <name>.debug_abbrev</name>
         <load_address>0x171f</load_address>
         <run_address>0x171f</run_address>
         <size>0xec</size>
         <input_file_ref idref="fl-33"/>
      </object_component>
      <object_component id="oc-a6">
         <name>.debug_abbrev</name>
         <load_address>0x180b</load_address>
         <run_address>0x180b</run_address>
         <size>0xd5</size>
         <input_file_ref idref="fl-34"/>
      </object_component>
      <object_component id="oc-aa">
         <name>.debug_abbrev</name>
         <load_address>0x18e0</load_address>
         <run_address>0x18e0</run_address>
         <size>0x44</size>
         <input_file_ref idref="fl-35"/>
      </object_component>
      <object_component id="oc-ae">
         <name>.debug_abbrev</name>
         <load_address>0x1924</load_address>
         <run_address>0x1924</run_address>
         <size>0xb7</size>
         <input_file_ref idref="fl-36"/>
      </object_component>
      <object_component id="oc-b0">
         <name>.debug_abbrev</name>
         <load_address>0x19db</load_address>
         <run_address>0x19db</run_address>
         <size>0x68</size>
         <input_file_ref idref="fl-37"/>
      </object_component>
      <object_component id="oc-b4">
         <name>.debug_abbrev</name>
         <load_address>0x1a43</load_address>
         <run_address>0x1a43</run_address>
         <size>0x83</size>
         <input_file_ref idref="fl-38"/>
      </object_component>
      <object_component id="oc-b8">
         <name>.debug_abbrev</name>
         <load_address>0x1ac6</load_address>
         <run_address>0x1ac6</run_address>
         <size>0x112</size>
         <input_file_ref idref="fl-39"/>
      </object_component>
      <object_component id="oc-bc">
         <name>.debug_abbrev</name>
         <load_address>0x1bd8</load_address>
         <run_address>0x1bd8</run_address>
         <size>0xb5</size>
         <input_file_ref idref="fl-3a"/>
      </object_component>
      <object_component id="oc-c0">
         <name>.debug_abbrev</name>
         <load_address>0x1c8d</load_address>
         <run_address>0x1c8d</run_address>
         <size>0x136</size>
         <input_file_ref idref="fl-3b"/>
      </object_component>
      <object_component id="oc-c4">
         <name>.debug_abbrev</name>
         <load_address>0x1dc3</load_address>
         <run_address>0x1dc3</run_address>
         <size>0x8f</size>
         <input_file_ref idref="fl-3c"/>
      </object_component>
      <object_component id="oc-c8">
         <name>.debug_abbrev</name>
         <load_address>0x1e52</load_address>
         <run_address>0x1e52</run_address>
         <size>0xb7</size>
         <input_file_ref idref="fl-3d"/>
      </object_component>
      <object_component id="oc-cd">
         <name>.debug_abbrev</name>
         <load_address>0x1f09</load_address>
         <run_address>0x1f09</run_address>
         <size>0xc2</size>
         <input_file_ref idref="fl-3e"/>
      </object_component>
      <object_component id="oc-d1">
         <name>.debug_abbrev</name>
         <load_address>0x1fcb</load_address>
         <run_address>0x1fcb</run_address>
         <size>0x103</size>
         <input_file_ref idref="fl-3f"/>
      </object_component>
      <object_component id="oc-d5">
         <name>.debug_abbrev</name>
         <load_address>0x20ce</load_address>
         <run_address>0x20ce</run_address>
         <size>0x9a</size>
         <input_file_ref idref="fl-40"/>
      </object_component>
      <object_component id="oc-d9">
         <name>.debug_abbrev</name>
         <load_address>0x2168</load_address>
         <run_address>0x2168</run_address>
         <size>0xd1</size>
         <input_file_ref idref="fl-41"/>
      </object_component>
      <object_component id="oc-dd">
         <name>.debug_abbrev</name>
         <load_address>0x2239</load_address>
         <run_address>0x2239</run_address>
         <size>0xd0</size>
         <input_file_ref idref="fl-42"/>
      </object_component>
      <object_component id="oc-e1">
         <name>.debug_abbrev</name>
         <load_address>0x2309</load_address>
         <run_address>0x2309</run_address>
         <size>0xb7</size>
         <input_file_ref idref="fl-43"/>
      </object_component>
      <object_component id="oc-e5">
         <name>.debug_abbrev</name>
         <load_address>0x23c0</load_address>
         <run_address>0x23c0</run_address>
         <size>0xec</size>
         <input_file_ref idref="fl-44"/>
      </object_component>
      <object_component id="oc-e9">
         <name>.debug_abbrev</name>
         <load_address>0x24ac</load_address>
         <run_address>0x24ac</run_address>
         <size>0xb7</size>
         <input_file_ref idref="fl-45"/>
      </object_component>
      <object_component id="oc-ed">
         <name>.debug_abbrev</name>
         <load_address>0x2563</load_address>
         <run_address>0x2563</run_address>
         <size>0xdc</size>
         <input_file_ref idref="fl-46"/>
      </object_component>
      <object_component id="oc-f1">
         <name>.debug_abbrev</name>
         <load_address>0x263f</load_address>
         <run_address>0x263f</run_address>
         <size>0x81</size>
         <input_file_ref idref="fl-47"/>
      </object_component>
      <object_component id="oc-f5">
         <name>.debug_abbrev</name>
         <load_address>0x26c0</load_address>
         <run_address>0x26c0</run_address>
         <size>0xa6</size>
         <input_file_ref idref="fl-48"/>
      </object_component>
      <object_component id="oc-f9">
         <name>.debug_abbrev</name>
         <load_address>0x2766</load_address>
         <run_address>0x2766</run_address>
         <size>0xb5</size>
         <input_file_ref idref="fl-49"/>
      </object_component>
      <object_component id="oc-fd">
         <name>.debug_abbrev</name>
         <load_address>0x281b</load_address>
         <run_address>0x281b</run_address>
         <size>0x10b</size>
         <input_file_ref idref="fl-4a"/>
      </object_component>
      <object_component id="oc-101">
         <name>.debug_abbrev</name>
         <load_address>0x2926</load_address>
         <run_address>0x2926</run_address>
         <size>0x8f</size>
         <input_file_ref idref="fl-4b"/>
      </object_component>
      <object_component id="oc-105">
         <name>.debug_abbrev</name>
         <load_address>0x29b5</load_address>
         <run_address>0x29b5</run_address>
         <size>0xd4</size>
         <input_file_ref idref="fl-4c"/>
[...]
      </symbol>
      <symbol id="sm-15b">
         <name>_pConfigInfo</name>
         <value>0x6280</value>
         <object_component_ref idref="oc-47"/>
      </symbol>
      <symbol id="sm-15c">
         <name>_pllCfg_75MHz</name>
         <value>0x6260</value>
         <object_component_ref idref="oc-47"/>
      </symbol>
      <symbol id="sm-15d">
         <name>_hPll</name>
         <value>0x622c</value>
         <object_component_ref idref="oc-47"/>
      </symbol>
      <symbol id="sm-15e">
         <name>_pllCfg_98MHz</name>
         <value>0x6268</value>
         <object_component_ref idref="oc-47"/>
      </symbol>
      <symbol id="sm-15f">
         <name>_pllCfg_100MHz</name>
         <value>0x6270</value>
         <object_component_ref idref="oc-47"/>
      </symbol>
      <symbol id="sm-160">
         <name>_pllCfg_40MHz</name>
         <value>0x6250</value>
         <object_component_ref idref="oc-47"/>
      </symbol>
      <symbol id="sm-161">
         <name>_pllCfg_2MHz</name>
         <value>0x6238</value>
         <object_component_ref idref="oc-47"/>
      </symbol>
      <symbol id="sm-162">
         <name>_pllCfg1</name>
         <value>0x6224</value>
         <object_component_ref idref="oc-47"/>
      </symbol>
      <symbol id="sm-163">
         <name>_pll_frequency_setup</name>
         <value>0x12e1a</value>
         <object_component_ref idref="oc-46"/>
      </symbol>
      <symbol id="sm-164">
         <name>_pllCfg_120MHz</name>
         <value>0x6278</value>
         <object_component_ref idref="oc-47"/>
      </symbol>
      <symbol id="sm-165">
         <name>_pllCfg_12MHz</name>
         <value>0x6240</value>
         <object_component_ref idref="oc-47"/>
      </symbol>
      <symbol id="sm-166">
         <name>_pllCfg_1MHz</name>
         <value>0x6230</value>
         <object_component_ref idref="oc-47"/>
      </symbol>
      <symbol id="sm-167">
         <name>_pllCfg_60MHz</name>
         <value>0x6258</value>
         <object_component_ref idref="oc-47"/>
      </symbol>
      <symbol id="sm-168">
         <name>_pllCfg_12p288MHz</name>
         <value>0x6248</value>
         <object_component_ref idref="oc-47"/>
      </symbol>
      <symbol id="sm-18f">
         <name>_state</name>
         <value>0x629a</value>
         <object_component_ref idref="oc-4f"/>
      </symbol>
      <symbol id="sm-190">
         <name>_LEDFlasher</name>
         <value>0x13f98</value>
         <object_component_ref idref="oc-4e"/>
      </symbol>
      <symbol id="sm-1b5">
         <name>_PLL_reset</name>
         <value>0x13320</value>
         <object_component_ref idref="oc-55"/>
      </symbol>
      <symbol id="sm-1b6">
         <name>_PLL_bypass</name>
         <value>0x132d1</value>
         <object_component_ref idref="oc-55"/>
      </symbol>
      <symbol id="sm-1b7">
         <name>_PLL_enable</name>
         <value>0x1326a</value>
         <object_component_ref idref="oc-55"/>
      </symbol>
      <symbol id="sm-1b8">
         <name>_PLL_config</name>
         <value>0x13141</value>
         <object_component_ref idref="oc-55"/>
      </symbol>
      <symbol id="sm-1b9">
         <name>_PLL_init</name>
         <value>0x13109</value>
         <object_component_ref idref="oc-55"/>
      </symbol>
      <symbol id="sm-1c5">
         <name>__sysstack</name>
         <value>0x40c0</value>
         <object_component_ref idref="oc-123"/>
      </symbol>
      <symbol id="sm-1c6">
         <name>_c_int00</name>
         <value>0x15146</value>
         <object_component_ref idref="oc-15"/>
      </symbol>
      <symbol id="sm-1c7">
         <name>__stack</name>
         <value>0xc0</value>
         <object_component_ref idref="oc-5a"/>
      </symbol>
      <symbol id="sm-1d7">
         <name>C$$EXIT</name>
         <value>0x152a7</value>
         <object_component_ref idref="oc-62"/>
      </symbol>
      <symbol id="sm-1d8">
         <name>_exit</name>
         <value>0x15108</value>
         <object_component_ref idref="oc-5e"/>
      </symbol>
      <symbol id="sm-1d9">
         <name>_abort</name>
         <value>0x152a6</value>
         <object_component_ref idref="oc-62"/>
      </symbol>
      <symbol id="sm-1da">
         <name>__cleanup_ptr</name>
         <value>0x62c8</value>
         <object_component_ref idref="oc-5f"/>
      </symbol>
      <symbol id="sm-1db">
         <name>__dtors_ptr</name>
         <value>0x62cc</value>
         <object_component_ref idref="oc-5f"/>
      </symbol>
      <symbol id="sm-1e7">
         <name>_puts</name>
         <value>0x13f6c</value>
         <object_component_ref idref="oc-65"/>
      </symbol>
      <symbol id="sm-1e8">
         <name>_fputs</name>
         <value>0x13e1d</value>
         <object_component_ref idref="oc-65"/>
      </symbol>
      <symbol id="sm-1f0">
         <name>__mpyli</name>
         <value>0x15267</value>
         <object_component_ref idref="oc-6a"/>
      </symbol>
      <symbol id="sm-1f1">
         <name>I$$LMPY</name>
         <value>0x15267</value>
         <object_component_ref idref="oc-6a"/>
      </symbol>
      <symbol id="sm-202">
         <name>_add_device</name>
         <value>0x128f0</value>
         <object_component_ref idref="oc-6e"/>
      </symbol>
      <symbol id="sm-203">
         <name>_rename</name>
         <value>0x12621</value>
         <object_component_ref idref="oc-6e"/>
      </symbol>
      <symbol id="sm-204">
         <name>_read</name>
         <value>0x126ac</value>
         <object_component_ref idref="oc-6e"/>
      </symbol>
      <symbol id="sm-205">
         <name>_unlink</name>
         <value>0x125ed</value>
         <object_component_ref idref="oc-6e"/>
      </symbol>
      <symbol id="sm-206">
         <name>_remove_device</name>
         <value>0x12678</value>
         <object_component_ref idref="oc-6e"/>
      </symbol>
      <symbol id="sm-207">
         <name>_open</name>
         <value>0x12756</value>
         <object_component_ref idref="oc-6e"/>
      </symbol>
      <symbol id="sm-208">
         <name>_find_registered_device</name>
         <value>0x12877</value>
         <object_component_ref idref="oc-6e"/>
      </symbol>
      <symbol id="sm-209">
         <name>_lseek</name>
         <value>0x12813</value>
         <object_component_ref idref="oc-6e"/>
      </symbol>
      <symbol id="sm-20a">
         <name>_close</name>
         <value>0x12880</value>
         <object_component_ref idref="oc-6e"/>
      </symbol>
      <symbol id="sm-20b">
         <name>_write</name>
         <value>0x124c0</value>
         <object_component_ref idref="oc-6e"/>
      </symbol>
      <symbol id="sm-215">
         <name>_memcpy</name>
         <value>0x14ee7</value>
         <object_component_ref idref="oc-74"/>
      </symbol>
      <symbol id="sm-21f">
         <name>_printf</name>
         <value>0x14f91</value>
         <object_component_ref idref="oc-78"/>
      </symbol>
      <symbol id="sm-22b">
         <name>_HOSTopen</name>
         <value>0x1184c</value>
         <object_component_ref idref="oc-7c"/>
      </symbol>
      <symbol id="sm-22c">
         <name>_HOSTread</name>
         <value>0x117c1</value>
         <object_component_ref idref="oc-7c"/>
      </symbol>
      <symbol id="sm-22d">
         <name>_HOSTtime</name>
         <value>0x116aa</value>
         <object_component_ref idref="oc-7c"/>
      </symbol>
      <symbol id="sm-22e">
         <name>_getenv</name>
         <value>0x11533</value>
         <object_component_ref idref="oc-7c"/>
      </symbol>
      <symbol id="sm-22f">
         <name>_HOSTrename</name>
         <value>0x11708</value>
         <object_component_ref idref="oc-7c"/>
      </symbol>
      <symbol id="sm-230">
         <name>_HOSTclock</name>
         <value>0x11a0d</value>
         <object_component_ref idref="oc-7c"/>
      </symbol>
      <symbol id="sm-231">
         <name>_HOSTwrite</name>
         <value>0x115b3</value>
         <object_component_ref idref="oc-7c"/>
      </symbol>
      <symbol id="sm-232">
         <name>_HOSTlseek</name>
         <value>0x118ed</value>
         <object_component_ref idref="oc-7c"/>
      </symbol>
      <symbol id="sm-233">
         <name>_HOSTunlink</name>
         <value>0x1163e</value>
         <object_component_ref idref="oc-7c"/>
      </symbol>
      <symbol id="sm-234">
         <name>_HOSTclose</name>
         <value>0x119a2</value>
         <object_component_ref idref="oc-7c"/>
      </symbol>
      <symbol id="sm-246">
         <name>C$$IO$$</name>
         <value>0x1489d</value>
         <object_component_ref idref="oc-84"/>
      </symbol>
      <symbol id="sm-247">
         <name>__CIOBUF_</name>
         <value>0x62d8</value>
         <object_component_ref idref="oc-83"/>
      </symbol>
      <symbol id="sm-248">
         <name>_readmsg</name>
         <value>0x14d54</value>
         <object_component_ref idref="oc-81"/>
      </symbol>
      <symbol id="sm-249">
         <name>_writemsg</name>
         <value>0x147e4</value>
         <object_component_ref idref="oc-84"/>
      </symbol>
      <symbol id="sm-251">
         <name>__remu</name>
         <value>0x151e6</value>
         <object_component_ref idref="oc-87"/>
      </symbol>
      <symbol id="sm-252">
         <name>__divu</name>
         <value>0x151d1</value>
         <object_component_ref idref="oc-87"/>
      </symbol>
      <symbol id="sm-253">
         <name>I$$UMOD</name>
         <value>0x151e6</value>
         <object_component_ref idref="oc-87"/>
      </symbol>
      <symbol id="sm-254">
         <name>I$$UDIV</name>
         <value>0x151d1</value>
         <object_component_ref idref="oc-87"/>
      </symbol>
      <symbol id="sm-25e">
         <name>_Reset</name>
         <value>0xffff00</value>
         <object_component_ref idref="oc-16"/>
      </symbol>
      <symbol id="sm-268">
         <name>__rd_ok</name>
         <value>0x14787</value>
         <object_component_ref idref="oc-8f"/>
      </symbol>
      <symbol id="sm-269">
         <name>__wrt_ok</name>
         <value>0x1470a</value>
         <object_component_ref idref="oc-8f"/>
      </symbol>
      <symbol id="sm-277">
         <name>__unlock</name>
         <value>0x62c4</value>
         <object_component_ref idref="oc-94"/>
      </symbol>
      <symbol id="sm-278">
         <name>__lock</name>
         <value>0x62c0</value>
         <object_component_ref idref="oc-94"/>
      </symbol>
      <symbol id="sm-279">
         <name>__register_lock</name>
         <value>0x15282</value>
         <object_component_ref idref="oc-93"/>
      </symbol>
      <symbol id="sm-27a">
         <name>__nop</name>
         <value>0x1528a</value>
         <object_component_ref idref="oc-93"/>
      </symbol>
      <symbol id="sm-27b">
         <name>__register_unlock</name>
         <value>0x1527a</value>
         <object_component_ref idref="oc-93"/>
      </symbol>
      <symbol id="sm-28d">
         <name>__printfi</name>
         <value>0x11315</value>
         <object_component_ref idref="oc-99"/>
      </symbol>
      <symbol id="sm-297">
         <name>__args_main</name>
         <value>0x15077</value>
         <object_component_ref idref="oc-9f"/>
      </symbol>
      <symbol id="sm-298">
         <name>__TI_args_main</name>
         <value>0x1</value>
      </symbol>
      <symbol id="sm-2a2">
         <name>_atoi</name>
         <value>0x14e8e</value>
         <object_component_ref idref="oc-a3"/>
      </symbol>
      <symbol id="sm-2aa">
         <name>_auto_init</name>
         <value>0x14fdf</value>
         <object_component_ref idref="oc-a7"/>
      </symbol>
      <symbol id="sm-2b4">
         <name>__eqld</name>
         <value>0x13c09</value>
         <object_component_ref idref="oc-ab"/>
      </symbol>
      <symbol id="sm-2b5">
         <name>__cmpd</name>
         <value>0x13c3d</value>
         <object_component_ref idref="oc-ab"/>
      </symbol>
      <symbol id="sm-2b6">
         <name>__neqd</name>
         <value>0x13aab</value>
         <object_component_ref idref="oc-ab"/>
      </symbol>
      <symbol id="sm-2b7">
         <name>__gtrd</name>
         <value>0x13b74</value>
         <object_component_ref idref="oc-ab"/>
      </symbol>
      <symbol id="sm-2b8">
         <name>__geqd</name>
         <value>0x13bbf</value>
         <object_component_ref idref="oc-ab"/>
      </symbol>
      <symbol id="sm-2b9">
         <name>__leqd</name>
         <value>0x13b27</value>
         <object_component_ref idref="oc-ab"/>
      </symbol>
      <symbol id="sm-2ba">
         <name>__lssd</name>
         <value>0x13adf</value>
         <object_component_ref idref="oc-ab"/>
      </symbol>
      <symbol id="sm-2c2">
         <name>__ctypes_</name>
         <value>0x5ae6</value>
         <object_component_ref idref="oc-124"/>
      </symbol>
      <symbol id="sm-2cc">
         <name>__tmpnams</name>
         <value>0x5e50</value>
         <object_component_ref idref="oc-b1"/>
      </symbol>
      <symbol id="sm-2cd">
         <name>__ft_end</name>
         <value>0x5f90</value>
         <object_component_ref idref="oc-b1"/>
      </symbol>
      <symbol id="sm-2ce">
         <name>__ftable</name>
         <value>0x5d60</value>
         <object_component_ref idref="oc-b1"/>
      </symbol>
      <symbol id="sm-2da">
         <name>__divd</name>
         <value>0x129d8</value>
         <object_component_ref idref="oc-b5"/>
      </symbol>
      <symbol id="sm-2e5">
         <name>__divul</name>
         <value>0x149fe</value>
         <object_component_ref idref="oc-b9"/>
      </symbol>
      <symbol id="sm-2ef">
         <name>__doflush</name>
         <value>0x148a2</value>
         <object_component_ref idref="oc-bd"/>
      </symbol>
      <symbol id="sm-2f0">
         <name>_fflush</name>
         <value>0x14904</value>
         <object_component_ref idref="oc-bd"/>
      </symbol>
      <symbol id="sm-2fa">
         <name>__fixdi</name>
         <value>0x151a7</value>
         <object_component_ref idref="oc-c1"/>
      </symbol>
      <symbol id="sm-304">
         <name>__fixdli</name>
         <value>0x14ce6</value>
         <object_component_ref idref="oc-c5"/>
      </symbol>
      <symbol id="sm-310">
         <name>__fltlid</name>
         <value>0x14e27</value>
         <object_component_ref idref="oc-c9"/>
      </symbol>
      <symbol id="sm-31a">
         <name>_putchar</name>
         <value>0x149ef</value>
         <object_component_ref idref="oc-ce"/>
      </symbol>
      <symbol id="sm-31b">
         <name>_putc</name>
         <value>0x1495c</value>
         <object_component_ref idref="oc-ce"/>
      </symbol>
      <symbol id="sm-31c">
         <name>_fputc</name>
         <value>0x1495c</value>
         <object_component_ref idref="oc-ce"/>
      </symbol>
      <symbol id="sm-326">
         <name>__frcmpyd_div</name>
         <value>0x14c03</value>
         <object_component_ref idref="oc-d2"/>
      </symbol>
      <symbol id="sm-330">
         <name>_fseek</name>
         <value>0x14dbf</value>
         <object_component_ref idref="oc-d6"/>
      </symbol>
      <symbol id="sm-33a">
         <name>___isinf</name>
         <value>0x15239</value>
         <object_component_ref idref="oc-da"/>
      </symbol>
      <symbol id="sm-344">
         <name>__divull</name>
         <value>0x1372c</value>
         <object_component_ref idref="oc-de"/>
      </symbol>
      <symbol id="sm-345">
         <name>__mpylli</name>
         <value>0x13675</value>
         <object_component_ref idref="oc-de"/>
      </symbol>
      <symbol id="sm-346">
         <name>__remlli</name>
         <value>0x13646</value>
         <object_component_ref idref="oc-de"/>
      </symbol>
      <symbol id="sm-347">
         <name>__divlli</name>
         <value>0x13820</value>
         <object_component_ref idref="oc-de"/>
      </symbol>
      <symbol id="sm-348">
         <name>__remull</name>
         <value>0x135f8</value>
         <object_component_ref idref="oc-de"/>
      </symbol>
      <symbol id="sm-352">
         <name>_ltoa</name>
         <value>0x14a9e</value>
         <object_component_ref idref="oc-e2"/>
      </symbol>
      <symbol id="sm-35d">
         <name>_memccpy</name>
         <value>0x151fb</value>
         <object_component_ref idref="oc-e6"/>
      </symbol>
      <symbol id="sm-367">
         <name>__mpyd</name>
         <value>0x14267</value>
         <object_component_ref idref="oc-ea"/>
      </symbol>
      <symbol id="sm-371">
         <name>__negd</name>
         <value>0x1528c</value>
         <object_component_ref idref="oc-ee"/>
      </symbol>
      <symbol id="sm-37b">
         <name>__remli</name>
         <value>0x1502c</value>
         <object_component_ref idref="oc-f2"/>
      </symbol>
      <symbol id="sm-386">
         <name>__remul</name>
         <value>0x14c76</value>
         <object_component_ref idref="oc-f6"/>
      </symbol>
      <symbol id="sm-390">
         <name>_setvbuf</name>
         <value>0x14617</value>
         <object_component_ref idref="oc-fa"/>
      </symbol>
      <symbol id="sm-39a">
         <name>__subd</name>
         <value>0x15253</value>
         <object_component_ref idref="oc-fe"/>
      </symbol>
      <symbol id="sm-3a4">
         <name>__addd</name>
         <value>0x13854</value>
         <object_component_ref idref="oc-102"/>
      </symbol>
      <symbol id="sm-3ae">
         <name>__divli</name>
         <value>0x150c0</value>
         <object_component_ref idref="oc-106"/>
      </symbol>
      <symbol id="sm-3bd">
         <name>__cleanup</name>
         <value>0x134a1</value>
         <object_component_ref idref="oc-10a"/>
      </symbol>
      <symbol id="sm-3be">
         <name>_fopen</name>
         <value>0x135bf</value>
         <object_component_ref idref="oc-10a"/>
      </symbol>
      <symbol id="sm-3bf">
         <name>_freopen</name>
         <value>0x134f9</value>
         <object_component_ref idref="oc-10a"/>
      </symbol>
      <symbol id="sm-3c9">
         <name>__frcmpyd</name>
         <value>0x14b8d</value>
         <object_component_ref idref="oc-110"/>
      </symbol>
      <symbol id="sm-3d9">
         <name>__sys_memory</name>
         <value>0x20c0</value>
         <object_component_ref idref="oc-118"/>
      </symbol>
      <symbol id="sm-3da">
         <name>_chkheap</name>
         <value>0x11f4a</value>
         <object_component_ref idref="oc-114"/>
      </symbol>
      <symbol id="sm-3db">
         <name>_realloc</name>
         <value>0x11cb0</value>
         <object_component_ref idref="oc-114"/>
      </symbol>
      <symbol id="sm-3dc">
         <name>_free_memory</name>
         <value>0x11ee3</value>
         <object_component_ref idref="oc-114"/>
      </symbol>
      <symbol id="sm-3dd">
         <name>_max_free</name>
         <value>0x11e79</value>
         <object_component_ref idref="oc-114"/>
      </symbol>
      <symbol id="sm-3de">
         <name>_free</name>
         <value>0x11a6b</value>
         <object_component_ref idref="oc-114"/>
      </symbol>
      <symbol id="sm-3df">
         <name>_calloc</name>
         <value>0x11f52</value>
         <object_component_ref idref="oc-114"/>
      </symbol>
      <symbol id="sm-3e0">
         <name>_malloc</name>
         <value>0x11baf</value>
         <object_component_ref idref="oc-114"/>
      </symbol>
      <symbol id="sm-3e1">
         <name>_minit</name>
         <value>0x11b3d</value>
         <object_component_ref idref="oc-114"/>
      </symbol>
      <symbol id="sm-3eb">
         <name>_fclose</name>
         <value>0x14b17</value>
         <object_component_ref idref="oc-11b"/>
      </symbol>
      <symbol id="sm-3f5">
         <name>_remove</name>
         <value>0x1529c</value>
         <object_component_ref idref="oc-11f"/>
      </symbol>
   </symbol_table>
</link_info>
