<?xml version="1.0"?>
<link_info>
   <banner>TMS320C55x Linker PC v4.4.1</banner>
   <copyright>Copyright (c) 1996-2012 Texas Instruments Incorporated</copyright>
   <link_time>0x57111b3a</link_time>
   <output_file>CCS_FIR_improved_loopback_eZdsp05.out</output_file>
   <entry_point>
      <name>_c_int00</name>
      <address>0x1533a</address>
   </entry_point>
   <input_file_list>
      <input_file id="fl-2">
         <path>.\</path>
         <kind>object</kind>
         <file>usbstk5505_led.obj</file>
         <name>usbstk5505_led.obj</name>
      </input_file>
      <input_file id="fl-3">
         <path>.\</path>
         <kind>object</kind>
         <file>usbstk5505_i2c.obj</file>
         <name>usbstk5505_i2c.obj</name>
      </input_file>
      <input_file id="fl-4">
         <path>.\</path>
         <kind>object</kind>
         <file>usbstk5505_gpio.obj</file>
         <name>usbstk5505_gpio.obj</name>
      </input_file>
      <input_file id="fl-5">
         <path>.\</path>
         <kind>object</kind>
         <file>usbstk5505.obj</file>
         <name>usbstk5505.obj</name>
      </input_file>
      <input_file id="fl-6">
         <path>.\</path>
         <kind>object</kind>
         <file>stereo.obj</file>
         <name>stereo.obj</name>
      </input_file>
      <input_file id="fl-7">
         <path>.\</path>
         <kind>object</kind>
         <file>main.obj</file>
         <name>main.obj</name>
      </input_file>
      <input_file id="fl-8">
         <path>.\</path>
         <kind>object</kind>
         <file>aic3204_init.obj</file>
         <name>aic3204_init.obj</name>
      </input_file>
      <input_file id="fl-9">
         <path>.\</path>
         <kind>object</kind>
         <file>aic3204.obj</file>
         <name>aic3204.obj</name>
      </input_file>
      <input_file id="fl-a">
         <path>.\</path>
         <kind>object</kind>
         <file>PLL.obj</file>
         <name>PLL.obj</name>
      </input_file>
      <input_file id="fl-b">
         <path>.\</path>
         <kind>object</kind>
         <file>LEDFlasher.obj</file>
         <name>LEDFlasher.obj</name>
      </input_file>
      <input_file id="fl-11">
         <path>..\lib\</path>
         <kind>archive</kind>
         <file>CSLc55x5h.lib</file>
         <name>csl_pll.obj</name>
      </input_file>
      <input_file id="fl-25">
         <path>C:\ti\ccsv5\tools\compiler\c5500_4.4.1\lib\</path>
         <kind>archive</kind>
         <file>rts55h.lib</file>
         <name>boot.obj</name>
      </input_file>
      <input_file id="fl-26">
         <path>C:\ti\ccsv5\tools\compiler\c5500_4.4.1\lib\</path>
         <kind>archive</kind>
         <file>rts55h.lib</file>
         <name>exit.obj</name>
      </input_file>
      <input_file id="fl-27">
         <path>C:\ti\ccsv5\tools\compiler\c5500_4.4.1\lib\</path>
         <kind>archive</kind>
         <file>rts55h.lib</file>
         <name>idiv.obj</name>
      </input_file>
      <input_file id="fl-28">
         <path>C:\ti\ccsv5\tools\compiler\c5500_4.4.1\lib\</path>
         <kind>archive</kind>
         <file>rts55h.lib</file>
         <name>lmpy.obj</name>
      </input_file>
      <input_file id="fl-29">
         <path>C:\ti\ccsv5\tools\compiler\c5500_4.4.1\lib\</path>
         <kind>archive</kind>
         <file>rts55h.lib</file>
         <name>printf.obj</name>
      </input_file>
      <input_file id="fl-2a">
         <path>C:\ti\ccsv5\tools\compiler\c5500_4.4.1\lib\</path>
         <kind>archive</kind>
         <file>rts55h.lib</file>
         <name>udiv.obj</name>
      </input_file>
      <input_file id="fl-2b">
         <path>C:\ti\ccsv5\tools\compiler\c5500_4.4.1\lib\</path>
         <kind>archive</kind>
         <file>rts55h.lib</file>
         <name>vectors.obj</name>
      </input_file>
      <input_file id="fl-2c">
         <path>C:\ti\ccsv5\tools\compiler\c5500_4.4.1\lib\</path>
         <kind>archive</kind>
         <file>rts55h.lib</file>
         <name>_lock.obj</name>
      </input_file>
      <input_file id="fl-2d">
         <path>C:\ti\ccsv5\tools\compiler\c5500_4.4.1\lib\</path>
         <kind>archive</kind>
         <file>rts55h.lib</file>
         <name>_printfi.obj</name>
      </input_file>
      <input_file id="fl-2e">
         <path>C:\ti\ccsv5\tools\compiler\c5500_4.4.1\lib\</path>
         <kind>archive</kind>
         <file>rts55h.lib</file>
         <name>args_main.obj</name>
      </input_file>
      <input_file id="fl-2f">
         <path>C:\ti\ccsv5\tools\compiler\c5500_4.4.1\lib\</path>
         <kind>archive</kind>
         <file>rts55h.lib</file>
         <name>atoi.obj</name>
      </input_file>
      <input_file id="fl-30">
         <path>C:\ti\ccsv5\tools\compiler\c5500_4.4.1\lib\</path>
         <kind>archive</kind>
         <file>rts55h.lib</file>
         <name>autoinit.obj</name>
      </input_file>
      <input_file id="fl-31">
         <path>C:\ti\ccsv5\tools\compiler\c5500_4.4.1\lib\</path>
         <kind>archive</kind>
         <file>rts55h.lib</file>
         <name>cmpd.obj</name>
      </input_file>
      <input_file id="fl-32">
         <path>C:\ti\ccsv5\tools\compiler\c5500_4.4.1\lib\</path>
         <kind>archive</kind>
         <file>rts55h.lib</file>
         <name>ctype.obj</name>
      </input_file>
      <input_file id="fl-33">
         <path>C:\ti\ccsv5\tools\compiler\c5500_4.4.1\lib\</path>
         <kind>archive</kind>
         <file>rts55h.lib</file>
         <name>defs.obj</name>
      </input_file>
      <input_file id="fl-34">
         <path>C:\ti\ccsv5\tools\compiler\c5500_4.4.1\lib\</path>
         <kind>archive</kind>
         <file>rts55h.lib</file>
         <name>divd.obj</name>
      </input_file>
      <input_file id="fl-35">
         <path>C:\ti\ccsv5\tools\compiler\c5500_4.4.1\lib\</path>
         <kind>archive</kind>
         <file>rts55h.lib</file>
         <name>divul.obj</name>
      </input_file>
      <input_file id="fl-36">
         <path>C:\ti\ccsv5\tools\compiler\c5500_4.4.1\lib\</path>
         <kind>archive</kind>
         <file>rts55h.lib</file>
         <name>fixdi.obj</name>
      </input_file>
      <input_file id="fl-37">
         <path>C:\ti\ccsv5\tools\compiler\c5500_4.4.1\lib\</path>
         <kind>archive</kind>
         <file>rts55h.lib</file>
         <name>fixdli.obj</name>
      </input_file>
      <input_file id="fl-38">
         <path>C:\ti\ccsv5\tools\compiler\c5500_4.4.1\lib\</path>
         <kind>archive</kind>
         <file>rts55h.lib</file>
         <name>fltlid.obj</name>
      </input_file>
      <input_file id="fl-39">
         <path>C:\ti\ccsv5\tools\compiler\c5500_4.4.1\lib\</path>
         <kind>archive</kind>
         <file>rts55h.lib</file>
         <name>fputc.obj</name>
      </input_file>
      <input_file id="fl-3a">
         <path>C:\ti\ccsv5\tools\compiler\c5500_4.4.1\lib\</path>
         <kind>archive</kind>
         <file>rts55h.lib</file>
         <name>fputs.obj</name>
      </input_file>
      <input_file id="fl-3b">
         <path>C:\ti\ccsv5\tools\compiler\c5500_4.4.1\lib\</path>
         <kind>archive</kind>
         <file>rts55h.lib</file>
         <name>frcmpyd_div.obj</name>
      </input_file>
      <input_file id="fl-3c">
         <path>C:\ti\ccsv5\tools\compiler\c5500_4.4.1\lib\</path>
         <kind>archive</kind>
         <file>rts55h.lib</file>
         <name>isinf.obj</name>
      </input_file>
      <input_file id="fl-3d">
         <path>C:\ti\ccsv5\tools\compiler\c5500_4.4.1\lib\</path>
         <kind>archive</kind>
         <file>rts55h.lib</file>
         <name>llmpy.obj</name>
      </input_file>
      <input_file id="fl-3e">
         <path>C:\ti\ccsv5\tools\compiler\c5500_4.4.1\lib\</path>
         <kind>archive</kind>
         <file>rts55h.lib</file>
         <name>lowlev.obj</name>
      </input_file>
      <input_file id="fl-3f">
         <path>C:\ti\ccsv5\tools\compiler\c5500_4.4.1\lib\</path>
         <kind>archive</kind>
         <file>rts55h.lib</file>
         <name>ltoa.obj</name>
      </input_file>
      <input_file id="fl-40">
         <path>C:\ti\ccsv5\tools\compiler\c5500_4.4.1\lib\</path>
         <kind>archive</kind>
         <file>rts55h.lib</file>
         <name>memccpy.obj</name>
      </input_file>
      <input_file id="fl-41">
         <path>C:\ti\ccsv5\tools\compiler\c5500_4.4.1\lib\</path>
         <kind>archive</kind>
         <file>rts55h.lib</file>
         <name>memcpy.obj</name>
      </input_file>
      <input_file id="fl-42">
         <path>C:\ti\ccsv5\tools\compiler\c5500_4.4.1\lib\</path>
         <kind>archive</kind>
         <file>rts55h.lib</file>
         <name>mpyd.obj</name>
      </input_file>
      <input_file id="fl-43">
         <path>C:\ti\ccsv5\tools\compiler\c5500_4.4.1\lib\</path>
         <kind>archive</kind>
         <file>rts55h.lib</file>
         <name>negd.obj</name>
      </input_file>
      <input_file id="fl-44">
         <path>C:\ti\ccsv5\tools\compiler\c5500_4.4.1\lib\</path>
         <kind>archive</kind>
         <file>rts55h.lib</file>
         <name>remli.obj</name>
      </input_file>
      <input_file id="fl-45">
         <path>C:\ti\ccsv5\tools\compiler\c5500_4.4.1\lib\</path>
         <kind>archive</kind>
         <file>rts55h.lib</file>
         <name>remul.obj</name>
      </input_file>
      <input_file id="fl-46">
         <path>C:\ti\ccsv5\tools\compiler\c5500_4.4.1\lib\</path>
         <kind>archive</kind>
         <file>rts55h.lib</file>
         <name>subd.obj</name>
      </input_file>
      <input_file id="fl-47">
         <path>C:\ti\ccsv5\tools\compiler\c5500_4.4.1\lib\</path>
         <kind>archive</kind>
         <file>rts55h.lib</file>
         <name>trgdrv.obj</name>
      </input_file>
      <input_file id="fl-48">
         <path>C:\ti\ccsv5\tools\compiler\c5500_4.4.1\lib\</path>
         <kind>archive</kind>
         <file>rts55h.lib</file>
         <name>trgmsg.obj</name>
      </input_file>
      <input_file id="fl-49">
         <path>C:\ti\ccsv5\tools\compiler\c5500_4.4.1\lib\</path>
         <kind>archive</kind>
         <file>rts55h.lib</file>
         <name>_io_perm.obj</name>
      </input_file>
      <input_file id="fl-4a">
         <path>C:\ti\ccsv5\tools\compiler\c5500_4.4.1\lib\</path>
         <kind>archive</kind>
         <file>rts55h.lib</file>
         <name>addd.obj</name>
      </input_file>
      <input_file id="fl-4b">
         <path>C:\ti\ccsv5\tools\compiler\c5500_4.4.1\lib\</path>
         <kind>archive</kind>
         <file>rts55h.lib</file>
         <name>divli.obj</name>
      </input_file>
      <input_file id="fl-4c">
         <path>C:\ti\ccsv5\tools\compiler\c5500_4.4.1\lib\</path>
         <kind>archive</kind>
         <file>rts55h.lib</file>
         <name>fflush.obj</name>
      </input_file>
      <input_file id="fl-4d">
         <path>C:\ti\ccsv5\tools\compiler\c5500_4.4.1\lib\</path>
         <kind>archive</kind>
         <file>rts55h.lib</file>
         <name>frcmpyd.obj</name>
      </input_file>
      <input_file id="fl-4e">
         <path>C:\ti\ccsv5\tools\compiler\c5500_4.4.1\lib\</path>
         <kind>archive</kind>
         <file>rts55h.lib</file>
         <name>fseek.obj</name>
      </input_file>
      <input_file id="fl-4f">
         <path>C:\ti\ccsv5\tools\compiler\c5500_4.4.1\lib\</path>
         <kind>archive</kind>
         <file>rts55h.lib</file>
         <name>setvbuf.obj</name>
      </input_file>
      <input_file id="fl-50">
         <path>C:\ti\ccsv5\tools\compiler\c5500_4.4.1\lib\</path>
         <kind>archive</kind>
         <file>rts55h.lib</file>
         <name>fopen.obj</name>
      </input_file>
      <input_file id="fl-51">
         <path>C:\ti\ccsv5\tools\compiler\c5500_4.4.1\lib\</path>
         <kind>archive</kind>
         <file>rts55h.lib</file>
         <name>memory.obj</name>
      </input_file>
      <input_file id="fl-52">
         <path>C:\ti\ccsv5\tools\compiler\c5500_4.4.1\lib\</path>
         <kind>archive</kind>
         <file>rts55h.lib</file>
         <name>fclose.obj</name>
      </input_file>
      <input_file id="fl-53">
         <path>C:\ti\ccsv5\tools\compiler\c5500_4.4.1\lib\</path>
         <kind>archive</kind>
         <file>rts55h.lib</file>
         <name>remove.obj</name>
      </input_file>
   </input_file_list>
   <object_component_list>
      <object_component id="oc-16">
         <name>vectors</name>
         <load_address>0xffff00</load_address>
         <run_address>0xffff00</run_address>
         <size>0x100</size>
         <input_file_ref idref="fl-2b"/>
      </object_component>
      <object_component id="oc-35">
         <name>.cinit</name>
         <load_address>0xb480</load_address>
         <run_address>0xb480</run_address>
         <size>0x192</size>
         <input_file_ref idref="fl-7"/>
      </object_component>
      <object_component id="oc-4a">
         <name>.cinit</name>
         <load_address>0xb612</load_address>
         <run_address>0xb612</run_address>
         <size>0x8c</size>
         <input_file_ref idref="fl-a"/>
      </object_component>
      <object_component id="oc-c9">
         <name>.cinit</name>
         <load_address>0xb69e</load_address>
         <run_address>0xb69e</run_address>
         <size>0x5a</size>
         <input_file_ref idref="fl-3e"/>
      </object_component>
      <object_component id="oc-9a">
         <name>.cinit</name>
         <load_address>0xb6f8</load_address>
         <run_address>0xb6f8</run_address>
         <size>0x54</size>
         <input_file_ref idref="fl-33"/>
      </object_component>
      <object_component id="oc-52">
         <name>.cinit</name>
         <load_address>0xb74c</load_address>
         <run_address>0xb74c</run_address>
         <size>0x48</size>
         <input_file_ref idref="fl-b"/>
      </object_component>
      <object_component id="oc-7d">
         <name>.cinit</name>
         <load_address>0xb794</load_address>
         <run_address>0xb794</run_address>
         <size>0x14</size>
         <input_file_ref idref="fl-2c"/>
      </object_component>
      <object_component id="oc-62">
         <name>.cinit</name>
         <load_address>0xb7a8</load_address>
         <run_address>0xb7a8</run_address>
         <size>0x14</size>
         <input_file_ref idref="fl-26"/>
      </object_component>
      <object_component id="oc-116">
         <name>.cinit</name>
         <load_address>0xb7bc</load_address>
         <run_address>0xb7bc</run_address>
         <size>0x8</size>
         <input_file_ref idref="fl-50"/>
      </object_component>
      <object_component id="oc-11c">
         <name>.cinit</name>
         <load_address>0xb7c4</load_address>
         <run_address>0xb7c4</run_address>
         <size>0x8</size>
         <input_file_ref idref="fl-51"/>
      </object_component>
      <object_component id="oc-1f">
         <name>.cinit</name>
         <load_address>0xb7cc</load_address>
         <run_address>0xb7cc</run_address>
         <size>0x8</size>
         <input_file_ref idref="fl-3"/>
      </object_component>
      <object_component id="oc-80">
         <name>.text</name>
         <load_address>0x10000</load_address>
         <run_address>0x10000</run_address>
         <size>0x1533</size>
         <input_file_ref idref="fl-2d"/>
      </object_component>
      <object_component id="oc-ec">
         <name>.text</name>
         <load_address>0x11533</load_address>
         <run_address>0x11533</run_address>
         <size>0x538</size>
         <input_file_ref idref="fl-47"/>
      </object_component>
      <object_component id="oc-119">
         <name>.text</name>
         <load_address>0x11a6b</load_address>
         <run_address>0x11a6b</run_address>
         <size>0x533</size>
         <input_file_ref idref="fl-51"/>
      </object_component>
      <object_component id="oc-3b">
         <name>.text</name>
         <load_address>0x11f9e</load_address>
         <run_address>0x11f9e</run_address>
         <size>0x522</size>
         <input_file_ref idref="fl-8"/>
      </object_component>
      <object_component id="oc-c6">
         <name>.text</name>
         <load_address>0x124c0</load_address>
         <run_address>0x124c0</run_address>
         <size>0x518</size>
         <input_file_ref idref="fl-3e"/>
      </object_component>
      <object_component id="oc-9c">
         <name>.text</name>
         <load_address>0x129d8</load_address>
         <run_address>0x129d8</run_address>
         <size>0x3c7</size>
         <input_file_ref idref="fl-34"/>
      </object_component>
      <object_component id="oc-47">
         <name>.text</name>
         <load_address>0x12d9f</load_address>
         <run_address>0x12d9f</run_address>
         <size>0x340</size>
         <input_file_ref idref="fl-a"/>
      </object_component>
      <object_component id="oc-32">
         <name>.text</name>
         <load_address>0x130df</load_address>
         <run_address>0x130df</run_address>
         <size>0x340</size>
         <input_file_ref idref="fl-7"/>
      </object_component>
      <object_component id="oc-56">
         <name>.text</name>
         <load_address>0x1341f</load_address>
         <run_address>0x1341f</run_address>
         <size>0x2ad</size>
         <input_file_ref idref="fl-11"/>
      </object_component>
      <object_component id="oc-113">
         <name>.text</name>
         <load_address>0x136cc</load_address>
         <run_address>0x136cc</run_address>
         <size>0x26c</size>
         <input_file_ref idref="fl-50"/>
      </object_component>
      <object_component id="oc-c2">
         <name>.text</name>
         <load_address>0x13938</load_address>
         <run_address>0x13938</run_address>
         <size>0x25c</size>
         <input_file_ref idref="fl-3d"/>
      </object_component>
      <object_component id="oc-fb">
         <name>.text</name>
         <load_address>0x13b94</load_address>
         <run_address>0x13b94</run_address>
         <size>0x257</size>
         <input_file_ref idref="fl-4a"/>
      </object_component>
      <object_component id="oc-92">
         <name>.text</name>
         <load_address>0x13deb</load_address>
         <run_address>0x13deb</run_address>
         <size>0x1ea</size>
         <input_file_ref idref="fl-31"/>
      </object_component>
      <object_component id="oc-b5">
         <name>.text</name>
         <load_address>0x13fd5</load_address>
         <run_address>0x13fd5</run_address>
         <size>0x17b</size>
         <input_file_ref idref="fl-3a"/>
      </object_component>
      <object_component id="oc-4f">
         <name>.text</name>
         <load_address>0x14150</load_address>
         <run_address>0x14150</run_address>
         <size>0x16b</size>
         <input_file_ref idref="fl-b"/>
      </object_component>
      <object_component id="oc-23">
         <name>.text</name>
         <load_address>0x142bb</load_address>
         <run_address>0x142bb</run_address>
         <size>0x164</size>
         <input_file_ref idref="fl-4"/>
      </object_component>
      <object_component id="oc-d8">
         <name>.text</name>
         <load_address>0x1441f</load_address>
         <run_address>0x1441f</run_address>
         <size>0x14b</size>
         <input_file_ref idref="fl-42"/>
      </object_component>
      <object_component id="oc-41">
         <name>.text</name>
         <load_address>0x1456a</load_address>
         <run_address>0x1456a</run_address>
         <size>0x13b</size>
         <input_file_ref idref="fl-9"/>
      </object_component>
      <object_component id="oc-1c">
         <name>.text</name>
         <load_address>0x146a5</load_address>
         <run_address>0x146a5</run_address>
         <size>0x12a</size>
         <input_file_ref idref="fl-3"/>
      </object_component>
      <object_component id="oc-10f">
         <name>.text</name>
         <load_address>0x147cf</load_address>
         <run_address>0x147cf</run_address>
         <size>0xf3</size>
         <input_file_ref idref="fl-4f"/>
      </object_component>
      <object_component id="oc-f7">
         <name>.text</name>
         <load_address>0x148c2</load_address>
         <run_address>0x148c2</run_address>
         <size>0xda</size>
         <input_file_ref idref="fl-49"/>
      </object_component>
      <object_component id="oc-f4">
         <name>.text:CIO_breakpoint</name>
         <load_address>0x1499c</load_address>
         <run_address>0x1499c</run_address>
         <size>0xbe</size>
         <input_file_ref idref="fl-48"/>
      </object_component>
      <object_component id="oc-103">
         <name>.text</name>
         <load_address>0x14a5a</load_address>
         <run_address>0x14a5a</run_address>
         <size>0xba</size>
         <input_file_ref idref="fl-4c"/>
      </object_component>
      <object_component id="oc-b1">
         <name>.text</name>
         <load_address>0x14b14</load_address>
         <run_address>0x14b14</run_address>
         <size>0xa2</size>
         <input_file_ref idref="fl-39"/>
      </object_component>
      <object_component id="oc-a0">
         <name>.text</name>
         <load_address>0x14bb6</load_address>
         <run_address>0x14bb6</run_address>
         <size>0xa0</size>
         <input_file_ref idref="fl-35"/>
      </object_component>
      <object_component id="oc-cc">
         <name>.text</name>
         <load_address>0x14c56</load_address>
         <run_address>0x14c56</run_address>
         <size>0x79</size>
         <input_file_ref idref="fl-3f"/>
      </object_component>
      <object_component id="oc-120">
         <name>.text</name>
         <load_address>0x14ccf</load_address>
         <run_address>0x14ccf</run_address>
         <size>0x76</size>
         <input_file_ref idref="fl-52"/>
      </object_component>
      <object_component id="oc-107">
         <name>.text</name>
         <load_address>0x14d45</load_address>
         <run_address>0x14d45</run_address>
         <size>0x76</size>
         <input_file_ref idref="fl-4d"/>
      </object_component>
      <object_component id="oc-ba">
         <name>.text</name>
         <load_address>0x14dbb</load_address>
         <run_address>0x14dbb</run_address>
         <size>0x73</size>
         <input_file_ref idref="fl-3b"/>
      </object_component>
      <object_component id="oc-e4">
         <name>.text</name>
         <load_address>0x14e2e</load_address>
         <run_address>0x14e2e</run_address>
         <size>0x70</size>
         <input_file_ref idref="fl-45"/>
      </object_component>
      <object_component id="oc-a8">
         <name>.text</name>
         <load_address>0x14e9e</load_address>
         <run_address>0x14e9e</run_address>
         <size>0x6e</size>
         <input_file_ref idref="fl-37"/>
      </object_component>
      <object_component id="oc-f1">
         <name>.text</name>
         <load_address>0x14f0c</load_address>
         <run_address>0x14f0c</run_address>
         <size>0x6b</size>
         <input_file_ref idref="fl-48"/>
      </object_component>
      <object_component id="oc-10b">
         <name>.text</name>
         <load_address>0x14f77</load_address>
         <run_address>0x14f77</run_address>
         <size>0x68</size>
         <input_file_ref idref="fl-4e"/>
      </object_component>
      <object_component id="oc-ac">
         <name>.text</name>
         <load_address>0x14fdf</load_address>
         <run_address>0x14fdf</run_address>
         <size>0x67</size>
         <input_file_ref idref="fl-38"/>
      </object_component>
      <object_component id="oc-8a">
         <name>.text</name>
         <load_address>0x15046</load_address>
         <run_address>0x15046</run_address>
         <size>0x59</size>
         <input_file_ref idref="fl-2f"/>
      </object_component>
      <object_component id="oc-d4">
         <name>.text</name>
         <load_address>0x1509f</load_address>
         <run_address>0x1509f</run_address>
         <size>0x56</size>
         <input_file_ref idref="fl-41"/>
      </object_component>
      <object_component id="oc-28">
         <name>.text</name>
         <load_address>0x150f5</load_address>
         <run_address>0x150f5</run_address>
         <size>0x54</size>
         <input_file_ref idref="fl-5"/>
      </object_component>
      <object_component id="oc-6e">
         <name>.text</name>
         <load_address>0x15149</load_address>
         <run_address>0x15149</run_address>
         <size>0x4e</size>
         <input_file_ref idref="fl-29"/>
      </object_component>
      <object_component id="oc-8e">
         <name>.text</name>
         <load_address>0x15197</load_address>
         <run_address>0x15197</run_address>
         <size>0x4d</size>
         <input_file_ref idref="fl-30"/>
      </object_component>
      <object_component id="oc-e0">
         <name>.text</name>
         <load_address>0x151e4</load_address>
         <run_address>0x151e4</run_address>
         <size>0x4b</size>
         <input_file_ref idref="fl-44"/>
      </object_component>
      <object_component id="oc-86">
         <name>.text</name>
         <load_address>0x1522f</load_address>
         <run_address>0x1522f</run_address>
         <size>0x49</size>
         <input_file_ref idref="fl-2e"/>
      </object_component>
      <object_component id="oc-ff">
         <name>.text</name>
         <load_address>0x15278</load_address>
         <run_address>0x15278</run_address>
         <size>0x48</size>
         <input_file_ref idref="fl-4b"/>
      </object_component>
      <object_component id="oc-5f">
         <name>.text</name>
         <load_address>0x152c0</load_address>
         <run_address>0x152c0</run_address>
         <size>0x3e</size>
         <input_file_ref idref="fl-26"/>
      </object_component>
      <object_component id="oc-66">
         <name>.text</name>
         <load_address>0x152fe</load_address>
         <run_address>0x152fe</run_address>
         <size>0x3c</size>
         <input_file_ref idref="fl-27"/>
      </object_component>
      <object_component id="oc-15">
         <name>.text</name>
         <load_address>0x1533a</load_address>
         <run_address>0x1533a</run_address>
         <size>0x34</size>
         <input_file_ref idref="fl-25"/>
      </object_component>
      <object_component id="oc-17">
         <name>.text</name>
         <load_address>0x1536e</load_address>
         <run_address>0x1536e</run_address>
         <size>0x2d</size>
         <input_file_ref idref="fl-2"/>
      </object_component>
      <object_component id="oc-a4">
         <name>.text</name>
         <load_address>0x1539b</load_address>
         <run_address>0x1539b</run_address>
         <size>0x2a</size>
         <input_file_ref idref="fl-36"/>
      </object_component>
      <object_component id="oc-72">
         <name>.text</name>
         <load_address>0x153c5</load_address>
         <run_address>0x153c5</run_address>
         <size>0x2a</size>
         <input_file_ref idref="fl-2a"/>
      </object_component>
      <object_component id="oc-d0">
         <name>.text</name>
         <load_address>0x153ef</load_address>
         <run_address>0x153ef</run_address>
         <size>0x22</size>
         <input_file_ref idref="fl-40"/>
      </object_component>
      <object_component id="oc-2d">
         <name>.text</name>
         <load_address>0x15411</load_address>
         <run_address>0x15411</run_address>
         <size>0x1c</size>
         <input_file_ref idref="fl-6"/>
      </object_component>
      <object_component id="oc-be">
         <name>.text</name>
         <load_address>0x1542d</load_address>
         <run_address>0x1542d</run_address>
         <size>0x1a</size>
         <input_file_ref idref="fl-3c"/>
      </object_component>
      <object_component id="oc-e8">
         <name>.text</name>
         <load_address>0x15447</load_address>
         <run_address>0x15447</run_address>
         <size>0x14</size>
         <input_file_ref idref="fl-46"/>
      </object_component>
      <object_component id="oc-6a">
         <name>.text</name>
         <load_address>0x1545b</load_address>
         <run_address>0x1545b</run_address>
         <size>0x13</size>
         <input_file_ref idref="fl-28"/>
      </object_component>
      <object_component id="oc-7a">
         <name>.text</name>
         <load_address>0x1546e</load_address>
         <run_address>0x1546e</run_address>
         <size>0x12</size>
         <input_file_ref idref="fl-2c"/>
      </object_component>
      <object_component id="oc-dc">
         <name>.text</name>
         <load_address>0x15480</load_address>
         <run_address>0x15480</run_address>
         <size>0x10</size>
         <input_file_ref idref="fl-43"/>
      </object_component>
      <object_component id="oc-124">
         <name>.text</name>
         <load_address>0x15490</load_address>
         <run_address>0x15490</run_address>
         <size>0xa</size>
         <input_file_ref idref="fl-53"/>
      </object_component>
      <object_component id="oc-63">
         <name>.text:CIO_breakpoint</name>
         <load_address>0x1549a</load_address>
         <run_address>0x1549a</run_address>
         <size>0x7</size>
         <input_file_ref idref="fl-26"/>
      </object_component>
      <object_component id="oc-76">
         <name>.text</name>
         <load_address>0x154a1</load_address>
         <run_address>0x154a1</run_address>
         <size>0x2</size>
         <input_file_ref idref="fl-2b"/>
      </object_component>
      <object_component id="oc-5b">
         <name>.stack</name>
         <uninitialized>true</uninitialized>
         <run_address>0x59ac</run_address>
         <size>0x0</size>
         <input_file_ref idref="fl-25"/>
      </object_component>
      <object_component id="oc-147">
         <name>.stack</name>
         <uninitialized>true</uninitialized>
         <run_address>0x59ac</run_address>
         <size>0x0</size>
      </object_component>
      <object_component id="oc-128">
         <name>.sysstack</name>
         <uninitialized>true</uninitialized>
         <run_address>0x99ac</run_address>
         <size>0x0</size>
         <input_file_ref idref="fl-25"/>
      </object_component>
      <object_component id="oc-149">
         <name>.sysstack</name>
         <uninitialized>true</uninitialized>
         <run_address>0x99ac</run_address>
         <size>0x0</size>
      </object_component>
      <object_component id="oc-11d">
         <name>.sysmem</name>
         <uninitialized>true</uninitialized>
         <run_address>0x79ac</run_address>
         <size>0x0</size>
         <input_file_ref idref="fl-51"/>
      </object_component>
      <object_component id="oc-148">
         <name>.sysmem</name>
         <uninitialized>true</uninitialized>
         <run_address>0x79ac</run_address>
         <size>0x0</size>
      </object_component>
      <object_component id="oc-f3">
         <name>.cio</name>
         <uninitialized>true</uninitialized>
         <run_address>0xb7d8</run_address>
         <size>0x240</size>
         <input_file_ref idref="fl-48"/>
      </object_component>
      <object_component id="oc-1d">
         <name>.bss</name>
         <uninitialized>true</uninitialized>
         <run_address>0x5906</run_address>
         <size>0x2</size>
         <input_file_ref idref="fl-3"/>
      </object_component>
      <object_component id="oc-33">
         <name>.bss</name>
         <uninitialized>true</uninitialized>
         <run_address>0xc0</run_address>
         <size>0x5390</size>
         <input_file_ref idref="fl-7"/>
      </object_component>
      <object_component id="oc-42">
         <name>.bss</name>
         <uninitialized>true</uninitialized>
         <run_address>0x59a8</run_address>
         <size>0x4</size>
         <input_file_ref idref="fl-9"/>
      </object_component>
      <object_component id="oc-48">
         <name>.bss</name>
         <uninitialized>true</uninitialized>
         <run_address>0x5908</run_address>
         <size>0x6c</size>
         <input_file_ref idref="fl-a"/>
      </object_component>
      <object_component id="oc-50">
         <name>.bss</name>
         <uninitialized>true</uninitialized>
         <run_address>0x5974</run_address>
         <size>0x14</size>
         <input_file_ref idref="fl-b"/>
      </object_component>
      <object_component id="oc-60">
         <name>.bss</name>
         <uninitialized>true</uninitialized>
         <run_address>0x59a0</run_address>
         <size>0x8</size>
         <input_file_ref idref="fl-26"/>
      </object_component>
      <object_component id="oc-7b">
         <name>.bss</name>
         <uninitialized>true</uninitialized>
         <run_address>0x5998</run_address>
         <size>0x8</size>
         <input_file_ref idref="fl-2c"/>
      </object_component>
      <object_component id="oc-98">
         <name>.bss</name>
         <uninitialized>true</uninitialized>
         <run_address>0x5450</run_address>
         <size>0x232</size>
         <input_file_ref idref="fl-33"/>
      </object_component>
      <object_component id="oc-c7">
         <name>.bss</name>
         <uninitialized>true</uninitialized>
         <run_address>0x5824</run_address>
         <size>0xe2</size>
         <input_file_ref idref="fl-3e"/>
      </object_component>
      <object_component id="oc-ed">
         <name>.bss</name>
         <uninitialized>true</uninitialized>
         <run_address>0x5682</run_address>
         <size>0x1a0</size>
         <input_file_ref idref="fl-47"/>
      </object_component>
      <object_component id="oc-114">
         <name>.bss</name>
         <uninitialized>true</uninitialized>
         <run_address>0x5822</run_address>
         <size>0x2</size>
         <input_file_ref idref="fl-50"/>
      </object_component>
      <object_component id="oc-11a">
         <name>.bss</name>
         <uninitialized>true</uninitialized>
         <run_address>0x5988</run_address>
         <size>0xe</size>
         <input_file_ref idref="fl-51"/>
      </object_component>
      <object_component id="oc-4b">
         <name>.const:.string</name>
         <load_address>0xa9ac</load_address>
         <run_address>0xa9ac</run_address>
         <size>0x46c</size>
         <input_file_ref idref="fl-a"/>
      </object_component>
      <object_component id="oc-3d">
         <name>.const:.string</name>
         <load_address>0xae18</load_address>
         <run_address>0xae18</run_address>
         <size>0x2e8</size>
         <input_file_ref idref="fl-8"/>
      </object_component>
      <object_component id="oc-129">
         <name>.const:__ctypes_</name>
         <load_address>0xb100</load_address>
         <run_address>0xb100</run_address>
         <size>0x202</size>
         <input_file_ref idref="fl-32"/>
      </object_component>
      <object_component id="oc-36">
         <name>.const</name>
         <load_address>0xb302</load_address>
         <run_address>0xb302</run_address>
         <size>0x2</size>
         <input_file_ref idref="fl-7"/>
      </object_component>
      <object_component id="oc-37">
         <name>.const:.string</name>
         <load_address>0xb304</load_address>
         <run_address>0xb304</run_address>
         <size>0x102</size>
         <input_file_ref idref="fl-7"/>
      </object_component>
      <object_component id="oc-83">
         <name>.const:.string</name>
         <load_address>0xb408</load_address>
         <run_address>0xb408</run_address>
         <size>0x48</size>
         <input_file_ref idref="fl-2d"/>
      </object_component>
      <object_component id="oc-82">
         <name>.const</name>
         <load_address>0xb450</load_address>
         <run_address>0xb450</run_address>
         <size>0x18</size>
         <input_file_ref idref="fl-2d"/>
      </object_component>
      <object_component id="oc-12a">
         <name>.const:_initial_approx$1</name>
         <load_address>0xb468</load_address>
         <run_address>0xb468</run_address>
         <size>0x10</size>
         <input_file_ref idref="fl-34"/>
      </object_component>
      <object_component id="oc-b7">
         <name>.const:.string</name>
         <load_address>0xb478</load_address>
         <run_address>0xb478</run_address>
         <size>0x4</size>
         <input_file_ref idref="fl-3a"/>
      </object_component>
      <object_component id="oc-ae">
         <name>.const</name>
         <load_address>0xb47c</load_address>
         <run_address>0xb47c</run_address>
         <size>0x4</size>
         <input_file_ref idref="fl-38"/>
      </object_component>
      <object_component id="oc-18">
         <name>.debug_info</name>
         <load_address>0x0</load_address>
         <run_address>0x0</run_address>
         <size>0x662</size>
         <input_file_ref idref="fl-2"/>
      </object_component>
      <object_component id="oc-1e">
         <name>.debug_info</name>
         <load_address>0x662</load_address>
         <run_address>0x662</run_address>
         <size>0xb23</size>
         <input_file_ref idref="fl-3"/>
      </object_component>
      <object_component id="oc-24">
         <name>.debug_info</name>
         <load_address>0x1185</load_address>
         <run_address>0x1185</run_address>
         <size>0x82e</size>
         <input_file_ref idref="fl-4"/>
      </object_component>
      <object_component id="oc-29">
         <name>.debug_info</name>
         <load_address>0x19b3</load_address>
         <run_address>0x19b3</run_address>
         <size>0x69c</size>
         <input_file_ref idref="fl-5"/>
      </object_component>
      <object_component id="oc-2e">
         <name>.debug_info</name>
         <load_address>0x204f</load_address>
         <run_address>0x204f</run_address>
         <size>0x59e</size>
         <input_file_ref idref="fl-6"/>
      </object_component>
      <object_component id="oc-34">
         <name>.debug_info</name>
         <load_address>0x25ed</load_address>
         <run_address>0x25ed</run_address>
         <size>0xebe</size>
         <input_file_ref idref="fl-7"/>
      </object_component>
      <object_component id="oc-3c">
         <name>.debug_info</name>
         <load_address>0x34ab</load_address>
         <run_address>0x34ab</run_address>
         <size>0xe91</size>
         <input_file_ref idref="fl-8"/>
      </object_component>
      <object_component id="oc-43">
         <name>.debug_info</name>
         <load_address>0x433c</load_address>
         <run_address>0x433c</run_address>
         <size>0xcaa</size>
         <input_file_ref idref="fl-9"/>
      </object_component>
      <object_component id="oc-49">
         <name>.debug_info</name>
         <load_address>0x4fe6</load_address>
         <run_address>0x4fe6</run_address>
         <size>0x125e</size>
         <input_file_ref idref="fl-a"/>
      </object_component>
      <object_component id="oc-51">
         <name>.debug_info</name>
         <load_address>0x6244</load_address>
         <run_address>0x6244</run_address>
         <size>0x6ab</size>
         <input_file_ref idref="fl-b"/>
      </object_component>
      <object_component id="oc-57">
         <name>.debug_info</name>
         <load_address>0x68ef</load_address>
         <run_address>0x68ef</run_address>
         <size>0x5ff3</size>
         <input_file_ref idref="fl-11"/>
      </object_component>
      <object_component id="oc-5c">
         <name>.debug_info</name>
         <load_address>0xc8e2</load_address>
         <run_address>0xc8e2</run_address>
         <size>0xe8</size>
         <input_file_ref idref="fl-25"/>
      </object_component>
      <object_component id="oc-61">
         <name>.debug_info</name>
         <load_address>0xc9ca</load_address>
         <run_address>0xc9ca</run_address>
         <size>0x5fb</size>
         <input_file_ref idref="fl-26"/>
      </object_component>
      <object_component id="oc-67">
         <name>.debug_info</name>
         <load_address>0xcfc5</load_address>
         <run_address>0xcfc5</run_address>
         <size>0xeb</size>
         <input_file_ref idref="fl-27"/>
      </object_component>
      <object_component id="oc-6b">
         <name>.debug_info</name>
         <load_address>0xd0b0</load_address>
         <run_address>0xd0b0</run_address>
         <size>0xbd</size>
         <input_file_ref idref="fl-28"/>
      </object_component>
      <object_component id="oc-6f">
         <name>.debug_info</name>
         <load_address>0xd16d</load_address>
         <run_address>0xd16d</run_address>
         <size>0x76c</size>
         <input_file_ref idref="fl-29"/>
      </object_component>
      <object_component id="oc-73">
         <name>.debug_info</name>
         <load_address>0xd8d9</load_address>
         <run_address>0xd8d9</run_address>
         <size>0xef</size>
         <input_file_ref idref="fl-2a"/>
      </object_component>
      <object_component id="oc-77">
         <name>.debug_info</name>
         <load_address>0xd9c8</load_address>
         <run_address>0xd9c8</run_address>
         <size>0xbc</size>
         <input_file_ref idref="fl-2b"/>
      </object_component>
      <object_component id="oc-7c">
         <name>.debug_info</name>
         <load_address>0xda84</load_address>
         <run_address>0xda84</run_address>
         <size>0x5bc</size>
         <input_file_ref idref="fl-2c"/>
      </object_component>
      <object_component id="oc-81">
         <name>.debug_info</name>
         <load_address>0xe040</load_address>
         <run_address>0xe040</run_address>
         <size>0x27bd</size>
         <input_file_ref idref="fl-2d"/>
      </object_component>
      <object_component id="oc-87">
         <name>.debug_info</name>
         <load_address>0x107fd</load_address>
         <run_address>0x107fd</run_address>
         <size>0x586</size>
         <input_file_ref idref="fl-2e"/>
      </object_component>
      <object_component id="oc-8b">
         <name>.debug_info</name>
         <load_address>0x10d83</load_address>
         <run_address>0x10d83</run_address>
         <size>0x5a4</size>
         <input_file_ref idref="fl-2f"/>
      </object_component>
      <object_component id="oc-8f">
         <name>.debug_info</name>
         <load_address>0x11327</load_address>
         <run_address>0x11327</run_address>
         <size>0xcd</size>
         <input_file_ref idref="fl-30"/>
      </object_component>
      <object_component id="oc-93">
         <name>.debug_info</name>
         <load_address>0x113f4</load_address>
         <run_address>0x113f4</run_address>
         <size>0x81f</size>
         <input_file_ref idref="fl-31"/>
      </object_component>
      <object_component id="oc-96">
         <name>.debug_info</name>
         <load_address>0x11c13</load_address>
         <run_address>0x11c13</run_address>
         <size>0x498</size>
         <input_file_ref idref="fl-32"/>
      </object_component>
      <object_component id="oc-99">
         <name>.debug_info</name>
         <load_address>0x120ab</load_address>
         <run_address>0x120ab</run_address>
         <size>0x57e</size>
         <input_file_ref idref="fl-33"/>
      </object_component>
      <object_component id="oc-9d">
         <name>.debug_info</name>
         <load_address>0x12629</load_address>
         <run_address>0x12629</run_address>
         <size>0x7e8</size>
         <input_file_ref idref="fl-34"/>
      </object_component>
      <object_component id="oc-a1">
         <name>.debug_info</name>
         <load_address>0x12e11</load_address>
         <run_address>0x12e11</run_address>
         <size>0x534</size>
         <input_file_ref idref="fl-35"/>
      </object_component>
      <object_component id="oc-a5">
         <name>.debug_info</name>
         <load_address>0x13345</load_address>
         <run_address>0x13345</run_address>
         <size>0x4cf</size>
         <input_file_ref idref="fl-36"/>
      </object_component>
      <object_component id="oc-a9">
         <name>.debug_info</name>
         <load_address>0x13814</load_address>
         <run_address>0x13814</run_address>
         <size>0x534</size>
         <input_file_ref idref="fl-37"/>
      </object_component>
      <object_component id="oc-ad">
         <name>.debug_info</name>
         <load_address>0x13d48</load_address>
         <run_address>0x13d48</run_address>
         <size>0x549</size>
         <input_file_ref idref="fl-38"/>
      </object_component>
      <object_component id="oc-b2">
         <name>.debug_info</name>
         <load_address>0x14291</load_address>
         <run_address>0x14291</run_address>
         <size>0x6aa</size>
         <input_file_ref idref="fl-39"/>
      </object_component>
      <object_component id="oc-b6">
         <name>.debug_info</name>
         <load_address>0x1493b</load_address>
         <run_address>0x1493b</run_address>
         <size>0x942</size>
         <input_file_ref idref="fl-3a"/>
      </object_component>
      <object_component id="oc-bb">
         <name>.debug_info</name>
         <load_address>0x1527d</load_address>
         <run_address>0x1527d</run_address>
         <size>0x53e</size>
         <input_file_ref idref="fl-3b"/>
      </object_component>
      <object_component id="oc-bf">
         <name>.debug_info</name>
         <load_address>0x157bb</load_address>
         <run_address>0x157bb</run_address>
         <size>0x680</size>
         <input_file_ref idref="fl-3c"/>
      </object_component>
      <object_component id="oc-c3">
         <name>.debug_info</name>
         <load_address>0x15e3b</load_address>
         <run_address>0x15e3b</run_address>
         <size>0x7d4</size>
         <input_file_ref idref="fl-3d"/>
      </object_component>
      <object_component id="oc-c8">
         <name>.debug_info</name>
         <load_address>0x1660f</load_address>
         <run_address>0x1660f</run_address>
         <size>0x144b</size>
         <input_file_ref idref="fl-3e"/>
      </object_component>
      <object_component id="oc-cd">
         <name>.debug_info</name>
         <load_address>0x17a5a</load_address>
         <run_address>0x17a5a</run_address>
         <size>0x5ad</size>
         <input_file_ref idref="fl-3f"/>
      </object_component>
      <object_component id="oc-d1">
         <name>.debug_info</name>
         <load_address>0x18007</load_address>
         <run_address>0x18007</run_address>
         <size>0x574</size>
         <input_file_ref idref="fl-40"/>
      </object_component>
      <object_component id="oc-d5">
         <name>.debug_info</name>
         <load_address>0x1857b</load_address>
         <run_address>0x1857b</run_address>
         <size>0xd1</size>
         <input_file_ref idref="fl-41"/>
      </object_component>
      <object_component id="oc-d9">
         <name>.debug_info</name>
         <load_address>0x1864c</load_address>
         <run_address>0x1864c</run_address>
         <size>0x55b</size>
         <input_file_ref idref="fl-42"/>
      </object_component>
      <object_component id="oc-dd">
         <name>.debug_info</name>
         <load_address>0x18ba7</load_address>
         <run_address>0x18ba7</run_address>
         <size>0x4b7</size>
         <input_file_ref idref="fl-43"/>
      </object_component>
      <object_component id="oc-e1">
         <name>.debug_info</name>
         <load_address>0x1905e</load_address>
         <run_address>0x1905e</run_address>
         <size>0x4f2</size>
         <input_file_ref idref="fl-44"/>
      </object_component>
      <object_component id="oc-e5">
         <name>.debug_info</name>
         <load_address>0x19550</load_address>
         <run_address>0x19550</run_address>
         <size>0x534</size>
         <input_file_ref idref="fl-45"/>
      </object_component>
      <object_component id="oc-e9">
         <name>.debug_info</name>
         <load_address>0x19a84</load_address>
         <run_address>0x19a84</run_address>
         <size>0x4de</size>
         <input_file_ref idref="fl-46"/>
      </object_component>
      <object_component id="oc-ee">
         <name>.debug_info</name>
         <load_address>0x19f62</load_address>
         <run_address>0x19f62</run_address>
         <size>0xed4</size>
         <input_file_ref idref="fl-47"/>
      </object_component>
      <object_component id="oc-f2">
         <name>.debug_info</name>
         <load_address>0x1ae36</load_address>
         <run_address>0x1ae36</run_address>
         <size>0x744</size>
         <input_file_ref idref="fl-48"/>
      </object_component>
      <object_component id="oc-f8">
         <name>.debug_info</name>
         <load_address>0x1b57a</load_address>
         <run_address>0x1b57a</run_address>
         <size>0x662</size>
         <input_file_ref idref="fl-49"/>
      </object_component>
      <object_component id="oc-fc">
         <name>.debug_info</name>
         <load_address>0x1bbdc</load_address>
         <run_address>0x1bbdc</run_address>
         <size>0x5ab</size>
         <input_file_ref idref="fl-4a"/>
      </object_component>
      <object_component id="oc-100">
         <name>.debug_info</name>
         <load_address>0x1c187</load_address>
         <run_address>0x1c187</run_address>
         <size>0x4f2</size>
         <input_file_ref idref="fl-4b"/>
      </object_component>
      <object_component id="oc-104">
         <name>.debug_info</name>
         <load_address>0x1c679</load_address>
         <run_address>0x1c679</run_address>
         <size>0x706</size>
         <input_file_ref idref="fl-4c"/>
      </object_component>
      <object_component id="oc-108">
         <name>.debug_info</name>
         <load_address>0x1cd7f</load_address>
         <run_address>0x1cd7f</run_address>
         <size>0x4d2</size>
         <input_file_ref idref="fl-4d"/>
      </object_component>
      <object_component id="oc-10c">
         <name>.debug_info</name>
         <load_address>0x1d251</load_address>
         <run_address>0x1d251</run_address>
         <size>0x5f7</size>
         <input_file_ref idref="fl-4e"/>
      </object_component>
      <object_component id="oc-110">
         <name>.debug_info</name>
         <load_address>0x1d848</load_address>
         <run_address>0x1d848</run_address>
         <size>0x64a</size>
         <input_file_ref idref="fl-4f"/>
      </object_component>
      <object_component id="oc-115">
         <name>.debug_info</name>
         <load_address>0x1de92</load_address>
         <run_address>0x1de92</run_address>
         <size>0xa1c</size>
         <input_file_ref idref="fl-50"/>
      </object_component>
      <object_component id="oc-11b">
         <name>.debug_info</name>
         <load_address>0x1e8ae</load_address>
         <run_address>0x1e8ae</run_address>
         <size>0xba5</size>
         <input_file_ref idref="fl-51"/>
      </object_component>
      <object_component id="oc-121">
         <name>.debug_info</name>
         <load_address>0x1f453</load_address>
         <run_address>0x1f453</run_address>
         <size>0x64f</size>
         <input_file_ref idref="fl-52"/>
      </object_component>
      <object_component id="oc-125">
         <name>.debug_info</name>
         <load_address>0x1faa2</load_address>
         <run_address>0x1faa2</run_address>
         <size>0x510</size>
         <input_file_ref idref="fl-53"/>
      </object_component>
      <object_component id="oc-14b">
         <name>.debug_info</name>
         <load_address>0x1ffb2</load_address>
         <run_address>0x1ffb2</run_address>
         <size>0x6e</size>
      </object_component>
      <object_component id="oc-19">
         <name>.debug_frame</name>
         <load_address>0x0</load_address>
         <run_address>0x0</run_address>
         <size>0x11c</size>
         <input_file_ref idref="fl-2"/>
      </object_component>
      <object_component id="oc-20">
         <name>.debug_frame</name>
         <load_address>0x11c</load_address>
         <run_address>0x11c</run_address>
         <size>0x14a</size>
         <input_file_ref idref="fl-3"/>
      </object_component>
      <object_component id="oc-25">
         <name>.debug_frame</name>
         <load_address>0x266</load_address>
         <run_address>0x266</run_address>
         <size>0x135</size>
         <input_file_ref idref="fl-4"/>
      </object_component>
      <object_component id="oc-2a">
         <name>.debug_frame</name>
         <load_address>0x39b</load_address>
         <run_address>0x39b</run_address>
         <size>0x116</size>
         <input_file_ref idref="fl-5"/>
      </object_component>
      <object_component id="oc-2f">
         <name>.debug_frame</name>
         <load_address>0x4b1</load_address>
         <run_address>0x4b1</run_address>
         <size>0xe4</size>
         <input_file_ref idref="fl-6"/>
      </object_component>
      <object_component id="oc-38">
         <name>.debug_frame</name>
         <load_address>0x595</load_address>
         <run_address>0x595</run_address>
         <size>0x11b</size>
         <input_file_ref idref="fl-7"/>
      </object_component>
      <object_component id="oc-3e">
         <name>.debug_frame</name>
         <load_address>0x6b0</load_address>
         <run_address>0x6b0</run_address>
         <size>0x103</size>
         <input_file_ref idref="fl-8"/>
      </object_component>
      <object_component id="oc-44">
         <name>.debug_frame</name>
         <load_address>0x7b3</load_address>
         <run_address>0x7b3</run_address>
         <size>0x172</size>
         <input_file_ref idref="fl-9"/>
      </object_component>
      <object_component id="oc-4c">
         <name>.debug_frame</name>
         <load_address>0x925</load_address>
         <run_address>0x925</run_address>
         <size>0x103</size>
         <input_file_ref idref="fl-a"/>
      </object_component>
      <object_component id="oc-53">
         <name>.debug_frame</name>
         <load_address>0xa28</load_address>
         <run_address>0xa28</run_address>
         <size>0xe6</size>
         <input_file_ref idref="fl-b"/>
      </object_component>
      <object_component id="oc-58">
         <name>.debug_frame</name>
         <load_address>0xb0e</load_address>
         <run_address>0xb0e</run_address>
         <size>0x175</size>
         <input_file_ref idref="fl-11"/>
      </object_component>
      <object_component id="oc-1a">
         <name>.debug_line</name>
         <load_address>0x0</load_address>
         <run_address>0x0</run_address>
         <size>0x8c</size>
         <input_file_ref idref="fl-2"/>
      </object_component>
      <object_component id="oc-21">
         <name>.debug_line</name>
         <load_address>0x8c</load_address>
         <run_address>0x8c</run_address>
         <size>0x118</size>
         <input_file_ref idref="fl-3"/>
      </object_component>
      <object_component id="oc-26">
         <name>.debug_line</name>
         <load_address>0x1a4</load_address>
         <run_address>0x1a4</run_address>
         <size>0xdd</size>
         <input_file_ref idref="fl-4"/>
      </object_component>
      <object_component id="oc-2b">
         <name>.debug_line</name>
         <load_address>0x281</load_address>
         <run_address>0x281</run_address>
         <size>0x83</size>
         <input_file_ref idref="fl-5"/>
      </object_component>
      <object_component id="oc-30">
         <name>.debug_line</name>
         <load_address>0x304</load_address>
         <run_address>0x304</run_address>
         <size>0x44</size>
         <input_file_ref idref="fl-6"/>
      </object_component>
      <object_component id="oc-39">
         <name>.debug_line</name>
         <load_address>0x348</load_address>
         <run_address>0x348</run_address>
         <size>0x199</size>
         <input_file_ref idref="fl-7"/>
      </object_component>
      <object_component id="oc-3f">
         <name>.debug_line</name>
         <load_address>0x4e1</load_address>
         <run_address>0x4e1</run_address>
         <size>0x20e</size>
         <input_file_ref idref="fl-8"/>
      </object_component>
      <object_component id="oc-45">
         <name>.debug_line</name>
         <load_address>0x6ef</load_address>
         <run_address>0x6ef</run_address>
         <size>0xfe</size>
         <input_file_ref idref="fl-9"/>
      </object_component>
      <object_component id="oc-4d">
         <name>.debug_line</name>
         <load_address>0x7ed</load_address>
         <run_address>0x7ed</run_address>
         <size>0x167</size>
         <input_file_ref idref="fl-a"/>
      </object_component>
      <object_component id="oc-54">
         <name>.debug_line</name>
         <load_address>0x954</load_address>
         <run_address>0x954</run_address>
         <size>0x10a</size>
         <input_file_ref idref="fl-b"/>
      </object_component>
      <object_component id="oc-59">
         <name>.debug_line</name>
         <load_address>0xa5e</load_address>
         <run_address>0xa5e</run_address>
         <size>0x2dd</size>
         <input_file_ref idref="fl-11"/>
      </object_component>
      <object_component id="oc-5d">
         <name>.debug_line</name>
         <load_address>0xd3b</load_address>
         <run_address>0xd3b</run_address>
         <size>0x54</size>
         <input_file_ref idref="fl-25"/>
      </object_component>
      <object_component id="oc-64">
         <name>.debug_line</name>
         <load_address>0xd8f</load_address>
         <run_address>0xd8f</run_address>
         <size>0x51</size>
         <input_file_ref idref="fl-26"/>
      </object_component>
      <object_component id="oc-68">
         <name>.debug_line</name>
         <load_address>0xde0</load_address>
         <run_address>0xde0</run_address>
         <size>0x5c</size>
         <input_file_ref idref="fl-27"/>
      </object_component>
      <object_component id="oc-6c">
         <name>.debug_line</name>
         <load_address>0xe3c</load_address>
         <run_address>0xe3c</run_address>
         <size>0x3c</size>
         <input_file_ref idref="fl-28"/>
      </object_component>
      <object_component id="oc-70">
         <name>.debug_line</name>
         <load_address>0xe78</load_address>
         <run_address>0xe78</run_address>
         <size>0x69</size>
         <input_file_ref idref="fl-29"/>
      </object_component>
      <object_component id="oc-74">
         <name>.debug_line</name>
         <load_address>0xee1</load_address>
         <run_address>0xee1</run_address>
         <size>0x58</size>
         <input_file_ref idref="fl-2a"/>
      </object_component>
      <object_component id="oc-78">
         <name>.debug_line</name>
         <load_address>0xf39</load_address>
         <run_address>0xf39</run_address>
         <size>0x37</size>
         <input_file_ref idref="fl-2b"/>
      </object_component>
      <object_component id="oc-7e">
         <name>.debug_line</name>
         <load_address>0xf70</load_address>
         <run_address>0xf70</run_address>
         <size>0x57</size>
         <input_file_ref idref="fl-2c"/>
      </object_component>
      <object_component id="oc-84">
         <name>.debug_line</name>
         <load_address>0xfc7</load_address>
         <run_address>0xfc7</run_address>
         <size>0x328</size>
         <input_file_ref idref="fl-2d"/>
      </object_component>
      <object_component id="oc-88">
         <name>.debug_line</name>
         <load_address>0x12ef</load_address>
         <run_address>0x12ef</run_address>
         <size>0x41</size>
         <input_file_ref idref="fl-2e"/>
      </object_component>
      <object_component id="oc-8c">
         <name>.debug_line</name>
         <load_address>0x1330</load_address>
         <run_address>0x1330</run_address>
         <size>0x46</size>
         <input_file_ref idref="fl-2f"/>
      </object_component>
      <object_component id="oc-90">
         <name>.debug_line</name>
         <load_address>0x1376</load_address>
         <run_address>0x1376</run_address>
         <size>0x55</size>
         <input_file_ref idref="fl-30"/>
      </object_component>
      <object_component id="oc-94">
         <name>.debug_line</name>
         <load_address>0x13cb</load_address>
         <run_address>0x13cb</run_address>
         <size>0xad</size>
         <input_file_ref idref="fl-31"/>
      </object_component>
      <object_component id="oc-9e">
         <name>.debug_line</name>
         <load_address>0x1478</load_address>
         <run_address>0x1478</run_address>
         <size>0x5b</size>
         <input_file_ref idref="fl-34"/>
      </object_component>
      <object_component id="oc-a2">
         <name>.debug_line</name>
         <load_address>0x14d3</load_address>
         <run_address>0x14d3</run_address>
         <size>0x44</size>
         <input_file_ref idref="fl-35"/>
      </object_component>
      <object_component id="oc-a6">
         <name>.debug_line</name>
         <load_address>0x1517</load_address>
         <run_address>0x1517</run_address>
         <size>0x3d</size>
         <input_file_ref idref="fl-36"/>
      </object_component>
      <object_component id="oc-aa">
         <name>.debug_line</name>
         <load_address>0x1554</load_address>
         <run_address>0x1554</run_address>
         <size>0x3d</size>
         <input_file_ref idref="fl-37"/>
      </object_component>
      <object_component id="oc-af">
         <name>.debug_line</name>
         <load_address>0x1591</load_address>
         <run_address>0x1591</run_address>
         <size>0x44</size>
         <input_file_ref idref="fl-38"/>
      </object_component>
      <object_component id="oc-b3">
         <name>.debug_line</name>
         <load_address>0x15d5</load_address>
         <run_address>0x15d5</run_address>
         <size>0x56</size>
         <input_file_ref idref="fl-39"/>
      </object_component>
      <object_component id="oc-b8">
         <name>.debug_line</name>
         <load_address>0x162b</load_address>
         <run_address>0x162b</run_address>
         <size>0xa6</size>
         <input_file_ref idref="fl-3a"/>
      </object_component>
      <object_component id="oc-bc">
         <name>.debug_line</name>
         <load_address>0x16d1</load_address>
         <run_address>0x16d1</run_address>
         <size>0x40</size>
         <input_file_ref idref="fl-3b"/>
      </object_component>
      <object_component id="oc-c0">
         <name>.debug_line</name>
         <load_address>0x1711</load_address>
         <run_address>0x1711</run_address>
         <size>0x38</size>
         <input_file_ref idref="fl-3c"/>
      </object_component>
      <object_component id="oc-c4">
         <name>.debug_line</name>
         <load_address>0x1749</load_address>
         <run_address>0x1749</run_address>
         <size>0xa8</size>
         <input_file_ref idref="fl-3d"/>
      </object_component>
      <object_component id="oc-ca">
         <name>.debug_line</name>
         <load_address>0x17f1</load_address>
         <run_address>0x17f1</run_address>
         <size>0x1b0</size>
         <input_file_ref idref="fl-3e"/>
      </object_component>
      <object_component id="oc-ce">
         <name>.debug_line</name>
         <load_address>0x19a1</load_address>
         <run_address>0x19a1</run_address>
         <size>0x40</size>
         <input_file_ref idref="fl-3f"/>
      </object_component>
      <object_component id="oc-d2">
         <name>.debug_line</name>
         <load_address>0x19e1</load_address>
         <run_address>0x19e1</run_address>
         <size>0x3a</size>
         <input_file_ref idref="fl-40"/>
      </object_component>
      <object_component id="oc-d6">
         <name>.debug_line</name>
         <load_address>0x1a1b</load_address>
         <run_address>0x1a1b</run_address>
         <size>0x54</size>
         <input_file_ref idref="fl-41"/>
      </object_component>
      <object_component id="oc-da">
         <name>.debug_line</name>
         <load_address>0x1a6f</load_address>
         <run_address>0x1a6f</run_address>
         <size>0x3c</size>
         <input_file_ref idref="fl-42"/>
      </object_component>
      <object_component id="oc-de">
         <name>.debug_line</name>
         <load_address>0x1aab</load_address>
         <run_address>0x1aab</run_address>
         <size>0x37</size>
         <input_file_ref idref="fl-43"/>
      </object_component>
      <object_component id="oc-e2">
         <name>.debug_line</name>
         <load_address>0x1ae2</load_address>
         <run_address>0x1ae2</run_address>
         <size>0x3c</size>
         <input_file_ref idref="fl-44"/>
      </object_component>
      <object_component id="oc-e6">
         <name>.debug_line</name>
         <load_address>0x1b1e</load_address>
         <run_address>0x1b1e</run_address>
         <size>0x44</size>
         <input_file_ref idref="fl-45"/>
      </object_component>
      <object_component id="oc-ea">
         <name>.debug_line</name>
         <load_address>0x1b62</load_address>
         <run_address>0x1b62</run_address>
         <size>0x37</size>
         <input_file_ref idref="fl-46"/>
      </object_component>
      <object_component id="oc-ef">
         <name>.debug_line</name>
         <load_address>0x1b99</load_address>
         <run_address>0x1b99</run_address>
         <size>0x15e</size>
         <input_file_ref idref="fl-47"/>
      </object_component>
      <object_component id="oc-f5">
         <name>.debug_line</name>
         <load_address>0x1cf7</load_address>
         <run_address>0x1cf7</run_address>
         <size>0x6a</size>
         <input_file_ref idref="fl-48"/>
      </object_component>
      <object_component id="oc-f9">
         <name>.debug_line</name>
         <load_address>0x1d61</load_address>
         <run_address>0x1d61</run_address>
         <size>0x57</size>
         <input_file_ref idref="fl-49"/>
      </object_component>
      <object_component id="oc-fd">
         <name>.debug_line</name>
         <load_address>0x1db8</load_address>
         <run_address>0x1db8</run_address>
         <size>0x5c</size>
         <input_file_ref idref="fl-4a"/>
      </object_component>
      <object_component id="oc-101">
         <name>.debug_line</name>
         <load_address>0x1e14</load_address>
         <run_address>0x1e14</run_address>
         <size>0x3c</size>
         <input_file_ref idref="fl-4b"/>
      </object_component>
      <object_component id="oc-105">
         <name>.debug_line</name>
         <load_address>0x1e50</load_address>
         <run_address>0x1e50</run_address>
         <size>0x5b</size>
         <input_file_ref idref="fl-4c"/>
      </object_component>
      <object_component id="oc-109">
         <name>.debug_line</name>
         <load_address>0x1eab</load_address>
         <run_address>0x1eab</run_address>
         <size>0x3a</size>
         <input_file_ref idref="fl-4d"/>
      </object_component>
      <object_component id="oc-10d">
         <name>.debug_line</name>
         <load_address>0x1ee5</load_address>
         <run_address>0x1ee5</run_address>
         <size>0x3c</size>
         <input_file_ref idref="fl-4e"/>
      </object_component>
      <object_component id="oc-111">
         <name>.debug_line</name>
         <load_address>0x1f21</load_address>
         <run_address>0x1f21</run_address>
         <size>0x40</size>
         <input_file_ref idref="fl-4f"/>
      </object_component>
      <object_component id="oc-117">
         <name>.debug_line</name>
         <load_address>0x1f61</load_address>
         <run_address>0x1f61</run_address>
         <size>0xd7</size>
         <input_file_ref idref="fl-50"/>
      </object_component>
      <object_component id="oc-11e">
         <name>.debug_line</name>
         <load_address>0x2038</load_address>
         <run_address>0x2038</run_address>
         <size>0x112</size>
         <input_file_ref idref="fl-51"/>
      </object_component>
      <object_component id="oc-122">
         <name>.debug_line</name>
         <load_address>0x214a</load_address>
         <run_address>0x214a</run_address>
         <size>0x3d</size>
         <input_file_ref idref="fl-52"/>
      </object_component>
      <object_component id="oc-126">
         <name>.debug_line</name>
         <load_address>0x2187</load_address>
         <run_address>0x2187</run_address>
         <size>0x39</size>
         <input_file_ref idref="fl-53"/>
      </object_component>
      <object_component id="oc-1b">
         <name>.debug_abbrev</name>
         <load_address>0x0</load_address>
         <run_address>0x0</run_address>
         <size>0x95</size>
         <input_file_ref idref="fl-2"/>
      </object_component>
      <object_component id="oc-22">
         <name>.debug_abbrev</name>
         <load_address>0x95</load_address>
         <run_address>0x95</run_address>
         <size>0xd0</size>
         <input_file_ref idref="fl-3"/>
      </object_component>
      <object_component id="oc-27">
         <name>.debug_abbrev</name>
         <load_address>0x165</load_address>
         <run_address>0x165</run_address>
         <size>0x87</size>
         <input_file_ref idref="fl-4"/>
      </object_component>
      <object_component id="oc-2c">
         <name>.debug_abbrev</name>
         <load_address>0x1ec</load_address>
         <run_address>0x1ec</run_address>
         <size>0xe7</size>
         <input_file_ref idref="fl-5"/>
      </object_component>
      <object_component id="oc-31">
         <name>.debug_abbrev</name>
         <load_address>0x2d3</load_address>
         <run_address>0x2d3</run_address>
         <size>0x87</size>
         <input_file_ref idref="fl-6"/>
      </object_component>
      <object_component id="oc-3a">
         <name>.debug_abbrev</name>
         <load_address>0x35a</load_address>
         <run_address>0x35a</run_address>
         <size>0x14c</size>
         <input_file_ref idref="fl-7"/>
      </object_component>
      <object_component id="oc-40">
         <name>.debug_abbrev</name>
         <load_address>0x4a6</load_address>
         <run_address>0x4a6</run_address>
         <size>0xfd</size>
         <input_file_ref idref="fl-8"/>
      </object_component>
      <object_component id="oc-46">
         <name>.debug_abbrev</name>
         <load_address>0x5a3</load_address>
         <run_address>0x5a3</run_address>
         <size>0x147</size>
         <input_file_ref idref="fl-9"/>
      </object_component>
      <object_component id="oc-4e">
         <name>.debug_abbrev</name>
         <load_address>0x6ea</load_address>
         <run_address>0x6ea</run_address>
         <size>0x14c</size>
         <input_file_ref idref="fl-a"/>
      </object_component>
      <object_component id="oc-55">
         <name>.debug_abbrev</name>
         <load_address>0x836</load_address>
         <run_address>0x836</run_address>
         <size>0xb5</size>
         <input_file_ref idref="fl-b"/>
      </object_component>
      <object_component id="oc-5a">
         <name>.debug_abbrev</name>
         <load_address>0x8eb</load_address>
         <run_address>0x8eb</run_address>
         <size>0x23e</size>
         <input_file_ref idref="fl-11"/>
      </object_component>
      <object_component id="oc-5e">
         <name>.debug_abbrev</name>
         <load_address>0xb29</load_address>
         <run_address>0xb29</run_address>
         <size>0x3a</size>
         <input_file_ref idref="fl-25"/>
      </object_component>
      <object_component id="oc-65">
         <name>.debug_abbrev</name>
         <load_address>0xb63</load_address>
         <run_address>0xb63</run_address>
         <size>0xf7</size>
         <input_file_ref idref="fl-26"/>
      </object_component>
      <object_component id="oc-69">
         <name>.debug_abbrev</name>
         <load_address>0xc5a</load_address>
         <run_address>0xc5a</run_address>
         <size>0x38</size>
         <input_file_ref idref="fl-27"/>
      </object_component>
      <object_component id="oc-6d">
         <name>.debug_abbrev</name>
         <load_address>0xc92</load_address>
         <run_address>0xc92</run_address>
         <size>0x38</size>
         <input_file_ref idref="fl-28"/>
      </object_component>
      <object_component id="oc-71">
         <name>.debug_abbrev</name>
         <load_address>0xcca</load_address>
         <run_address>0xcca</run_address>
         <size>0x145</size>
         <input_file_ref idref="fl-29"/>
      </object_component>
      <object_component id="oc-75">
         <name>.debug_abbrev</name>
         <load_address>0xe0f</load_address>
         <run_address>0xe0f</run_address>
         <size>0x38</size>
         <input_file_ref idref="fl-2a"/>
      </object_component>
      <object_component id="oc-79">
         <name>.debug_abbrev</name>
         <load_address>0xe47</load_address>
         <run_address>0xe47</run_address>
         <size>0x26</size>
         <input_file_ref idref="fl-2b"/>
      </object_component>
      <object_component id="oc-7f">
         <name>.debug_abbrev</name>
         <load_address>0xe6d</load_address>
         <run_address>0xe6d</run_address>
         <size>0x9f</size>
         <input_file_ref idref="fl-2c"/>
      </object_component>
      <object_component id="oc-85">
         <name>.debug_abbrev</name>
         <load_address>0xf0c</load_address>
         <run_address>0xf0c</run_address>
         <size>0x1f8</size>
         <input_file_ref idref="fl-2d"/>
      </object_component>
      <object_component id="oc-89">
         <name>.debug_abbrev</name>
         <load_address>0x1104</load_address>
         <run_address>0x1104</run_address>
         <size>0xec</size>
         <input_file_ref idref="fl-2e"/>
      </object_component>
      <object_component id="oc-8d">
         <name>.debug_abbrev</name>
         <load_address>0x11f0</load_address>
         <run_address>0x11f0</run_address>
         <size>0xd5</size>
         <input_file_ref idref="fl-2f"/>
      </object_component>
      <object_component id="oc-91">
         <name>.debug_abbrev</name>
         <load_address>0x12c5</load_address>
         <run_address>0x12c5</run_address>
         <size>0x44</size>
         <input_file_ref idref="fl-30"/>
      </object_component>
      <object_component id="oc-95">
         <name>.debug_abbrev</name>
         <load_address>0x1309</load_address>
         <run_address>0x1309</run_address>
         <size>0xb7</size>
         <input_file_ref idref="fl-31"/>
      </object_component>
      <object_component id="oc-97">
         <name>.debug_abbrev</name>
         <load_address>0x13c0</load_address>
         <run_address>0x13c0</run_address>
         <size>0x68</size>
         <input_file_ref idref="fl-32"/>
      </object_component>
      <object_component id="oc-9b">
         <name>.debug_abbrev</name>
         <load_address>0x1428</load_address>
         <run_address>0x1428</run_address>
         <size>0x83</size>
         <input_file_ref idref="fl-33"/>
      </object_component>
      <object_component id="oc-9f">
         <name>.debug_abbrev</name>
         <load_address>0x14ab</load_address>
         <run_address>0x14ab</run_address>
         <size>0x112</size>
         <input_file_ref idref="fl-34"/>
      </object_component>
      <object_component id="oc-a3">
         <name>.debug_abbrev</name>
         <load_address>0x15bd</load_address>
         <run_address>0x15bd</run_address>
         <size>0xb5</size>
         <input_file_ref idref="fl-35"/>
      </object_component>
      <object_component id="oc-a7">
         <name>.debug_abbrev</name>
         <load_address>0x1672</load_address>
         <run_address>0x1672</run_address>
         <size>0x8f</size>
         <input_file_ref idref="fl-36"/>
      </object_component>
      <object_component id="oc-ab">
         <name>.debug_abbrev</name>
         <load_address>0x1701</load_address>
         <run_address>0x1701</run_address>
         <size>0xb7</size>
         <input_file_ref idref="fl-37"/>
      </object_component>
      <object_component id="oc-b0">
         <name>.debug_abbrev</name>
         <load_address>0x17b8</load_address>
         <run_address>0x17b8</run_address>
         <size>0xc2</size>
         <input_file_ref idref="fl-38"/>
      </object_component>
      <object_component id="oc-b4">
         <name>.debug_abbrev</name>
         <load_address>0x187a</load_address>
         <run_address>0x187a</run_address>
         <size>0x103</size>
         <input_file_ref idref="fl-39"/>
      </object_component>
      <object_component id="oc-b9">
         <name>.debug_abbrev</name>
         <load_address>0x197d</load_address>
         <run_address>0x197d</run_address>
         <size>0x140</size>
         <input_file_ref idref="fl-3a"/>
      </object_component>
      <object_component id="oc-bd">
         <name>.debug_abbrev</name>
         <load_address>0x1abd</load_address>
         <run_address>0x1abd</run_address>
         <size>0x9a</size>
         <input_file_ref idref="fl-3b"/>
      </object_component>
      <object_component id="oc-c1">
         <name>.debug_abbrev</name>
         <load_address>0x1b57</load_address>
         <run_address>0x1b57</run_address>
         <size>0xd0</size>
         <input_file_ref idref="fl-3c"/>
      </object_component>
      <object_component id="oc-c5">
         <name>.debug_abbrev</name>
         <load_address>0x1c27</load_address>
         <run_address>0x1c27</run_address>
         <size>0xb7</size>
         <input_file_ref idref="fl-3d"/>
      </object_component>
      <object_component id="oc-cb">
         <name>.debug_abbrev</name>
         <load_address>0x1cde</load_address>
         <run_address>0x1cde</run_address>
         <size>0x225</size>
         <input_file_ref idref="fl-3e"/>
      </object_component>
      <object_component id="oc-cf">
         <name>.debug_abbrev</name>
         <load_address>0x1f03</load_address>
         <run_address>0x1f03</run_address>
         <size>0xec</size>
         <input_file_ref idref="fl-3f"/>
      </object_component>
      <object_component id="oc-d3">
         <name>.debug_abbrev</name>
         <load_address>0x1fef</load_address>
         <run_address>0x1fef</run_address>
         <size>0xb7</size>
         <input_file_ref idref="fl-40"/>
      </object_component>
      <object_component id="oc-d7">
         <name>.debug_abbrev</name>
         <load_address>0x20a6</load_address>
         <run_address>0x20a6</run_address>
         <size>0x38</size>
         <input_file_ref idref="fl-41"/>
      </object_component>
      <object_component id="oc-db">
         <name>.debug_abbrev</name>
         <load_address>0x20de</load_address>
         <run_address>0x20de</run_address>
         <size>0xdc</size>
         <input_file_ref idref="fl-42"/>
      </object_component>
      <object_component id="oc-df">
         <name>.debug_abbrev</name>
         <load_address>0x21ba</load_address>
         <run_address>0x21ba</run_address>
         <size>0x81</size>
         <input_file_ref idref="fl-43"/>
      </object_component>
      <object_component id="oc-e3">
         <name>.debug_abbrev</name>
         <load_address>0x223b</load_address>
         <run_address>0x223b</run_address>
         <size>0xa6</size>
         <input_file_ref idref="fl-44"/>
      </object_component>
      <object_component id="oc-e7">
         <name>.debug_abbrev</name>
         <load_address>0x22e1</load_address>
         <run_address>0x22e1</run_address>
         <size>0xb5</size>
         <input_file_ref idref="fl-45"/>
      </object_component>
      <object_component id="oc-eb">
         <name>.debug_abbrev</name>
         <load_address>0x2396</load_address>
         <run_address>0x2396</run_address>
         <size>0x8f</size>
         <input_file_ref idref="fl-46"/>
      </object_component>
      <object_component id="oc-f0">
         <name>.debug_abbrev</name>
         <load_address>0x2425</load_address>
         <run_address>0x2425</run_address>
         <size>0x15a</size>
         <input_file_ref idref="fl-47"/>
      </object_component>
[...]
         <object_component_ref idref="oc-48"/>
      </symbol>
      <symbol id="sm-191">
         <name>_pllCfg_100MHz</name>
         <value>0x5960</value>
         <object_component_ref idref="oc-48"/>
      </symbol>
      <symbol id="sm-192">
         <name>_pllCfg_40MHz</name>
         <value>0x5940</value>
         <object_component_ref idref="oc-48"/>
      </symbol>
      <symbol id="sm-193">
         <name>_pllCfg_2MHz</name>
         <value>0x5928</value>
         <object_component_ref idref="oc-48"/>
      </symbol>
      <symbol id="sm-194">
         <name>_pllCfg1</name>
         <value>0x5914</value>
         <object_component_ref idref="oc-48"/>
      </symbol>
      <symbol id="sm-195">
         <name>_pll_frequency_setup</name>
         <value>0x12e1a</value>
         <object_component_ref idref="oc-47"/>
      </symbol>
      <symbol id="sm-196">
         <name>_pllCfg_120MHz</name>
         <value>0x5968</value>
         <object_component_ref idref="oc-48"/>
      </symbol>
      <symbol id="sm-197">
         <name>_pllCfg_12MHz</name>
         <value>0x5930</value>
         <object_component_ref idref="oc-48"/>
      </symbol>
      <symbol id="sm-198">
         <name>_pllCfg_1MHz</name>
         <value>0x5920</value>
         <object_component_ref idref="oc-48"/>
      </symbol>
      <symbol id="sm-199">
         <name>_pllCfg_60MHz</name>
         <value>0x5948</value>
         <object_component_ref idref="oc-48"/>
      </symbol>
      <symbol id="sm-19a">
         <name>_pllCfg_12p288MHz</name>
         <value>0x5938</value>
         <object_component_ref idref="oc-48"/>
      </symbol>
      <symbol id="sm-1c1">
         <name>_state</name>
         <value>0x5974</value>
         <object_component_ref idref="oc-50"/>
      </symbol>
      <symbol id="sm-1c2">
         <name>_LEDFlasher</name>
         <value>0x14150</value>
         <object_component_ref idref="oc-4f"/>
      </symbol>
      <symbol id="sm-1e7">
         <name>_PLL_reset</name>
         <value>0x13660</value>
         <object_component_ref idref="oc-56"/>
      </symbol>
      <symbol id="sm-1e8">
         <name>_PLL_bypass</name>
         <value>0x13611</value>
         <object_component_ref idref="oc-56"/>
      </symbol>
      <symbol id="sm-1e9">
         <name>_PLL_enable</name>
         <value>0x135aa</value>
         <object_component_ref idref="oc-56"/>
      </symbol>
      <symbol id="sm-1ea">
         <name>_PLL_config</name>
         <value>0x13481</value>
         <object_component_ref idref="oc-56"/>
      </symbol>
      <symbol id="sm-1eb">
         <name>_PLL_init</name>
         <value>0x13449</value>
         <object_component_ref idref="oc-56"/>
      </symbol>
      <symbol id="sm-1f7">
         <name>__sysstack</name>
         <value>0x99ac</value>
         <object_component_ref idref="oc-128"/>
      </symbol>
      <symbol id="sm-1f8">
         <name>_c_int00</name>
         <value>0x1533a</value>
         <object_component_ref idref="oc-15"/>
      </symbol>
      <symbol id="sm-1f9">
         <name>__stack</name>
         <value>0x59ac</value>
         <object_component_ref idref="oc-5b"/>
      </symbol>
      <symbol id="sm-209">
         <name>C$$EXIT</name>
         <value>0x1549b</value>
         <object_component_ref idref="oc-63"/>
      </symbol>
      <symbol id="sm-20a">
         <name>_exit</name>
         <value>0x152c0</value>
         <object_component_ref idref="oc-5f"/>
      </symbol>
      <symbol id="sm-20b">
         <name>_abort</name>
         <value>0x1549a</value>
         <object_component_ref idref="oc-63"/>
      </symbol>
      <symbol id="sm-20c">
         <name>__cleanup_ptr</name>
         <value>0x59a0</value>
         <object_component_ref idref="oc-60"/>
      </symbol>
      <symbol id="sm-20d">
         <name>__dtors_ptr</name>
         <value>0x59a4</value>
         <object_component_ref idref="oc-60"/>
      </symbol>
      <symbol id="sm-215">
         <name>__remi</name>
         <value>0x1531d</value>
         <object_component_ref idref="oc-66"/>
      </symbol>
      <symbol id="sm-216">
         <name>__divi</name>
         <value>0x152fe</value>
         <object_component_ref idref="oc-66"/>
      </symbol>
      <symbol id="sm-217">
         <name>I$$MOD</name>
         <value>0x1531d</value>
         <object_component_ref idref="oc-66"/>
      </symbol>
      <symbol id="sm-218">
         <name>I$$DIV</name>
         <value>0x152fe</value>
         <object_component_ref idref="oc-66"/>
      </symbol>
      <symbol id="sm-220">
         <name>__mpyli</name>
         <value>0x1545b</value>
         <object_component_ref idref="oc-6a"/>
      </symbol>
      <symbol id="sm-221">
         <name>I$$LMPY</name>
         <value>0x1545b</value>
         <object_component_ref idref="oc-6a"/>
      </symbol>
      <symbol id="sm-22b">
         <name>_printf</name>
         <value>0x15149</value>
         <object_component_ref idref="oc-6e"/>
      </symbol>
      <symbol id="sm-233">
         <name>__remu</name>
         <value>0x153da</value>
         <object_component_ref idref="oc-72"/>
      </symbol>
      <symbol id="sm-234">
         <name>__divu</name>
         <value>0x153c5</value>
         <object_component_ref idref="oc-72"/>
      </symbol>
      <symbol id="sm-235">
         <name>I$$UMOD</name>
         <value>0x153da</value>
         <object_component_ref idref="oc-72"/>
      </symbol>
      <symbol id="sm-236">
         <name>I$$UDIV</name>
         <value>0x153c5</value>
         <object_component_ref idref="oc-72"/>
      </symbol>
      <symbol id="sm-240">
         <name>_Reset</name>
         <value>0xffff00</value>
         <object_component_ref idref="oc-16"/>
      </symbol>
      <symbol id="sm-24e">
         <name>__unlock</name>
         <value>0x599c</value>
         <object_component_ref idref="oc-7b"/>
      </symbol>
      <symbol id="sm-24f">
         <name>__lock</name>
         <value>0x5998</value>
         <object_component_ref idref="oc-7b"/>
      </symbol>
      <symbol id="sm-250">
         <name>__register_lock</name>
         <value>0x15476</value>
         <object_component_ref idref="oc-7a"/>
      </symbol>
      <symbol id="sm-251">
         <name>__nop</name>
         <value>0x1547e</value>
         <object_component_ref idref="oc-7a"/>
      </symbol>
      <symbol id="sm-252">
         <name>__register_unlock</name>
         <value>0x1546e</value>
         <object_component_ref idref="oc-7a"/>
      </symbol>
      <symbol id="sm-264">
         <name>__printfi</name>
         <value>0x11315</value>
         <object_component_ref idref="oc-80"/>
      </symbol>
      <symbol id="sm-26e">
         <name>__args_main</name>
         <value>0x1522f</value>
         <object_component_ref idref="oc-86"/>
      </symbol>
      <symbol id="sm-26f">
         <name>__TI_args_main</name>
         <value>0x1</value>
      </symbol>
      <symbol id="sm-279">
         <name>_atoi</name>
         <value>0x15046</value>
         <object_component_ref idref="oc-8a"/>
      </symbol>
      <symbol id="sm-281">
         <name>_auto_init</name>
         <value>0x15197</value>
         <object_component_ref idref="oc-8e"/>
      </symbol>
      <symbol id="sm-28b">
         <name>__eqld</name>
         <value>0x13f49</value>
         <object_component_ref idref="oc-92"/>
      </symbol>
      <symbol id="sm-28c">
         <name>__cmpd</name>
         <value>0x13f7d</value>
         <object_component_ref idref="oc-92"/>
      </symbol>
      <symbol id="sm-28d">
         <name>__neqd</name>
         <value>0x13deb</value>
         <object_component_ref idref="oc-92"/>
      </symbol>
      <symbol id="sm-28e">
         <name>__gtrd</name>
         <value>0x13eb4</value>
         <object_component_ref idref="oc-92"/>
      </symbol>
      <symbol id="sm-28f">
         <name>__geqd</name>
         <value>0x13eff</value>
         <object_component_ref idref="oc-92"/>
      </symbol>
      <symbol id="sm-290">
         <name>__leqd</name>
         <value>0x13e67</value>
         <object_component_ref idref="oc-92"/>
      </symbol>
      <symbol id="sm-291">
         <name>__lssd</name>
         <value>0x13e1f</value>
         <object_component_ref idref="oc-92"/>
      </symbol>
      <symbol id="sm-299">
         <name>__ctypes_</name>
         <value>0xb100</value>
         <object_component_ref idref="oc-129"/>
      </symbol>
      <symbol id="sm-2a3">
         <name>__tmpnams</name>
         <value>0x5540</value>
         <object_component_ref idref="oc-98"/>
      </symbol>
      <symbol id="sm-2a4">
         <name>__ft_end</name>
         <value>0x5680</value>
         <object_component_ref idref="oc-98"/>
      </symbol>
      <symbol id="sm-2a5">
         <name>__ftable</name>
         <value>0x5450</value>
         <object_component_ref idref="oc-98"/>
      </symbol>
      <symbol id="sm-2b1">
         <name>__divd</name>
         <value>0x129d8</value>
         <object_component_ref idref="oc-9c"/>
      </symbol>
      <symbol id="sm-2bc">
         <name>__divul</name>
         <value>0x14bb6</value>
         <object_component_ref idref="oc-a0"/>
      </symbol>
      <symbol id="sm-2c6">
         <name>__fixdi</name>
         <value>0x1539b</value>
         <object_component_ref idref="oc-a4"/>
      </symbol>
      <symbol id="sm-2d0">
         <name>__fixdli</name>
         <value>0x14e9e</value>
         <object_component_ref idref="oc-a8"/>
      </symbol>
      <symbol id="sm-2dc">
         <name>__fltlid</name>
         <value>0x14fdf</value>
         <object_component_ref idref="oc-ac"/>
      </symbol>
      <symbol id="sm-2e6">
         <name>_putchar</name>
         <value>0x14ba7</value>
         <object_component_ref idref="oc-b1"/>
      </symbol>
      <symbol id="sm-2e7">
         <name>_putc</name>
         <value>0x14b14</value>
         <object_component_ref idref="oc-b1"/>
      </symbol>
      <symbol id="sm-2e8">
         <name>_fputc</name>
         <value>0x14b14</value>
         <object_component_ref idref="oc-b1"/>
      </symbol>
      <symbol id="sm-2f4">
         <name>_puts</name>
         <value>0x14124</value>
         <object_component_ref idref="oc-b5"/>
      </symbol>
      <symbol id="sm-2f5">
         <name>_fputs</name>
         <value>0x13fd5</value>
         <object_component_ref idref="oc-b5"/>
      </symbol>
      <symbol id="sm-2ff">
         <name>__frcmpyd_div</name>
         <value>0x14dbb</value>
         <object_component_ref idref="oc-ba"/>
      </symbol>
      <symbol id="sm-309">
         <name>___isinf</name>
         <value>0x1542d</value>
         <object_component_ref idref="oc-be"/>
      </symbol>
      <symbol id="sm-313">
         <name>__divull</name>
         <value>0x13a6c</value>
         <object_component_ref idref="oc-c2"/>
      </symbol>
      <symbol id="sm-314">
         <name>__mpylli</name>
         <value>0x139b5</value>
         <object_component_ref idref="oc-c2"/>
      </symbol>
      <symbol id="sm-315">
         <name>__remlli</name>
         <value>0x13986</value>
         <object_component_ref idref="oc-c2"/>
      </symbol>
      <symbol id="sm-316">
         <name>__divlli</name>
         <value>0x13b60</value>
         <object_component_ref idref="oc-c2"/>
      </symbol>
      <symbol id="sm-317">
         <name>__remull</name>
         <value>0x13938</value>
         <object_component_ref idref="oc-c2"/>
      </symbol>
      <symbol id="sm-328">
         <name>_add_device</name>
         <value>0x128f0</value>
         <object_component_ref idref="oc-c6"/>
      </symbol>
      <symbol id="sm-329">
         <name>_rename</name>
         <value>0x12621</value>
         <object_component_ref idref="oc-c6"/>
      </symbol>
      <symbol id="sm-32a">
         <name>_read</name>
         <value>0x126ac</value>
         <object_component_ref idref="oc-c6"/>
      </symbol>
      <symbol id="sm-32b">
         <name>_unlink</name>
         <value>0x125ed</value>
         <object_component_ref idref="oc-c6"/>
      </symbol>
      <symbol id="sm-32c">
         <name>_remove_device</name>
         <value>0x12678</value>
         <object_component_ref idref="oc-c6"/>
      </symbol>
      <symbol id="sm-32d">
         <name>_open</name>
         <value>0x12756</value>
         <object_component_ref idref="oc-c6"/>
      </symbol>
      <symbol id="sm-32e">
         <name>_find_registered_device</name>
         <value>0x12877</value>
         <object_component_ref idref="oc-c6"/>
      </symbol>
      <symbol id="sm-32f">
         <name>_lseek</name>
         <value>0x12813</value>
         <object_component_ref idref="oc-c6"/>
      </symbol>
      <symbol id="sm-330">
         <name>_close</name>
         <value>0x12880</value>
         <object_component_ref idref="oc-c6"/>
      </symbol>
      <symbol id="sm-331">
         <name>_write</name>
         <value>0x124c0</value>
         <object_component_ref idref="oc-c6"/>
      </symbol>
      <symbol id="sm-33b">
         <name>_ltoa</name>
         <value>0x14c56</value>
         <object_component_ref idref="oc-cc"/>
      </symbol>
      <symbol id="sm-346">
         <name>_memccpy</name>
         <value>0x153ef</value>
         <object_component_ref idref="oc-d0"/>
      </symbol>
      <symbol id="sm-350">
         <name>_memcpy</name>
         <value>0x1509f</value>
         <object_component_ref idref="oc-d4"/>
      </symbol>
      <symbol id="sm-35a">
         <name>__mpyd</name>
         <value>0x1441f</value>
         <object_component_ref idref="oc-d8"/>
      </symbol>
      <symbol id="sm-364">
         <name>__negd</name>
         <value>0x15480</value>
         <object_component_ref idref="oc-dc"/>
      </symbol>
      <symbol id="sm-36e">
         <name>__remli</name>
         <value>0x151e4</value>
         <object_component_ref idref="oc-e0"/>
      </symbol>
      <symbol id="sm-379">
         <name>__remul</name>
         <value>0x14e2e</value>
         <object_component_ref idref="oc-e4"/>
      </symbol>
      <symbol id="sm-383">
         <name>__subd</name>
         <value>0x15447</value>
         <object_component_ref idref="oc-e8"/>
      </symbol>
      <symbol id="sm-38f">
         <name>_HOSTopen</name>
         <value>0x1184c</value>
         <object_component_ref idref="oc-ec"/>
      </symbol>
      <symbol id="sm-390">
         <name>_HOSTread</name>
         <value>0x117c1</value>
         <object_component_ref idref="oc-ec"/>
      </symbol>
      <symbol id="sm-391">
         <name>_HOSTtime</name>
         <value>0x116aa</value>
         <object_component_ref idref="oc-ec"/>
      </symbol>
      <symbol id="sm-392">
         <name>_getenv</name>
         <value>0x11533</value>
         <object_component_ref idref="oc-ec"/>
      </symbol>
      <symbol id="sm-393">
         <name>_HOSTrename</name>
         <value>0x11708</value>
         <object_component_ref idref="oc-ec"/>
      </symbol>
      <symbol id="sm-394">
         <name>_HOSTclock</name>
         <value>0x11a0d</value>
         <object_component_ref idref="oc-ec"/>
      </symbol>
      <symbol id="sm-395">
         <name>_HOSTwrite</name>
         <value>0x115b3</value>
         <object_component_ref idref="oc-ec"/>
      </symbol>
      <symbol id="sm-396">
         <name>_HOSTlseek</name>
         <value>0x118ed</value>
         <object_component_ref idref="oc-ec"/>
      </symbol>
      <symbol id="sm-397">
         <name>_HOSTunlink</name>
         <value>0x1163e</value>
         <object_component_ref idref="oc-ec"/>
      </symbol>
      <symbol id="sm-398">
         <name>_HOSTclose</name>
         <value>0x119a2</value>
         <object_component_ref idref="oc-ec"/>
      </symbol>
      <symbol id="sm-3aa">
         <name>C$$IO$$</name>
         <value>0x14a55</value>
         <object_component_ref idref="oc-f4"/>
      </symbol>
      <symbol id="sm-3ab">
         <name>__CIOBUF_</name>
         <value>0xb7d8</value>
         <object_component_ref idref="oc-f3"/>
      </symbol>
      <symbol id="sm-3ac">
         <name>_readmsg</name>
         <value>0x14f0c</value>
         <object_component_ref idref="oc-f1"/>
      </symbol>
      <symbol id="sm-3ad">
         <name>_writemsg</name>
         <value>0x1499c</value>
         <object_component_ref idref="oc-f4"/>
      </symbol>
      <symbol id="sm-3b7">
         <name>__rd_ok</name>
         <value>0x1493f</value>
         <object_component_ref idref="oc-f7"/>
      </symbol>
      <symbol id="sm-3b8">
         <name>__wrt_ok</name>
         <value>0x148c2</value>
         <object_component_ref idref="oc-f7"/>
      </symbol>
      <symbol id="sm-3c2">
         <name>__addd</name>
         <value>0x13b94</value>
         <object_component_ref idref="oc-fb"/>
      </symbol>
      <symbol id="sm-3cc">
         <name>__divli</name>
         <value>0x15278</value>
         <object_component_ref idref="oc-ff"/>
      </symbol>
      <symbol id="sm-3d6">
         <name>__doflush</name>
         <value>0x14a5a</value>
         <object_component_ref idref="oc-103"/>
      </symbol>
      <symbol id="sm-3d7">
         <name>_fflush</name>
         <value>0x14abc</value>
         <object_component_ref idref="oc-103"/>
      </symbol>
      <symbol id="sm-3e1">
         <name>__frcmpyd</name>
         <value>0x14d45</value>
         <object_component_ref idref="oc-107"/>
      </symbol>
      <symbol id="sm-3eb">
         <name>_fseek</name>
         <value>0x14f77</value>
         <object_component_ref idref="oc-10b"/>
      </symbol>
      <symbol id="sm-3f5">
         <name>_setvbuf</name>
         <value>0x147cf</value>
         <object_component_ref idref="oc-10f"/>
      </symbol>
      <symbol id="sm-404">
         <name>__cleanup</name>
         <value>0x137e1</value>
         <object_component_ref idref="oc-113"/>
      </symbol>
      <symbol id="sm-405">
         <name>_fopen</name>
         <value>0x138ff</value>
         <object_component_ref idref="oc-113"/>
      </symbol>
      <symbol id="sm-406">
         <name>_freopen</name>
         <value>0x13839</value>
         <object_component_ref idref="oc-113"/>
      </symbol>
      <symbol id="sm-416">
         <name>__sys_memory</name>
         <value>0x79ac</value>
         <object_component_ref idref="oc-11d"/>
      </symbol>
      <symbol id="sm-417">
         <name>_chkheap</name>
         <value>0x11f4a</value>
         <object_component_ref idref="oc-119"/>
      </symbol>
      <symbol id="sm-418">
         <name>_realloc</name>
         <value>0x11cb0</value>
         <object_component_ref idref="oc-119"/>
      </symbol>
      <symbol id="sm-419">
         <name>_free_memory</name>
         <value>0x11ee3</value>
         <object_component_ref idref="oc-119"/>
      </symbol>
      <symbol id="sm-41a">
         <name>_max_free</name>
         <value>0x11e79</value>
         <object_component_ref idref="oc-119"/>
      </symbol>
      <symbol id="sm-41b">
         <name>_free</name>
         <value>0x11a6b</value>
         <object_component_ref idref="oc-119"/>
      </symbol>
      <symbol id="sm-41c">
         <name>_calloc</name>
         <value>0x11f52</value>
         <object_component_ref idref="oc-119"/>
      </symbol>
      <symbol id="sm-41d">
         <name>_malloc</name>
         <value>0x11baf</value>
         <object_component_ref idref="oc-119"/>
      </symbol>
      <symbol id="sm-41e">
         <name>_minit</name>
         <value>0x11b3d</value>
         <object_component_ref idref="oc-119"/>
      </symbol>
      <symbol id="sm-428">
         <name>_fclose</name>
         <value>0x14ccf</value>
         <object_component_ref idref="oc-120"/>
      </symbol>
      <symbol id="sm-432">
         <name>_remove</name>
         <value>0x15490</value>
         <object_component_ref idref="oc-124"/>
      </symbol>
   </symbol_table>
</link_info>
