******************************************************************************
              TMS320C55x Linker PC v4.4.1                      
******************************************************************************
>> Linked Fri Apr 15 09:20:45 2016

OUTPUT FILE NAME:   <FIR_filter.out>
ENTRY POINT SYMBOL: "_c_int00"  address: 000102e2


MEMORY CONFIGURATION

         name            origin    length      used     unused   attr    fill
                        (bytes)   (bytes)    (bytes)   (bytes)
----------------------  --------  ---------  --------  --------  ----  --------
  MMR                   00000000   000000c0  00000000  000000c0  RWIX
  DARAM                 000000c0   0000ff40  00003a20  0000c520  RWIX
  SARAM0                00010000   00010000  00000332  0000fcce  RWIX
  SARAM1                00020000   00020000  00000022  0001ffde  RWIX
  SARAM2                00040000   0000fe00  00000022  0000fdde  RWIX
  CS0                   00050000   007b0000  00000000  007b0000  RWIX
  CS2                   00800000   00400000  00000000  00400000  RWIX
  CS3                   00c00000   00200000  00000000  00200000  RWIX
  CS4                   00e00000   00100000  00000000  00100000  RWIX
  CS5                   00f00000   000e0000  00000000  000e0000  RWIX
  ROM                   00fe0000   0001ff00  00000000  0001ff00  RWIX
  VECS                  00ffff00   00000100  00000100  00000000  RWIX


SECTION ALLOCATION MAP
(Addresses surrounded by []'s are displayed for convenience only!)

output                                                          attributes/
section   page  orgn(bytes) orgn(words) len(bytes) len(words)   input sections
--------  ----  ----------- ----------- ---------- ----------   --------------
.cinit       0   [ 00040000 ]  00020000          *   00000000   UNINITIALIZED

.pinit       0   [ 00040000 ]  00020000          *   00000000   UNINITIALIZED

.stack       0   [ 000000c0 ]  00000060          *   00001000   UNINITIALIZED
                 [ 000000c0 ]  00000060          *   00001000   --HOLE--

.data        0   [ 000000c0 ]  00000060          *   00000000   UNINITIALIZED

.sysstack 
*            0   [ 000020c0 ]  00001060          *   00000800   UNINITIALIZED
                 [ 000020c0 ]  00001060          *   00000800   --HOLE--

.bss         0   [ 000030c0 ]  00001860          *   00000446   UNINITIALIZED
                 [ 000030c0 ]  00001860          *   0000043d   main.obj (.bss)
                 [ 0000393a ]  00001c9d          *   00000001   --HOLE--
                 [ 0000393c ]  00001c9e          *   00000004   rts55x.lib : _lock.obj (.bss)
                 [ 00003944 ]  00001ca2          *   00000004              : exit.obj (.bss)

.cinit       0   [ 0000394c ]  00001ca6          *   000000c9   
                 [ 0000394c ]  00001ca6          *   000000b4   main.obj (.cinit)
                 [ 00003ab4 ]  00001d5a          *   0000000a   rts55x.lib : _lock.obj (.cinit)
                 [ 00003ac8 ]  00001d64          *   0000000a              : exit.obj (.cinit)
                 [ 00003adc ]  00001d6e          *   00000001   --HOLE-- [fill = 0]

.const       0   [ 00003ade ]  00001d6f          *   00000001   
                 [ 00003ade ]  00001d6f          *   00000001   main.obj (.const)

.text        0     00010000  [ 00008000 ] 00000332          *   
                   00010000  [ 00008000 ] 000001d0          *   main.obj (.text)
                   000101d0  [ 000080e8 ] 0000004d          *   rts55x.lib : autoinit.obj (.text)
                   0001021d  [ 0000810e+] 0000004b          *              : args_main.obj (.text)
                   00010268  [ 00008134 ] 0000003e          *              : exit.obj (.text)
                   000102a6  [ 00008153 ] 0000003c          *              : idiv.obj (.text)
                   000102e2  [ 00008171 ] 00000034          *              : boot.obj (.text)
                   00010316  [ 0000818b ] 00000012          *              : _lock.obj (.text)
                   00010328  [ 00008194 ] 00000007          *              : exit.obj (.text:CIO_breakpoint)
                   0001032f  [ 00008197+] 00000002          *              : vectors.obj (.text)
                   00010331  [ 00008198 ] 00000001          *   --HOLE-- [fill = 20]

expdata0     0   [ 00020000 ]  00010000          *   00000011   UNINITIALIZED
                 [ 00020000 ]  00010000          *   00000011   main.obj (expdata0)

expdata1     0   [ 00040000 ]  00020000          *   00000011   UNINITIALIZED
                 [ 00040000 ]  00020000          *   00000011   main.obj (expdata1)

vectors      0     00ffff00  [ 007fff80 ] 00000100          *   NOLOAD SECTION
                   00ffff00  [ 007fff80 ] 00000100          *   rts55x.lib : vectors.obj (vectors)


GLOBAL SYMBOLS: SORTED ALPHABETICALLY BY Name 

abs. value/
byte addr   word addr   name
---------   ---------   ----
00000002                $TI_capability$C5500$CallingConvention
00000002                $TI_capability$C5500$MemoryModel
00000001                $TI_capability_requires_rev3
            00001860    .bss
            00000060    .data
00010000                .text
00010329                C$$EXIT
000102a6                I$$DIV
000102c5                I$$MOD
            00001a00    _A
            00001a67    _B
            00001c03    _BHigh
            00001d6f    _BL
            00001c6a    _BLow
            00001ace    _C
            00001b35    _L
00ffff00                _Reset
            00001999    _S
            00001b9c    _Temp
            00001060    __STACK_END
00002000                __STACK_SIZE
00001000                __SYSSTACK_SIZE
00000001                __TI_args_main
ffffffff                ___binit__
            00001860    ___bss__
ffffffff                ___c_args__
            00001ca6    ___cinit__
            00000060    ___data__
            00000060    ___edata__
            00001ca6    ___end__
00010332                ___etext__
ffffffff                ___pinit__
00010000                ___text__
0001021d                __args_main
            00001ca2    __cleanup_ptr
000102a6                __divi
            00001ca4    __dtors_ptr
            00001c9e    __lock
00010326                __nop
0001031e                __register_lock
00010316                __register_unlock
000102c5                __remi
            00000060    __stack
            00001060    __sysstack
            00001ca0    __unlock
            00001995    _a
00010328                _abort
000101d0                _auto_init
            00001860    _bufferH
            0000192e    _bufferL
000102e2                _c_int00
            00001994    _coef
00010268                _exit
            00001998    _i
            00020000    _inBuffer
            00001997    _j
            00001996    _k
00010064                _main
            00010000    _outBuffer
00010000                _queueH
00010032                _queueL
ffffffff                binit
            00001ca6    cinit
            00000060    edata
            00001ca6    end
00010332                etext
ffffffff                pinit


GLOBAL SYMBOLS: SORTED BY Symbol Address 

abs. value/
byte addr   word addr   name
---------   ---------   ----
00000001                $TI_capability_requires_rev3
00000001                __TI_args_main
00000002                $TI_capability$C5500$CallingConvention
00000002                $TI_capability$C5500$MemoryModel
            00000060    .data
            00000060    ___data__
            00000060    ___edata__
            00000060    __stack
            00000060    edata
00001000                __SYSSTACK_SIZE
00002000                __STACK_SIZE
            00001060    __STACK_END
            00001060    __sysstack
            00001860    .bss
            00001860    ___bss__
            00001860    _bufferH
            0000192e    _bufferL
            00001994    _coef
            00001995    _a
            00001996    _k
            00001997    _j
            00001998    _i
            00001999    _S
            00001a00    _A
            00001a67    _B
            00001ace    _C
            00001b35    _L
            00001b9c    _Temp
            00001c03    _BHigh
            00001c6a    _BLow
            00001c9e    __lock
            00001ca0    __unlock
            00001ca2    __cleanup_ptr
            00001ca4    __dtors_ptr
            00001ca6    ___cinit__
            00001ca6    ___end__
            00001ca6    cinit
            00001ca6    end
            00001d6f    _BL
00010000                .text
00010000                ___text__
00010000                _queueH
00010032                _queueL
00010064                _main
000101d0                _auto_init
0001021d                __args_main
00010268                _exit
000102a6                I$$DIV
000102a6                __divi
000102c5                I$$MOD
000102c5                __remi
000102e2                _c_int00
00010316                __register_unlock
0001031e                __register_lock
00010326                __nop
00010328                _abort
00010329                C$$EXIT
00010332                ___etext__
00010332                etext
            00010000    _outBuffer
            00020000    _inBuffer
00ffff00                _Reset
ffffffff                ___binit__
ffffffff                ___c_args__
ffffffff                ___pinit__
ffffffff                binit
ffffffff                pinit

[67 symbols]
