<?xml version="1.0"?>
<link_info>
   <banner>TMS320C55x Linker PC v4.4.1</banner>
   <copyright>Copyright (c) 1996-2012 Texas Instruments Incorporated</copyright>
   <link_time>0x5710f8bd</link_time>
   <output_file>FIR_filter.out</output_file>
   <entry_point>
      <name>_c_int00</name>
      <address>0x102e2</address>
   </entry_point>
   <input_file_list>
      <input_file id="fl-2">
         <path>.\</path>
         <kind>object</kind>
         <file>main.obj</file>
         <name>main.obj</name>
      </input_file>
      <input_file id="fl-19">
         <path>C:\ti\ccsv5\tools\compiler\c5500_4.4.1\lib\</path>
         <kind>archive</kind>
         <file>rts55x.lib</file>
         <name>boot.obj</name>
      </input_file>
      <input_file id="fl-1a">
         <path>C:\ti\ccsv5\tools\compiler\c5500_4.4.1\lib\</path>
         <kind>archive</kind>
         <file>rts55x.lib</file>
         <name>exit.obj</name>
      </input_file>
      <input_file id="fl-1b">
         <path>C:\ti\ccsv5\tools\compiler\c5500_4.4.1\lib\</path>
         <kind>archive</kind>
         <file>rts55x.lib</file>
         <name>idiv.obj</name>
      </input_file>
      <input_file id="fl-1c">
         <path>C:\ti\ccsv5\tools\compiler\c5500_4.4.1\lib\</path>
         <kind>archive</kind>
         <file>rts55x.lib</file>
         <name>vectors.obj</name>
      </input_file>
      <input_file id="fl-1d">
         <path>C:\ti\ccsv5\tools\compiler\c5500_4.4.1\lib\</path>
         <kind>archive</kind>
         <file>rts55x.lib</file>
         <name>_lock.obj</name>
      </input_file>
      <input_file id="fl-1e">
         <path>C:\ti\ccsv5\tools\compiler\c5500_4.4.1\lib\</path>
         <kind>archive</kind>
         <file>rts55x.lib</file>
         <name>args_main.obj</name>
      </input_file>
      <input_file id="fl-1f">
         <path>C:\ti\ccsv5\tools\compiler\c5500_4.4.1\lib\</path>
         <kind>archive</kind>
         <file>rts55x.lib</file>
         <name>autoinit.obj</name>
      </input_file>
   </input_file_list>
   <object_component_list>
      <object_component id="oc-16">
         <name>vectors</name>
         <load_address>0xffff00</load_address>
         <run_address>0xffff00</run_address>
         <size>0x100</size>
         <input_file_ref idref="fl-1c"/>
      </object_component>
      <object_component id="oc-1a">
         <name>.cinit</name>
         <load_address>0x394c</load_address>
         <run_address>0x394c</run_address>
         <size>0x168</size>
         <input_file_ref idref="fl-2"/>
      </object_component>
      <object_component id="oc-37">
         <name>.cinit</name>
         <load_address>0x3ab4</load_address>
         <run_address>0x3ab4</run_address>
         <size>0x14</size>
         <input_file_ref idref="fl-1d"/>
      </object_component>
      <object_component id="oc-28">
         <name>.cinit</name>
         <load_address>0x3ac8</load_address>
         <run_address>0x3ac8</run_address>
         <size>0x14</size>
         <input_file_ref idref="fl-1a"/>
      </object_component>
      <object_component id="oc-17">
         <name>.text</name>
         <load_address>0x10000</load_address>
         <run_address>0x10000</run_address>
         <size>0x1d0</size>
         <input_file_ref idref="fl-2"/>
      </object_component>
      <object_component id="oc-3e">
         <name>.text</name>
         <load_address>0x101d0</load_address>
         <run_address>0x101d0</run_address>
         <size>0x4d</size>
         <input_file_ref idref="fl-1f"/>
      </object_component>
      <object_component id="oc-3a">
         <name>.text</name>
         <load_address>0x1021d</load_address>
         <run_address>0x1021d</run_address>
         <size>0x4b</size>
         <input_file_ref idref="fl-1e"/>
      </object_component>
      <object_component id="oc-25">
         <name>.text</name>
         <load_address>0x10268</load_address>
         <run_address>0x10268</run_address>
         <size>0x3e</size>
         <input_file_ref idref="fl-1a"/>
      </object_component>
      <object_component id="oc-2c">
         <name>.text</name>
         <load_address>0x102a6</load_address>
         <run_address>0x102a6</run_address>
         <size>0x3c</size>
         <input_file_ref idref="fl-1b"/>
      </object_component>
      <object_component id="oc-15">
         <name>.text</name>
         <load_address>0x102e2</load_address>
         <run_address>0x102e2</run_address>
         <size>0x34</size>
         <input_file_ref idref="fl-19"/>
      </object_component>
      <object_component id="oc-34">
         <name>.text</name>
         <load_address>0x10316</load_address>
         <run_address>0x10316</run_address>
         <size>0x12</size>
         <input_file_ref idref="fl-1d"/>
      </object_component>
      <object_component id="oc-29">
         <name>.text:CIO_breakpoint</name>
         <load_address>0x10328</load_address>
         <run_address>0x10328</run_address>
         <size>0x7</size>
         <input_file_ref idref="fl-1a"/>
      </object_component>
      <object_component id="oc-30">
         <name>.text</name>
         <load_address>0x1032f</load_address>
         <run_address>0x1032f</run_address>
         <size>0x2</size>
         <input_file_ref idref="fl-1c"/>
      </object_component>
      <object_component id="oc-21">
         <name>.stack</name>
         <uninitialized>true</uninitialized>
         <run_address>0xc0</run_address>
         <size>0x0</size>
         <input_file_ref idref="fl-19"/>
      </object_component>
      <object_component id="oc-5f">
         <name>.stack</name>
         <uninitialized>true</uninitialized>
         <run_address>0xc0</run_address>
         <size>0x0</size>
      </object_component>
      <object_component id="oc-42">
         <name>.sysstack</name>
         <uninitialized>true</uninitialized>
         <run_address>0x20c0</run_address>
         <size>0x0</size>
         <input_file_ref idref="fl-19"/>
      </object_component>
      <object_component id="oc-60">
         <name>.sysstack</name>
         <uninitialized>true</uninitialized>
         <run_address>0x20c0</run_address>
         <size>0x0</size>
      </object_component>
      <object_component id="oc-18">
         <name>.bss</name>
         <uninitialized>true</uninitialized>
         <run_address>0x30c0</run_address>
         <size>0x87a</size>
         <input_file_ref idref="fl-2"/>
      </object_component>
      <object_component id="oc-26">
         <name>.bss</name>
         <uninitialized>true</uninitialized>
         <run_address>0x3944</run_address>
         <size>0x8</size>
         <input_file_ref idref="fl-1a"/>
      </object_component>
      <object_component id="oc-35">
         <name>.bss</name>
         <uninitialized>true</uninitialized>
         <run_address>0x393c</run_address>
         <size>0x8</size>
         <input_file_ref idref="fl-1d"/>
      </object_component>
      <object_component id="oc-1d">
         <name>.const</name>
         <load_address>0x3ade</load_address>
         <run_address>0x3ade</run_address>
         <size>0x2</size>
         <input_file_ref idref="fl-2"/>
      </object_component>
      <object_component id="oc-1c">
         <name>expdata0</name>
         <uninitialized>true</uninitialized>
         <run_address>0x20000</run_address>
         <size>0x22</size>
         <input_file_ref idref="fl-2"/>
      </object_component>
      <object_component id="oc-1b">
         <name>expdata1</name>
         <uninitialized>true</uninitialized>
         <run_address>0x40000</run_address>
         <size>0x22</size>
         <input_file_ref idref="fl-2"/>
      </object_component>
      <object_component id="oc-19">
         <name>.debug_info</name>
         <load_address>0x0</load_address>
         <run_address>0x0</run_address>
         <size>0x84f</size>
         <input_file_ref idref="fl-2"/>
      </object_component>
      <object_component id="oc-22">
         <name>.debug_info</name>
         <load_address>0x84f</load_address>
         <run_address>0x84f</run_address>
         <size>0xe8</size>
         <input_file_ref idref="fl-19"/>
      </object_component>
      <object_component id="oc-27">
         <name>.debug_info</name>
         <load_address>0x937</load_address>
         <run_address>0x937</run_address>
         <size>0x5fb</size>
         <input_file_ref idref="fl-1a"/>
      </object_component>
      <object_component id="oc-2d">
         <name>.debug_info</name>
         <load_address>0xf32</load_address>
         <run_address>0xf32</run_address>
         <size>0xeb</size>
         <input_file_ref idref="fl-1b"/>
      </object_component>
      <object_component id="oc-31">
         <name>.debug_info</name>
         <load_address>0x101d</load_address>
         <run_address>0x101d</run_address>
         <size>0xbc</size>
         <input_file_ref idref="fl-1c"/>
      </object_component>
      <object_component id="oc-36">
         <name>.debug_info</name>
         <load_address>0x10d9</load_address>
         <run_address>0x10d9</run_address>
         <size>0x5bc</size>
         <input_file_ref idref="fl-1d"/>
      </object_component>
      <object_component id="oc-3b">
         <name>.debug_info</name>
         <load_address>0x1695</load_address>
         <run_address>0x1695</run_address>
         <size>0x586</size>
         <input_file_ref idref="fl-1e"/>
      </object_component>
      <object_component id="oc-3f">
         <name>.debug_info</name>
         <load_address>0x1c1b</load_address>
         <run_address>0x1c1b</run_address>
         <size>0xcd</size>
         <input_file_ref idref="fl-1f"/>
      </object_component>
      <object_component id="oc-62">
         <name>.debug_info</name>
         <load_address>0x1ce8</load_address>
         <run_address>0x1ce8</run_address>
         <size>0x6e</size>
      </object_component>
      <object_component id="oc-1e">
         <name>.debug_frame</name>
         <load_address>0x0</load_address>
         <run_address>0x0</run_address>
         <size>0x11d</size>
         <input_file_ref idref="fl-2"/>
      </object_component>
      <object_component id="oc-1f">
         <name>.debug_line</name>
         <load_address>0x0</load_address>
         <run_address>0x0</run_address>
         <size>0xc9</size>
         <input_file_ref idref="fl-2"/>
      </object_component>
      <object_component id="oc-23">
         <name>.debug_line</name>
         <load_address>0xc9</load_address>
         <run_address>0xc9</run_address>
         <size>0x54</size>
         <input_file_ref idref="fl-19"/>
      </object_component>
      <object_component id="oc-2a">
         <name>.debug_line</name>
         <load_address>0x11d</load_address>
         <run_address>0x11d</run_address>
         <size>0x51</size>
         <input_file_ref idref="fl-1a"/>
      </object_component>
      <object_component id="oc-2e">
         <name>.debug_line</name>
         <load_address>0x16e</load_address>
         <run_address>0x16e</run_address>
         <size>0x5c</size>
         <input_file_ref idref="fl-1b"/>
      </object_component>
      <object_component id="oc-32">
         <name>.debug_line</name>
         <load_address>0x1ca</load_address>
         <run_address>0x1ca</run_address>
         <size>0x37</size>
         <input_file_ref idref="fl-1c"/>
      </object_component>
      <object_component id="oc-38">
         <name>.debug_line</name>
         <load_address>0x201</load_address>
         <run_address>0x201</run_address>
         <size>0x57</size>
         <input_file_ref idref="fl-1d"/>
      </object_component>
      <object_component id="oc-3c">
         <name>.debug_line</name>
         <load_address>0x258</load_address>
         <run_address>0x258</run_address>
         <size>0x41</size>
         <input_file_ref idref="fl-1e"/>
      </object_component>
      <object_component id="oc-40">
         <name>.debug_line</name>
         <load_address>0x299</load_address>
         <run_address>0x299</run_address>
         <size>0x55</size>
         <input_file_ref idref="fl-1f"/>
      </object_component>
      <object_component id="oc-20">
         <name>.debug_abbrev</name>
         <load_address>0x0</load_address>
         <run_address>0x0</run_address>
         <size>0x110</size>
         <input_file_ref idref="fl-2"/>
      </object_component>
      <object_component id="oc-24">
         <name>.debug_abbrev</name>
         <load_address>0x110</load_address>
         <run_address>0x110</run_address>
         <size>0x3a</size>
         <input_file_ref idref="fl-19"/>
      </object_component>
      <object_component id="oc-2b">
         <name>.debug_abbrev</name>
         <load_address>0x14a</load_address>
         <run_address>0x14a</run_address>
         <size>0xf7</size>
         <input_file_ref idref="fl-1a"/>
      </object_component>
      <object_component id="oc-2f">
         <name>.debug_abbrev</name>
         <load_address>0x241</load_address>
         <run_address>0x241</run_address>
         <size>0x38</size>
         <input_file_ref idref="fl-1b"/>
      </object_component>
      <object_component id="oc-33">
         <name>.debug_abbrev</name>
         <load_address>0x279</load_address>
         <run_address>0x279</run_address>
         <size>0x26</size>
         <input_file_ref idref="fl-1c"/>
      </object_component>
      <object_component id="oc-39">
         <name>.debug_abbrev</name>
         <load_address>0x29f</load_address>
         <run_address>0x29f</run_address>
         <size>0x9f</size>
         <input_file_ref idref="fl-1d"/>
      </object_component>
      <object_component id="oc-3d">
         <name>.debug_abbrev</name>
         <load_address>0x33e</load_address>
         <run_address>0x33e</run_address>
         <size>0xec</size>
         <input_file_ref idref="fl-1e"/>
      </object_component>
      <object_component id="oc-41">
         <name>.debug_abbrev</name>
         <load_address>0x42a</load_address>
         <run_address>0x42a</run_address>
         <size>0x44</size>
         <input_file_ref idref="fl-1f"/>
      </object_component>
      <object_component id="oc-63">
         <name>.debug_abbrev</name>
         <load_address>0x46e</load_address>
         <run_address>0x46e</run_address>
         <size>0xd</size>
      </object_component>
   </object_component_list>
   <logical_group_list>
      <logical_group id="lg-2">
         <name>vectors</name>
         <load_address>0xffff00</load_address>
         <run_address>0xffff00</run_address>
         <size>0x100</size>
         <contents>
            <object_component_ref idref="oc-16"/>
         </contents>
      </logical_group>
      <logical_group id="lg-3">
         <name>vector</name>
         <run_address>0x0</run_address>
         <size>0x0</size>
         <contents>
         </contents>
      </logical_group>
      <logical_group id="lg-4">
         <name>.cinit</name>
         <load_address>0x394c</load_address>
         <run_address>0x394c</run_address>
         <size>0x192</size>
         <contents>
            <object_component_ref idref="oc-1a"/>
            <object_component_ref idref="oc-37"/>
            <object_component_ref idref="oc-28"/>
         </contents>
      </logical_group>
      <logical_group id="lg-5">
         <name>.text</name>
         <load_address>0x10000</load_address>
         <run_address>0x10000</run_address>
         <size>0x332</size>
         <contents>
            <object_component_ref idref="oc-17"/>
            <object_component_ref idref="oc-3e"/>
            <object_component_ref idref="oc-3a"/>
            <object_component_ref idref="oc-25"/>
            <object_component_ref idref="oc-2c"/>
            <object_component_ref idref="oc-15"/>
            <object_component_ref idref="oc-34"/>
            <object_component_ref idref="oc-29"/>
            <object_component_ref idref="oc-30"/>
         </contents>
      </logical_group>
      <logical_group id="lg-6">
         <name>.stack</name>
         <run_address>0xc0</run_address>
         <size>0x2000</size>
         <contents>
            <object_component_ref idref="oc-21"/>
            <object_component_ref idref="oc-5f"/>
         </contents>
      </logical_group>
      <logical_group id="lg-7">
         <name>.sysstack</name>
         <run_address>0x20c0</run_address>
         <size>0x1000</size>
         <contents>
            <object_component_ref idref="oc-42"/>
            <object_component_ref idref="oc-60"/>
         </contents>
      </logical_group>
      <logical_group id="lg-8">
         <name>.sysmem</name>
         <run_address>0x0</run_address>
         <size>0x0</size>
         <contents>
         </contents>
      </logical_group>
      <logical_group id="lg-9">
         <name>.data</name>
         <run_address>0xc0</run_address>
         <size>0x0</size>
         <contents>
         </contents>
      </logical_group>
      <logical_group id="lg-a">
         <name>.cio</name>
         <run_address>0x0</run_address>
         <size>0x0</size>
         <contents>
         </contents>
      </logical_group>
      <logical_group id="lg-b">
         <name>.bss</name>
         <run_address>0x30c0</run_address>
         <size>0x88c</size>
         <contents>
            <object_component_ref idref="oc-18"/>
            <object_component_ref idref="oc-26"/>
            <object_component_ref idref="oc-35"/>
         </contents>
      </logical_group>
      <logical_group id="lg-c">
         <name>.usect</name>
         <run_address>0x0</run_address>
         <size>0x0</size>
         <contents>
         </contents>
      </logical_group>
      <logical_group id="lg-d">
         <name>.switch</name>
         <run_address>0x0</run_address>
         <size>0x0</size>
         <contents>
         </contents>
      </logical_group>
      <logical_group id="lg-e">
         <name>.cinit</name>
         <run_address>0x0</run_address>
         <size>0x0</size>
         <contents>
         </contents>
      </logical_group>
      <logical_group id="lg-f">
         <name>.pinit</name>
         <run_address>0x0</run_address>
         <size>0x0</size>
         <contents>
         </contents>
      </logical_group>
      <logical_group id="lg-10">
         <name>.cio</name>
         <run_address>0x0</run_address>
         <size>0x0</size>
         <contents>
         </contents>
      </logical_group>
      <logical_group id="lg-11">
         <name>.args</name>
         <run_address>0x0</run_address>
         <size>0x0</size>
         <contents>
         </contents>
      </logical_group>
      <logical_group id="lg-12">
         <name>.const</name>
         <load_address>0x3ade</load_address>
         <run_address>0x3ade</run_address>
         <size>0x2</size>
         <contents>
            <object_component_ref idref="oc-1d"/>
         </contents>
      </logical_group>
      <logical_group id="lg-13">
         <name>expdata0</name>
         <run_address>0x20000</run_address>
         <size>0x22</size>
         <contents>
            <object_component_ref idref="oc-1c"/>
         </contents>
      </logical_group>
      <logical_group id="lg-14">
         <name>expdata1</name>
         <run_address>0x40000</run_address>
         <size>0x22</size>
         <contents>
            <object_component_ref idref="oc-1b"/>
         </contents>
      </logical_group>
      <logical_group id="lg-56">
         <name>.debug_info</name>
         <load_address>0x0</load_address>
         <run_address>0x0</run_address>
         <size>0x1d56</size>
         <contents>
            <object_component_ref idref="oc-19"/>
            <object_component_ref idref="oc-22"/>
            <object_component_ref idref="oc-27"/>
            <object_component_ref idref="oc-2d"/>
            <object_component_ref idref="oc-31"/>
            <object_component_ref idref="oc-36"/>
            <object_component_ref idref="oc-3b"/>
            <object_component_ref idref="oc-3f"/>
            <object_component_ref idref="oc-62"/>
         </contents>
      </logical_group>
      <logical_group id="lg-58">
         <name>.debug_frame</name>
         <load_address>0x0</load_address>
         <run_address>0x0</run_address>
         <size>0x11d</size>
         <contents>
            <object_component_ref idref="oc-1e"/>
         </contents>
      </logical_group>
      <logical_group id="lg-5a">
         <name>.debug_line</name>
         <load_address>0x0</load_address>
         <run_address>0x0</run_address>
         <size>0x2ee</size>
         <contents>
            <object_component_ref idref="oc-1f"/>
            <object_component_ref idref="oc-23"/>
            <object_component_ref idref="oc-2a"/>
            <object_component_ref idref="oc-2e"/>
            <object_component_ref idref="oc-32"/>
            <object_component_ref idref="oc-38"/>
            <object_component_ref idref="oc-3c"/>
            <object_component_ref idref="oc-40"/>
         </contents>
      </logical_group>
      <logical_group id="lg-5c">
         <name>.debug_abbrev</name>
         <load_address>0x0</load_address>
         <run_address>0x0</run_address>
         <size>0x47b</size>
         <contents>
            <object_component_ref idref="oc-20"/>
            <object_component_ref idref="oc-24"/>
            <object_component_ref idref="oc-2b"/>
            <object_component_ref idref="oc-2f"/>
            <object_component_ref idref="oc-33"/>
            <object_component_ref idref="oc-39"/>
            <object_component_ref idref="oc-3d"/>
            <object_component_ref idref="oc-41"/>
            <object_component_ref idref="oc-63"/>
         </contents>
      </logical_group>
   </logical_group_list>
   <placement_map>
      <memory_area>
         <name>MMR</name>
         <page_id>0x0</page_id>
         <origin>0x0</origin>
         <length>0xc0</length>
         <used_space>0x0</used_space>
         <unused_space>0xc0</unused_space>
         <attributes>RWIX</attributes>
         <usage_details>
         </usage_details>
      </memory_area>
      <memory_area>
         <name>DARAM</name>
         <page_id>0x0</page_id>
         <origin>0xc0</origin>
         <length>0xff40</length>
         <used_space>0x3a20</used_space>
         <unused_space>0xc520</unused_space>
         <attributes>RWIX</attributes>
         <usage_details>
            <allocated_space>
               <start_address>0xc0</start_address>
               <size>0x0</size>
               <logical_group_ref idref="lg-9"/>
            </allocated_space>
            <allocated_space>
               <start_address>0xc0</start_address>
               <size>0x2000</size>
               <logical_group_ref idref="lg-6"/>
            </allocated_space>
            <allocated_space>
               <start_address>0x20c0</start_address>
               <size>0x1000</size>
               <logical_group_ref idref="lg-7"/>
            </allocated_space>
            <allocated_space>
               <start_address>0x30c0</start_address>
               <size>0x88c</size>
               <logical_group_ref idref="lg-b"/>
            </allocated_space>
            <allocated_space>
               <start_address>0x394c</start_address>
               <size>0x192</size>
               <logical_group_ref idref="lg-4"/>
            </allocated_space>
            <allocated_space>
               <start_address>0x3ade</start_address>
               <size>0x2</size>
               <logical_group_ref idref="lg-12"/>
            </allocated_space>
            <available_space>
               <start_address>0x3ae0</start_address>
               <size>0xc520</size>
            </available_space>
         </usage_details>
      </memory_area>
      <memory_area>
         <name>SARAM0</name>
         <page_id>0x0</page_id>
         <origin>0x10000</origin>
         <length>0x10000</length>
         <used_space>0x332</used_space>
         <unused_space>0xfcce</unused_space>
         <attributes>RWIX</attributes>
         <usage_details>
            <allocated_space>
               <start_address>0x10000</start_address>
               <size>0x332</size>
               <logical_group_ref idref="lg-5"/>
            </allocated_space>
            <available_space>
               <start_address>0x10332</start_address>
               <size>0xfcce</size>
            </available_space>
         </usage_details>
      </memory_area>
      <memory_area>
         <name>SARAM1</name>
         <page_id>0x0</page_id>
         <origin>0x20000</origin>
         <length>0x20000</length>
         <used_space>0x22</used_space>
         <unused_space>0x1ffde</unused_space>
         <attributes>RWIX</attributes>
         <usage_details>
            <allocated_space>
               <start_address>0x20000</start_address>
               <size>0x22</size>
               <logical_group_ref idref="lg-13"/>
            </allocated_space>
            <available_space>
               <start_address>0x20022</start_address>
               <size>0x1ffde</size>
            </available_space>
         </usage_details>
      </memory_area>
      <memory_area>
         <name>SARAM2</name>
         <page_id>0x0</page_id>
         <origin>0x40000</origin>
         <length>0xfe00</length>
         <used_space>0x22</used_space>
         <unused_space>0xfdde</unused_space>
         <attributes>RWIX</attributes>
         <usage_details>
            <allocated_space>
               <start_address>0x40000</start_address>
               <size>0x22</size>
               <logical_group_ref idref="lg-14"/>
            </allocated_space>
            <available_space>
               <start_address>0x40022</start_address>
               <size>0xfdde</size>
            </available_space>
         </usage_details>
      </memory_area>
      <memory_area>
         <name>CS0</name>
         <page_id>0x0</page_id>
         <origin>0x50000</origin>
         <length>0x7b0000</length>
         <used_space>0x0</used_space>
         <unused_space>0x7b0000</unused_space>
         <attributes>RWIX</attributes>
         <usage_details>
         </usage_details>
      </memory_area>
      <memory_area>
         <name>CS2</name>
         <page_id>0x0</page_id>
         <origin>0x800000</origin>
         <length>0x400000</length>
         <used_space>0x0</used_space>
         <unused_space>0x400000</unused_space>
         <attributes>RWIX</attributes>
         <usage_details>
         </usage_details>
      </memory_area>
      <memory_area>
         <name>CS3</name>
         <page_id>0x0</page_id>
         <origin>0xc00000</origin>
         <length>0x200000</length>
         <used_space>0x0</used_space>
         <unused_space>0x200000</unused_space>
         <attributes>RWIX</attributes>
         <usage_details>
         </usage_details>
      </memory_area>
      <memory_area>
         <name>CS4</name>
         <page_id>0x0</page_id>
         <origin>0xe00000</origin>
         <length>0x100000</length>
         <used_space>0x0</used_space>
         <unused_space>0x100000</unused_space>
         <attributes>RWIX</attributes>
         <usage_details>
         </usage_details>
      </memory_area>
      <memory_area>
         <name>CS5</name>
         <page_id>0x0</page_id>
         <origin>0xf00000</origin>
         <length>0xe0000</length>
         <used_space>0x0</used_space>
         <unused_space>0xe0000</unused_space>
         <attributes>RWIX</attributes>
         <usage_details>
         </usage_details>
      </memory_area>
      <memory_area>
         <name>ROM</name>
         <page_id>0x0</page_id>
         <origin>0xfe0000</origin>
         <length>0x1ff00</length>
         <used_space>0x0</used_space>
         <unused_space>0x1ff00</unused_space>
         <attributes>RWIX</attributes>
         <usage_details>
         </usage_details>
      </memory_area>
      <memory_area>
         <name>VECS</name>
         <page_id>0x0</page_id>
         <origin>0xffff00</origin>
         <length>0x100</length>
         <used_space>0x100</used_space>
         <unused_space>0x0</unused_space>
         <attributes>RWIX</attributes>
         <usage_details>
            <allocated_space>
               <start_address>0xffff00</start_address>
               <size>0x100</size>
               <logical_group_ref idref="lg-2"/>
            </allocated_space>
         </usage_details>
      </memory_area>
   </placement_map>
   <symbol_table>
      <symbol id="sm-0">
         <name>$TI_capability$C5500$CallingConvention</name>
         <value>0x2</value>
      </symbol>
      <symbol id="sm-1">
         <name>$TI_capability$C5500$MemoryModel</name>
         <value>0x2</value>
      </symbol>
      <symbol id="sm-2">
         <name>$TI_capability_requires_rev3</name>
         <value>0x1</value>
      </symbol>
      <symbol id="sm-3">
         <name>cinit</name>
         <value>0x394c</value>
      </symbol>
      <symbol id="sm-4">
         <name>___cinit__</name>
         <value>0x394c</value>
      </symbol>
      <symbol id="sm-5">
         <name>pinit</name>
         <value>0xffffffff</value>
      </symbol>
      <symbol id="sm-6">
         <name>___pinit__</name>
         <value>0xffffffff</value>
      </symbol>
      <symbol id="sm-7">
         <name>binit</name>
         <value>0xffffffff</value>
      </symbol>
      <symbol id="sm-8">
         <name>___binit__</name>
         <value>0xffffffff</value>
      </symbol>
      <symbol id="sm-9">
         <name>__STACK_SIZE</name>
         <value>0x2000</value>
      </symbol>
      <symbol id="sm-a">
         <name>__STACK_END</name>
         <value>0x20c0</value>
      </symbol>
      <symbol id="sm-b">
         <name>___c_args__</name>
         <value>0xffffffff</value>
      </symbol>
      <symbol id="sm-c">
         <name>__SYSSTACK_SIZE</name>
         <value>0x1000</value>
      </symbol>
      <symbol id="sm-d">
         <name>.text</name>
         <value>0x10000</value>
      </symbol>
      <symbol id="sm-e">
         <name>___text__</name>
         <value>0x10000</value>
      </symbol>
      <symbol id="sm-f">
         <name>etext</name>
         <value>0x10332</value>
      </symbol>
      <symbol id="sm-10">
         <name>___etext__</name>
         <value>0x10332</value>
      </symbol>
      <symbol id="sm-11">
         <name>.data</name>
         <value>0xc0</value>
      </symbol>
      <symbol id="sm-12">
         <name>___data__</name>
         <value>0xc0</value>
      </symbol>
      <symbol id="sm-13">
         <name>edata</name>
         <value>0xc0</value>
      </symbol>
      <symbol id="sm-14">
         <name>___edata__</name>
         <value>0xc0</value>
      </symbol>
      <symbol id="sm-15">
         <name>.bss</name>
         <value>0x30c0</value>
      </symbol>
      <symbol id="sm-16">
         <name>___bss__</name>
         <value>0x30c0</value>
      </symbol>
      <symbol id="sm-17">
         <name>end</name>
         <value>0x394c</value>
      </symbol>
      <symbol id="sm-18">
         <name>___end__</name>
         <value>0x394c</value>
      </symbol>
      <symbol id="sm-73">
         <name>_main</name>
         <value>0x10064</value>
         <object_component_ref idref="oc-17"/>
      </symbol>
      <symbol id="sm-74">
         <name>_coef</name>
         <value>0x3328</value>
         <object_component_ref idref="oc-18"/>
      </symbol>
      <symbol id="sm-75">
         <name>_bufferH</name>
         <value>0x30c0</value>
         <object_component_ref idref="oc-18"/>
      </symbol>
      <symbol id="sm-76">
         <name>_bufferL</name>
         <value>0x325c</value>
         <object_component_ref idref="oc-18"/>
      </symbol>
      <symbol id="sm-77">
         <name>_outBuffer</name>
         <value>0x20000</value>
         <object_component_ref idref="oc-1c"/>
      </symbol>
      <symbol id="sm-78">
         <name>_Temp</name>
         <value>0x3738</value>
         <object_component_ref idref="oc-18"/>
      </symbol>
      <symbol id="sm-79">
         <name>_BHigh</name>
         <value>0x3806</value>
         <object_component_ref idref="oc-18"/>
      </symbol>
      <symbol id="sm-7a">
         <name>_BLow</name>
         <value>0x38d4</value>
         <object_component_ref idref="oc-18"/>
      </symbol>
      <symbol id="sm-7b">
         <name>_queueH</name>
         <value>0x10000</value>
         <object_component_ref idref="oc-17"/>
      </symbol>
      <symbol id="sm-7c">
         <name>_queueL</name>
         <value>0x10032</value>
         <object_component_ref idref="oc-17"/>
      </symbol>
      <symbol id="sm-7d">
         <name>_BL</name>
         <value>0x3ade</value>
         <object_component_ref idref="oc-1d"/>
      </symbol>
      <symbol id="sm-7e">
         <name>_inBuffer</name>
         <value>0x40000</value>
         <object_component_ref idref="oc-1b"/>
      </symbol>
      <symbol id="sm-7f">
         <name>_k</name>
         <value>0x332c</value>
         <object_component_ref idref="oc-18"/>
      </symbol>
      <symbol id="sm-80">
         <name>_j</name>
         <value>0x332e</value>
         <object_component_ref idref="oc-18"/>
      </symbol>
      <symbol id="sm-81">
         <name>_i</name>
         <value>0x3330</value>
         <object_component_ref idref="oc-18"/>
      </symbol>
      <symbol id="sm-82">
         <name>_a</name>
         <value>0x332a</value>
         <object_component_ref idref="oc-18"/>
      </symbol>
      <symbol id="sm-83">
         <name>_S</name>
         <value>0x3332</value>
         <object_component_ref idref="oc-18"/>
      </symbol>
      <symbol id="sm-84">
         <name>_L</name>
         <value>0x366a</value>
         <object_component_ref idref="oc-18"/>
      </symbol>
      <symbol id="sm-85">
         <name>_C</name>
         <value>0x359c</value>
         <object_component_ref idref="oc-18"/>
      </symbol>
      <symbol id="sm-86">
         <name>_B</name>
         <value>0x34ce</value>
         <object_component_ref idref="oc-18"/>
      </symbol>
      <symbol id="sm-87">
         <name>_A</name>
         <value>0x3400</value>
         <object_component_ref idref="oc-18"/>
      </symbol>
      <symbol id="sm-93">
         <name>__sysstack</name>
         <value>0x20c0</value>
         <object_component_ref idref="oc-42"/>
      </symbol>
      <symbol id="sm-94">
         <name>_c_int00</name>
         <value>0x102e2</value>
         <object_component_ref idref="oc-15"/>
      </symbol>
      <symbol id="sm-95">
         <name>__stack</name>
         <value>0xc0</value>
         <object_component_ref idref="oc-21"/>
      </symbol>
      <symbol id="sm-a5">
         <name>C$$EXIT</name>
         <value>0x10329</value>
         <object_component_ref idref="oc-29"/>
      </symbol>
      <symbol id="sm-a6">
         <name>_exit</name>
         <value>0x10268</value>
         <object_component_ref idref="oc-25"/>
      </symbol>
      <symbol id="sm-a7">
         <name>_abort</name>
         <value>0x10328</value>
         <object_component_ref idref="oc-29"/>
      </symbol>
      <symbol id="sm-a8">
         <name>__cleanup_ptr</name>
         <value>0x3944</value>
         <object_component_ref idref="oc-26"/>
      </symbol>
      <symbol id="sm-a9">
         <name>__dtors_ptr</name>
         <value>0x3948</value>
         <object_component_ref idref="oc-26"/>
      </symbol>
      <symbol id="sm-b1">
         <name>__remi</name>
         <value>0x102c5</value>
         <object_component_ref idref="oc-2c"/>
      </symbol>
      <symbol id="sm-b2">
         <name>__divi</name>
         <value>0x102a6</value>
         <object_component_ref idref="oc-2c"/>
      </symbol>
      <symbol id="sm-b3">
         <name>I$$MOD</name>
         <value>0x102c5</value>
         <object_component_ref idref="oc-2c"/>
      </symbol>
      <symbol id="sm-b4">
         <name>I$$DIV</name>
         <value>0x102a6</value>
         <object_component_ref idref="oc-2c"/>
      </symbol>
      <symbol id="sm-be">
         <name>_Reset</name>
         <value>0xffff00</value>
         <object_component_ref idref="oc-16"/>
      </symbol>
      <symbol id="sm-cc">
         <name>__unlock</name>
         <value>0x3940</value>
         <object_component_ref idref="oc-35"/>
      </symbol>
      <symbol id="sm-cd">
         <name>__lock</name>
         <value>0x393c</value>
         <object_component_ref idref="oc-35"/>
      </symbol>
      <symbol id="sm-ce">
         <name>__register_lock</name>
         <value>0x1031e</value>
         <object_component_ref idref="oc-34"/>
      </symbol>
      <symbol id="sm-cf">
         <name>__nop</name>
         <value>0x10326</value>
         <object_component_ref idref="oc-34"/>
      </symbol>
      <symbol id="sm-d0">
         <name>__register_unlock</name>
         <value>0x10316</value>
         <object_component_ref idref="oc-34"/>
      </symbol>
      <symbol id="sm-da">
         <name>__args_main</name>
         <value>0x1021d</value>
         <object_component_ref idref="oc-3a"/>
      </symbol>
      <symbol id="sm-db">
         <name>__TI_args_main</name>
         <value>0x1</value>
      </symbol>
      <symbol id="sm-e3">
         <name>_auto_init</name>
         <value>0x101d0</value>
         <object_component_ref idref="oc-3e"/>
      </symbol>
   </symbol_table>
</link_info>
